162.221.222.241 - - [03/May/2020:06:57:49 +0000] "GET / HTTP/1.1" 200 24654 "-" "Mozilla/5.0 (Macintosh; Intel Mac OS X 10_15_4) AppleWebKit/537.36 (KHTML, like Gecko) Chrome/81.0.4044.129 Safari/537.36"
162.221.222.241 - - [03/May/2020:06:57:52 +0000] "GET / HTTP/1.1" 200 24654 "-" "Mozilla/5.0 (Macintosh; Intel Mac OS X 10_15_4) AppleWebKit/537.36 (KHTML, like Gecko) Chrome/81.0.4044.129 Safari/537.36"
103.134.24.227 - - [03/May/2020:07:04:20 +0000] "GET /backoffice/dashboard HTTP/1.1" 500 1274 "http://partners.thribby.com/backoffice/home/" "Mozilla/5.0 (Windows NT 6.1; Win64; x64) AppleWebKit/537.36 (KHTML, like Gecko) Chrome/81.0.4044.129 Safari/537.36"
103.134.24.227 - - [03/May/2020:07:15:18 +0000] "GET /backoffice/dashboard HTTP/1.1" 500 - "http://partners.thribby.com/backoffice/home/" "Mozilla/5.0 (Windows NT 6.1; Win64; x64) AppleWebKit/537.36 (KHTML, like Gecko) Chrome/81.0.4044.129 Safari/537.36"
103.134.24.227 - - [03/May/2020:07:15:40 +0000] "GET /backoffice/dashboard HTTP/1.1" 500 - "http://partners.thribby.com/backoffice/home/" "Mozilla/5.0 (Windows NT 6.1; Win64; x64) AppleWebKit/537.36 (KHTML, like Gecko) Chrome/81.0.4044.129 Safari/537.36"
103.134.24.227 - - [03/May/2020:07:15:56 +0000] "GET /backoffice/dashboard HTTP/1.1" 500 1274 "http://partners.thribby.com/backoffice/home/" "Mozilla/5.0 (Windows NT 6.1; Win64; x64) AppleWebKit/537.36 (KHTML, like Gecko) Chrome/81.0.4044.129 Safari/537.36"
103.134.24.227 - - [03/May/2020:07:29:04 +0000] "GET /backoffice/dashboard HTTP/1.1" 500 1274 "http://partners.thribby.com/backoffice/home/" "Mozilla/5.0 (Windows NT 6.1; Win64; x64) AppleWebKit/537.36 (KHTML, like Gecko) Chrome/81.0.4044.129 Safari/537.36"
103.134.24.227 - - [03/May/2020:07:29:55 +0000] "-" 408 - "-" "-"
103.134.24.227 - - [03/May/2020:07:29:56 +0000] "-" 408 - "-" "-"
172.90.6.182 - - [03/May/2020:07:35:10 +0000] "GET / HTTP/1.1" 200 24375 "-" "Mozilla/5.0 (Macintosh; Intel Mac OS X 10_14_6) AppleWebKit/537.36 (KHTML, like Gecko) Chrome/81.0.4044.129 Safari/537.36"
172.90.6.182 - - [03/May/2020:07:35:11 +0000] "GET /assets/front/images/contact-icons.png HTTP/1.1" 200 5543387 "http://3.14.10.249/assets/front/css/style.css" "Mozilla/5.0 (Macintosh; Intel Mac OS X 10_14_6) AppleWebKit/537.36 (KHTML, like Gecko) Chrome/81.0.4044.129 Safari/537.36"
172.90.6.182 - - [03/May/2020:07:35:18 +0000] "GET /index.php HTTP/1.1" 200 24375 "-" "Mozilla/5.0 (Macintosh; Intel Mac OS X 10_14_6) AppleWebKit/537.36 (KHTML, like Gecko) Chrome/81.0.4044.129 Safari/537.36"
172.90.6.182 - - [03/May/2020:07:35:20 +0000] "GET /index.php HTTP/1.1" 200 24375 "-" "Mozilla/5.0 (Macintosh; Intel Mac OS X 10_14_6) AppleWebKit/537.36 (KHTML, like Gecko) Chrome/81.0.4044.129 Safari/537.36"
172.90.6.182 - - [03/May/2020:07:35:23 +0000] "GET /index.php/backoffice/home/ HTTP/1.1" 200 4271 "-" "Mozilla/5.0 (Macintosh; Intel Mac OS X 10_14_6) AppleWebKit/537.36 (KHTML, like Gecko) Chrome/81.0.4044.129 Safari/537.36"
172.90.6.182 - - [03/May/2020:07:35:23 +0000] "GET /assets/admin/plugins/font-awesome/css/font-awesome.min.css HTTP/1.1" 200 31000 "http://3.14.10.249/index.php/backoffice/home/" "Mozilla/5.0 (Macintosh; Intel Mac OS X 10_14_6) AppleWebKit/537.36 (KHTML, like Gecko) Chrome/81.0.4044.129 Safari/537.36"
172.90.6.182 - - [03/May/2020:07:35:24 +0000] "GET /assets/admin/css/login.css HTTP/1.1" 200 3480 "http://3.14.10.249/index.php/backoffice/home/" "Mozilla/5.0 (Macintosh; Intel Mac OS X 10_14_6) AppleWebKit/537.36 (KHTML, like Gecko) Chrome/81.0.4044.129 Safari/537.36"
172.90.6.182 - - [03/May/2020:07:35:24 +0000] "GET /assets/admin/layout/css/custom.css HTTP/1.1" 200 19979 "http://3.14.10.249/index.php/backoffice/home/" "Mozilla/5.0 (Macintosh; Intel Mac OS X 10_14_6) AppleWebKit/537.36 (KHTML, like Gecko) Chrome/81.0.4044.129 Safari/537.36"
172.90.6.182 - - [03/May/2020:07:35:24 +0000] "GET /assets/admin/plugins/bootstrap/js/bootstrap.min.js HTTP/1.1" 200 29110 "http://3.14.10.249/index.php/backoffice/home/" "Mozilla/5.0 (Macintosh; Intel Mac OS X 10_14_6) AppleWebKit/537.36 (KHTML, like Gecko) Chrome/81.0.4044.129 Safari/537.36"
172.90.6.182 - - [03/May/2020:07:35:24 +0000] "GET /assets/admin/plugins/jquery-validation/js/jquery.validate.min.js HTTP/1.1" 200 20806 "http://3.14.10.249/index.php/backoffice/home/" "Mozilla/5.0 (Macintosh; Intel Mac OS X 10_14_6) AppleWebKit/537.36 (KHTML, like Gecko) Chrome/81.0.4044.129 Safari/537.36"
172.90.6.182 - - [03/May/2020:07:35:24 +0000] "GET /assets/admin/plugins/bootstrap/css/bootstrap.min.css HTTP/1.1" 200 99961 "http://3.14.10.249/index.php/backoffice/home/" "Mozilla/5.0 (Macintosh; Intel Mac OS X 10_14_6) AppleWebKit/537.36 (KHTML, like Gecko) Chrome/81.0.4044.129 Safari/537.36"
172.90.6.182 - - [03/May/2020:07:35:24 +0000] "GET /assets/admin/pages/scripts/admin-login-forgot-validation.js HTTP/1.1" 200 1445 "http://3.14.10.249/index.php/backoffice/home/" "Mozilla/5.0 (Macintosh; Intel Mac OS X 10_14_6) AppleWebKit/537.36 (KHTML, like Gecko) Chrome/81.0.4044.129 Safari/537.36"
172.90.6.182 - - [03/May/2020:07:35:24 +0000] "GET /assets/admin/img/logo.png HTTP/1.1" 200 14276 "http://3.14.10.249/index.php/backoffice/home/" "Mozilla/5.0 (Macintosh; Intel Mac OS X 10_14_6) AppleWebKit/537.36 (KHTML, like Gecko) Chrome/81.0.4044.129 Safari/537.36"
172.90.6.182 - - [03/May/2020:07:35:24 +0000] "GET /assets/admin/plugins/jquery-1.11.0.min.js HTTP/1.1" 200 96383 "http://3.14.10.249/index.php/backoffice/home/" "Mozilla/5.0 (Macintosh; Intel Mac OS X 10_14_6) AppleWebKit/537.36 (KHTML, like Gecko) Chrome/81.0.4044.129 Safari/537.36"
172.90.6.182 - - [03/May/2020:07:35:24 +0000] "GET /assets/admin/css/components.css HTTP/1.1" 200 213737 "http://3.14.10.249/index.php/backoffice/home/" "Mozilla/5.0 (Macintosh; Intel Mac OS X 10_14_6) AppleWebKit/537.36 (KHTML, like Gecko) Chrome/81.0.4044.129 Safari/537.36"
172.90.6.182 - - [03/May/2020:07:35:24 +0000] "GET /assets/admin/plugins/font-awesome/fonts/fontawesome-webfont.woff2?v=4.7.0 HTTP/1.1" 200 77160 "http://3.14.10.249/assets/admin/plugins/font-awesome/css/font-awesome.min.css" "Mozilla/5.0 (Macintosh; Intel Mac OS X 10_14_6) AppleWebKit/537.36 (KHTML, like Gecko) Chrome/81.0.4044.129 Safari/537.36"
172.90.6.182 - - [03/May/2020:07:35:24 +0000] "GET /assets/admin/img/bg-login.png HTTP/1.1" 200 790271 "http://3.14.10.249/assets/admin/css/components.css" "Mozilla/5.0 (Macintosh; Intel Mac OS X 10_14_6) AppleWebKit/537.36 (KHTML, like Gecko) Chrome/81.0.4044.129 Safari/537.36"
::1 - - [03/May/2020:07:35:31 +0000] "OPTIONS * HTTP/1.0" 200 - "-" "Apache/2.4.41 (Amazon) PHP/5.6.40 (internal dummy connection)"
162.221.222.241 - - [03/May/2020:07:39:46 +0000] "GET /index.php/backoffice/home/ HTTP/1.1" 200 4271 "-" "Mozilla/5.0 (Macintosh; Intel Mac OS X 10_15_4) AppleWebKit/537.36 (KHTML, like Gecko) Chrome/81.0.4044.129 Safari/537.36"
162.221.222.241 - - [03/May/2020:07:39:46 +0000] "GET /assets/admin/css/login.css HTTP/1.1" 304 - "http://3.14.10.249/index.php/backoffice/home/" "Mozilla/5.0 (Macintosh; Intel Mac OS X 10_15_4) AppleWebKit/537.36 (KHTML, like Gecko) Chrome/81.0.4044.129 Safari/537.36"
162.221.222.241 - - [03/May/2020:07:39:46 +0000] "GET /assets/admin/img/logo.png HTTP/1.1" 304 - "http://3.14.10.249/index.php/backoffice/home/" "Mozilla/5.0 (Macintosh; Intel Mac OS X 10_15_4) AppleWebKit/537.36 (KHTML, like Gecko) Chrome/81.0.4044.129 Safari/537.36"
162.221.222.241 - - [03/May/2020:07:39:46 +0000] "GET /assets/admin/plugins/font-awesome/css/font-awesome.min.css HTTP/1.1" 304 - "http://3.14.10.249/index.php/backoffice/home/" "Mozilla/5.0 (Macintosh; Intel Mac OS X 10_15_4) AppleWebKit/537.36 (KHTML, like Gecko) Chrome/81.0.4044.129 Safari/537.36"
162.221.222.241 - - [03/May/2020:07:39:46 +0000] "GET /assets/admin/plugins/bootstrap/css/bootstrap.min.css HTTP/1.1" 200 99961 "http://3.14.10.249/index.php/backoffice/home/" "Mozilla/5.0 (Macintosh; Intel Mac OS X 10_15_4) AppleWebKit/537.36 (KHTML, like Gecko) Chrome/81.0.4044.129 Safari/537.36"
162.221.222.241 - - [03/May/2020:07:39:46 +0000] "GET /assets/admin/plugins/bootstrap/js/bootstrap.min.js HTTP/1.1" 304 - "http://3.14.10.249/index.php/backoffice/home/" "Mozilla/5.0 (Macintosh; Intel Mac OS X 10_15_4) AppleWebKit/537.36 (KHTML, like Gecko) Chrome/81.0.4044.129 Safari/537.36"
162.221.222.241 - - [03/May/2020:07:39:46 +0000] "GET /assets/admin/plugins/jquery-validation/js/jquery.validate.min.js HTTP/1.1" 304 - "http://3.14.10.249/index.php/backoffice/home/" "Mozilla/5.0 (Macintosh; Intel Mac OS X 10_15_4) AppleWebKit/537.36 (KHTML, like Gecko) Chrome/81.0.4044.129 Safari/537.36"
162.221.222.241 - - [03/May/2020:07:39:46 +0000] "GET /assets/admin/css/components.css HTTP/1.1" 200 213737 "http://3.14.10.249/index.php/backoffice/home/" "Mozilla/5.0 (Macintosh; Intel Mac OS X 10_15_4) AppleWebKit/537.36 (KHTML, like Gecko) Chrome/81.0.4044.129 Safari/537.36"
162.221.222.241 - - [03/May/2020:07:39:46 +0000] "GET /assets/admin/pages/scripts/admin-login-forgot-validation.js HTTP/1.1" 304 - "http://3.14.10.249/index.php/backoffice/home/" "Mozilla/5.0 (Macintosh; Intel Mac OS X 10_15_4) AppleWebKit/537.36 (KHTML, like Gecko) Chrome/81.0.4044.129 Safari/537.36"
162.221.222.241 - - [03/May/2020:07:39:46 +0000] "GET /assets/admin/plugins/jquery-1.11.0.min.js HTTP/1.1" 200 96383 "http://3.14.10.249/index.php/backoffice/home/" "Mozilla/5.0 (Macintosh; Intel Mac OS X 10_15_4) AppleWebKit/537.36 (KHTML, like Gecko) Chrome/81.0.4044.129 Safari/537.36"
162.221.222.241 - - [03/May/2020:07:39:47 +0000] "GET /assets/admin/layout/css/custom.css HTTP/1.1" 304 - "http://3.14.10.249/index.php/backoffice/home/" "Mozilla/5.0 (Macintosh; Intel Mac OS X 10_15_4) AppleWebKit/537.36 (KHTML, like Gecko) Chrome/81.0.4044.129 Safari/537.36"
162.221.222.241 - - [03/May/2020:07:39:49 +0000] "GET /index.php/backoffice/home/ HTTP/1.1" 200 4271 "-" "Mozilla/5.0 (Macintosh; Intel Mac OS X 10_15_4) AppleWebKit/537.36 (KHTML, like Gecko) Chrome/81.0.4044.129 Safari/537.36"
162.221.222.241 - - [03/May/2020:07:39:50 +0000] "GET /assets/admin/plugins/font-awesome/fonts/fontawesome-webfont.woff2?v=4.7.0 HTTP/1.1" 200 77160 "http://3.14.10.249/assets/admin/plugins/font-awesome/css/font-awesome.min.css" "Mozilla/5.0 (Macintosh; Intel Mac OS X 10_15_4) AppleWebKit/537.36 (KHTML, like Gecko) Chrome/81.0.4044.129 Safari/537.36"
162.221.222.241 - - [03/May/2020:07:39:50 +0000] "GET /assets/admin/img/bg-login.png HTTP/1.1" 200 790271 "http://3.14.10.249/assets/admin/css/components.css" "Mozilla/5.0 (Macintosh; Intel Mac OS X 10_15_4) AppleWebKit/537.36 (KHTML, like Gecko) Chrome/81.0.4044.129 Safari/537.36"
::1 - - [03/May/2020:07:39:57 +0000] "OPTIONS * HTTP/1.0" 200 - "-" "Apache/2.4.41 (Amazon) PHP/5.6.40 (internal dummy connection)"
::1 - - [03/May/2020:07:39:58 +0000] "OPTIONS * HTTP/1.0" 200 - "-" "Apache/2.4.41 (Amazon) PHP/5.6.40 (internal dummy connection)"
162.221.222.241 - - [03/May/2020:07:40:05 +0000] "POST /backoffice/home/do_login HTTP/1.1" 200 4382 "http://3.14.10.249/index.php/backoffice/home/" "Mozilla/5.0 (Macintosh; Intel Mac OS X 10_15_4) AppleWebKit/537.36 (KHTML, like Gecko) Chrome/81.0.4044.129 Safari/537.36"
162.221.222.241 - - [03/May/2020:07:40:27 +0000] "POST /backoffice/home/do_login HTTP/1.1" 303 - "http://3.14.10.249/backoffice/home/do_login" "Mozilla/5.0 (Macintosh; Intel Mac OS X 10_15_4) AppleWebKit/537.36 (KHTML, like Gecko) Chrome/81.0.4044.129 Safari/537.36"
162.221.222.241 - - [03/May/2020:07:40:27 +0000] "GET /backoffice/dashboard HTTP/1.1" 200 26541 "http://3.14.10.249/backoffice/home/do_login" "Mozilla/5.0 (Macintosh; Intel Mac OS X 10_15_4) AppleWebKit/537.36 (KHTML, like Gecko) Chrome/81.0.4044.129 Safari/537.36"
162.221.222.241 - - [03/May/2020:07:40:27 +0000] "GET /assets/admin/plugins/uniform/css/uniform.default.css HTTP/1.1" 200 10851 "http://3.14.10.249/backoffice/dashboard" "Mozilla/5.0 (Macintosh; Intel Mac OS X 10_15_4) AppleWebKit/537.36 (KHTML, like Gecko) Chrome/81.0.4044.129 Safari/537.36"
162.221.222.241 - - [03/May/2020:07:40:27 +0000] "GET /assets/admin/css/plugins.css HTTP/1.1" 200 37427 "http://3.14.10.249/backoffice/dashboard" "Mozilla/5.0 (Macintosh; Intel Mac OS X 10_15_4) AppleWebKit/537.36 (KHTML, like Gecko) Chrome/81.0.4044.129 Safari/537.36"
162.221.222.241 - - [03/May/2020:07:40:27 +0000] "GET /assets/admin/css/layout.css HTTP/1.1" 200 54500 "http://3.14.10.249/backoffice/dashboard" "Mozilla/5.0 (Macintosh; Intel Mac OS X 10_15_4) AppleWebKit/537.36 (KHTML, like Gecko) Chrome/81.0.4044.129 Safari/537.36"
162.221.222.241 - - [03/May/2020:07:40:27 +0000] "GET /assets/admin/css/default.css HTTP/1.1" 200 23868 "http://3.14.10.249/backoffice/dashboard" "Mozilla/5.0 (Macintosh; Intel Mac OS X 10_15_4) AppleWebKit/537.36 (KHTML, like Gecko) Chrome/81.0.4044.129 Safari/537.36"
162.221.222.241 - - [03/May/2020:07:40:27 +0000] "GET /assets/admin/plugins/jquery-migrate-1.2.1.min.js HTTP/1.1" 200 7200 "http://3.14.10.249/backoffice/dashboard" "Mozilla/5.0 (Macintosh; Intel Mac OS X 10_15_4) AppleWebKit/537.36 (KHTML, like Gecko) Chrome/81.0.4044.129 Safari/537.36"
162.221.222.241 - - [03/May/2020:07:40:27 +0000] "GET /assets/admin/plugins/bootstrap-hover-dropdown/bootstrap-hover-dropdown.min.js HTTP/1.1" 200 1539 "http://3.14.10.249/backoffice/dashboard" "Mozilla/5.0 (Macintosh; Intel Mac OS X 10_15_4) AppleWebKit/537.36 (KHTML, like Gecko) Chrome/81.0.4044.129 Safari/537.36"
162.221.222.241 - - [03/May/2020:07:40:27 +0000] "GET /assets/admin/plugins/jquery-slimscroll/jquery.slimscroll.min.js HTTP/1.1" 200 4659 "http://3.14.10.249/backoffice/dashboard" "Mozilla/5.0 (Macintosh; Intel Mac OS X 10_15_4) AppleWebKit/537.36 (KHTML, like Gecko) Chrome/81.0.4044.129 Safari/537.36"
162.221.222.241 - - [03/May/2020:07:40:27 +0000] "GET /assets/admin/plugins/jquery.blockui.min.js HTTP/1.1" 200 9544 "http://3.14.10.249/backoffice/dashboard" "Mozilla/5.0 (Macintosh; Intel Mac OS X 10_15_4) AppleWebKit/537.36 (KHTML, like Gecko) Chrome/81.0.4044.129 Safari/537.36"
162.221.222.241 - - [03/May/2020:07:40:27 +0000] "GET /assets/admin/plugins/jquery.cokie.min.js HTTP/1.1" 200 1392 "http://3.14.10.249/backoffice/dashboard" "Mozilla/5.0 (Macintosh; Intel Mac OS X 10_15_4) AppleWebKit/537.36 (KHTML, like Gecko) Chrome/81.0.4044.129 Safari/537.36"
162.221.222.241 - - [03/May/2020:07:40:27 +0000] "GET /assets/admin/plugins/uniform/jquery.uniform.min.js HTTP/1.1" 200 8308 "http://3.14.10.249/backoffice/dashboard" "Mozilla/5.0 (Macintosh; Intel Mac OS X 10_15_4) AppleWebKit/537.36 (KHTML, like Gecko) Chrome/81.0.4044.129 Safari/537.36"
162.221.222.241 - - [03/May/2020:07:40:27 +0000] "GET /assets/admin/plugins/bootbox/bootbox.min.js HTTP/1.1" 200 8418 "http://3.14.10.249/backoffice/dashboard" "Mozilla/5.0 (Macintosh; Intel Mac OS X 10_15_4) AppleWebKit/537.36 (KHTML, like Gecko) Chrome/81.0.4044.129 Safari/537.36"
162.221.222.241 - - [03/May/2020:07:40:27 +0000] "GET /assets/admin/plugins/multiselect/sumoselect.min.css HTTP/1.1" 200 7406 "http://3.14.10.249/backoffice/dashboard" "Mozilla/5.0 (Macintosh; Intel Mac OS X 10_15_4) AppleWebKit/537.36 (KHTML, like Gecko) Chrome/81.0.4044.129 Safari/537.36"
162.221.222.241 - - [03/May/2020:07:40:27 +0000] "GET /assets/admin/plugins/jquery-validation/js/jquery.validate.js HTTP/1.1" 200 39864 "http://3.14.10.249/backoffice/dashboard" "Mozilla/5.0 (Macintosh; Intel Mac OS X 10_15_4) AppleWebKit/537.36 (KHTML, like Gecko) Chrome/81.0.4044.129 Safari/537.36"
162.221.222.241 - - [03/May/2020:07:40:27 +0000] "GET /assets/admin/scripts/metronic.js HTTP/1.1" 200 23870 "http://3.14.10.249/backoffice/dashboard" "Mozilla/5.0 (Macintosh; Intel Mac OS X 10_15_4) AppleWebKit/537.36 (KHTML, like Gecko) Chrome/81.0.4044.129 Safari/537.36"
162.221.222.241 - - [03/May/2020:07:40:27 +0000] "GET /assets/admin/plugins/jquery-validation/js/additional-methods.min.js HTTP/1.1" 200 14975 "http://3.14.10.249/backoffice/dashboard" "Mozilla/5.0 (Macintosh; Intel Mac OS X 10_15_4) AppleWebKit/537.36 (KHTML, like Gecko) Chrome/81.0.4044.129 Safari/537.36"
162.221.222.241 - - [03/May/2020:07:40:27 +0000] "GET /assets/admin/scripts/layout.js HTTP/1.1" 200 24498 "http://3.14.10.249/backoffice/dashboard" "Mozilla/5.0 (Macintosh; Intel Mac OS X 10_15_4) AppleWebKit/537.36 (KHTML, like Gecko) Chrome/81.0.4044.129 Safari/537.36"
162.221.222.241 - - [03/May/2020:07:40:27 +0000] "GET /assets/admin/plugins/multiselect/jquery.sumoselect.min.js HTTP/1.1" 200 12514 "http://3.14.10.249/backoffice/dashboard" "Mozilla/5.0 (Macintosh; Intel Mac OS X 10_15_4) AppleWebKit/537.36 (KHTML, like Gecko) Chrome/81.0.4044.129 Safari/537.36"
162.221.222.241 - - [03/May/2020:07:40:27 +0000] "GET /assets/admin/scripts/index.js HTTP/1.1" 200 30559 "http://3.14.10.249/backoffice/dashboard" "Mozilla/5.0 (Macintosh; Intel Mac OS X 10_15_4) AppleWebKit/537.36 (KHTML, like Gecko) Chrome/81.0.4044.129 Safari/537.36"
162.221.222.241 - - [03/May/2020:07:40:27 +0000] "GET /assets/admin/pages/scripts/admin-management.js HTTP/1.1" 200 12853 "http://3.14.10.249/backoffice/dashboard" "Mozilla/5.0 (Macintosh; Intel Mac OS X 10_15_4) AppleWebKit/537.36 (KHTML, like Gecko) Chrome/81.0.4044.129 Safari/537.36"
162.221.222.241 - - [03/May/2020:07:40:27 +0000] "GET /assets/admin/img/sidebar_toggler_icon_default.png HTTP/1.1" 200 135 "http://3.14.10.249/assets/admin/css/default.css" "Mozilla/5.0 (Macintosh; Intel Mac OS X 10_15_4) AppleWebKit/537.36 (KHTML, like Gecko) Chrome/81.0.4044.129 Safari/537.36"
162.221.222.241 - - [03/May/2020:07:40:27 +0000] "GET /assets/admin/img/sidebar-menu-arrow.png HTTP/1.1" 200 243 "http://3.14.10.249/assets/admin/css/default.css" "Mozilla/5.0 (Macintosh; Intel Mac OS X 10_15_4) AppleWebKit/537.36 (KHTML, like Gecko) Chrome/81.0.4044.129 Safari/537.36"
162.221.222.241 - - [03/May/2020:07:40:27 +0000] "GET /assets/admin/img/sidebar_inline_toggler_icon_grey.png HTTP/1.1" 200 1141 "http://3.14.10.249/assets/admin/css/default.css" "Mozilla/5.0 (Macintosh; Intel Mac OS X 10_15_4) AppleWebKit/537.36 (KHTML, like Gecko) Chrome/81.0.4044.129 Safari/537.36"
162.221.222.241 - - [03/May/2020:07:40:27 +0000] "GET /assets/admin/img/syncfusion-icons-white.png HTTP/1.1" 404 1130 "http://3.14.10.249/assets/admin/css/components.css" "Mozilla/5.0 (Macintosh; Intel Mac OS X 10_15_4) AppleWebKit/537.36 (KHTML, like Gecko) Chrome/81.0.4044.129 Safari/537.36"
::1 - - [03/May/2020:07:40:35 +0000] "OPTIONS * HTTP/1.0" 200 - "-" "Apache/2.4.41 (Amazon) PHP/5.6.40 (internal dummy connection)"
162.221.222.241 - - [03/May/2020:07:40:37 +0000] "POST /backoffice/dashboard/ajaxNotification HTTP/1.1" 200 4 "http://3.14.10.249/backoffice/dashboard" "Mozilla/5.0 (Macintosh; Intel Mac OS X 10_15_4) AppleWebKit/537.36 (KHTML, like Gecko) Chrome/81.0.4044.129 Safari/537.36"
162.221.222.241 - - [03/May/2020:07:40:47 +0000] "POST /backoffice/dashboard/ajaxNotification HTTP/1.1" 200 4 "http://3.14.10.249/backoffice/dashboard" "Mozilla/5.0 (Macintosh; Intel Mac OS X 10_15_4) AppleWebKit/537.36 (KHTML, like Gecko) Chrome/81.0.4044.129 Safari/537.36"
162.221.222.241 - - [03/May/2020:07:40:57 +0000] "POST /backoffice/dashboard/ajaxNotification HTTP/1.1" 200 4 "http://3.14.10.249/backoffice/dashboard" "Mozilla/5.0 (Macintosh; Intel Mac OS X 10_15_4) AppleWebKit/537.36 (KHTML, like Gecko) Chrome/81.0.4044.129 Safari/537.36"
162.221.222.241 - - [03/May/2020:07:41:07 +0000] "POST /backoffice/dashboard/ajaxNotification HTTP/1.1" 200 4 "http://3.14.10.249/backoffice/dashboard" "Mozilla/5.0 (Macintosh; Intel Mac OS X 10_15_4) AppleWebKit/537.36 (KHTML, like Gecko) Chrome/81.0.4044.129 Safari/537.36"
162.221.222.241 - - [03/May/2020:07:41:17 +0000] "POST /backoffice/dashboard/ajaxNotification HTTP/1.1" 200 4 "http://3.14.10.249/backoffice/dashboard" "Mozilla/5.0 (Macintosh; Intel Mac OS X 10_15_4) AppleWebKit/537.36 (KHTML, like Gecko) Chrome/81.0.4044.129 Safari/537.36"
162.221.222.241 - - [03/May/2020:07:41:27 +0000] "POST /backoffice/dashboard/ajaxNotification HTTP/1.1" 200 4 "http://3.14.10.249/backoffice/dashboard" "Mozilla/5.0 (Macintosh; Intel Mac OS X 10_15_4) AppleWebKit/537.36 (KHTML, like Gecko) Chrome/81.0.4044.129 Safari/537.36"
162.221.222.241 - - [03/May/2020:07:41:37 +0000] "POST /backoffice/dashboard/ajaxNotification HTTP/1.1" 200 4 "http://3.14.10.249/backoffice/dashboard" "Mozilla/5.0 (Macintosh; Intel Mac OS X 10_15_4) AppleWebKit/537.36 (KHTML, like Gecko) Chrome/81.0.4044.129 Safari/537.36"
162.221.222.241 - - [03/May/2020:07:41:47 +0000] "POST /backoffice/dashboard/ajaxNotification HTTP/1.1" 200 4 "http://3.14.10.249/backoffice/dashboard" "Mozilla/5.0 (Macintosh; Intel Mac OS X 10_15_4) AppleWebKit/537.36 (KHTML, like Gecko) Chrome/81.0.4044.129 Safari/537.36"
162.221.222.241 - - [03/May/2020:07:41:57 +0000] "POST /backoffice/dashboard/ajaxNotification HTTP/1.1" 200 4 "http://3.14.10.249/backoffice/dashboard" "Mozilla/5.0 (Macintosh; Intel Mac OS X 10_15_4) AppleWebKit/537.36 (KHTML, like Gecko) Chrome/81.0.4044.129 Safari/537.36"
162.221.222.241 - - [03/May/2020:07:42:07 +0000] "POST /backoffice/dashboard/ajaxNotification HTTP/1.1" 200 4 "http://3.14.10.249/backoffice/dashboard" "Mozilla/5.0 (Macintosh; Intel Mac OS X 10_15_4) AppleWebKit/537.36 (KHTML, like Gecko) Chrome/81.0.4044.129 Safari/537.36"
162.221.222.241 - - [03/May/2020:07:42:49 +0000] "POST /backoffice/dashboard/ajaxNotification HTTP/1.1" 200 4 "http://3.14.10.249/backoffice/dashboard" "Mozilla/5.0 (Macintosh; Intel Mac OS X 10_15_4) AppleWebKit/537.36 (KHTML, like Gecko) Chrome/81.0.4044.129 Safari/537.36"
162.221.222.241 - - [03/May/2020:07:42:58 +0000] "POST /backoffice/dashboard/ajaxNotification HTTP/1.1" 200 4 "http://3.14.10.249/backoffice/dashboard" "Mozilla/5.0 (Macintosh; Intel Mac OS X 10_15_4) AppleWebKit/537.36 (KHTML, like Gecko) Chrome/81.0.4044.129 Safari/537.36"
162.221.222.241 - - [03/May/2020:07:43:07 +0000] "POST /backoffice/dashboard/ajaxNotification HTTP/1.1" 200 4 "http://3.14.10.249/backoffice/dashboard" "Mozilla/5.0 (Macintosh; Intel Mac OS X 10_15_4) AppleWebKit/537.36 (KHTML, like Gecko) Chrome/81.0.4044.129 Safari/537.36"
162.221.222.241 - - [03/May/2020:07:43:18 +0000] "POST /backoffice/dashboard/ajaxNotification HTTP/1.1" 200 4 "http://3.14.10.249/backoffice/dashboard" "Mozilla/5.0 (Macintosh; Intel Mac OS X 10_15_4) AppleWebKit/537.36 (KHTML, like Gecko) Chrome/81.0.4044.129 Safari/537.36"
162.221.222.241 - - [03/May/2020:07:43:27 +0000] "POST /backoffice/dashboard/ajaxNotification HTTP/1.1" 200 4 "http://3.14.10.249/backoffice/dashboard" "Mozilla/5.0 (Macintosh; Intel Mac OS X 10_15_4) AppleWebKit/537.36 (KHTML, like Gecko) Chrome/81.0.4044.129 Safari/537.36"
162.221.222.241 - - [03/May/2020:07:43:38 +0000] "POST /backoffice/dashboard/ajaxNotification HTTP/1.1" 200 4 "http://3.14.10.249/backoffice/dashboard" "Mozilla/5.0 (Macintosh; Intel Mac OS X 10_15_4) AppleWebKit/537.36 (KHTML, like Gecko) Chrome/81.0.4044.129 Safari/537.36"
162.221.222.241 - - [03/May/2020:07:43:50 +0000] "POST /backoffice/dashboard/ajaxNotification HTTP/1.1" 200 4 "http://3.14.10.249/backoffice/dashboard" "Mozilla/5.0 (Macintosh; Intel Mac OS X 10_15_4) AppleWebKit/537.36 (KHTML, like Gecko) Chrome/81.0.4044.129 Safari/537.36"
162.221.222.241 - - [03/May/2020:07:43:59 +0000] "POST /backoffice/dashboard/ajaxNotification HTTP/1.1" 200 4 "http://3.14.10.249/backoffice/dashboard" "Mozilla/5.0 (Macintosh; Intel Mac OS X 10_15_4) AppleWebKit/537.36 (KHTML, like Gecko) Chrome/81.0.4044.129 Safari/537.36"
162.221.222.241 - - [03/May/2020:07:44:08 +0000] "POST /backoffice/dashboard/ajaxNotification HTTP/1.1" 200 4 "http://3.14.10.249/backoffice/dashboard" "Mozilla/5.0 (Macintosh; Intel Mac OS X 10_15_4) AppleWebKit/537.36 (KHTML, like Gecko) Chrome/81.0.4044.129 Safari/537.36"
162.221.222.241 - - [03/May/2020:07:44:17 +0000] "POST /backoffice/dashboard/ajaxNotification HTTP/1.1" 200 4 "http://3.14.10.249/backoffice/dashboard" "Mozilla/5.0 (Macintosh; Intel Mac OS X 10_15_4) AppleWebKit/537.36 (KHTML, like Gecko) Chrome/81.0.4044.129 Safari/537.36"
162.221.222.241 - - [03/May/2020:07:44:28 +0000] "POST /backoffice/dashboard/ajaxNotification HTTP/1.1" 200 4 "http://3.14.10.249/backoffice/dashboard" "Mozilla/5.0 (Macintosh; Intel Mac OS X 10_15_4) AppleWebKit/537.36 (KHTML, like Gecko) Chrome/81.0.4044.129 Safari/537.36"
162.221.222.241 - - [03/May/2020:07:44:37 +0000] "POST /backoffice/dashboard/ajaxNotification HTTP/1.1" 200 4 "http://3.14.10.249/backoffice/dashboard" "Mozilla/5.0 (Macintosh; Intel Mac OS X 10_15_4) AppleWebKit/537.36 (KHTML, like Gecko) Chrome/81.0.4044.129 Safari/537.36"
162.221.222.241 - - [03/May/2020:07:44:47 +0000] "POST /backoffice/dashboard/ajaxNotification HTTP/1.1" 200 4 "http://3.14.10.249/backoffice/dashboard" "Mozilla/5.0 (Macintosh; Intel Mac OS X 10_15_4) AppleWebKit/537.36 (KHTML, like Gecko) Chrome/81.0.4044.129 Safari/537.36"
162.221.222.241 - - [03/May/2020:07:44:57 +0000] "POST /backoffice/dashboard/ajaxNotification HTTP/1.1" 200 4 "http://3.14.10.249/backoffice/dashboard" "Mozilla/5.0 (Macintosh; Intel Mac OS X 10_15_4) AppleWebKit/537.36 (KHTML, like Gecko) Chrome/81.0.4044.129 Safari/537.36"
103.134.24.227 - - [03/May/2020:07:45:00 +0000] "GET /backoffice/dashboard HTTP/1.1" 200 27135 "http://partners.thribby.com/backoffice/home/" "Mozilla/5.0 (Windows NT 6.1; Win64; x64) AppleWebKit/537.36 (KHTML, like Gecko) Chrome/81.0.4044.129 Safari/537.36"
103.134.24.227 - - [03/May/2020:07:45:01 +0000] "GET /assets/admin/css/plugins.css HTTP/1.1" 200 37427 "http://partners.thribby.com/backoffice/dashboard" "Mozilla/5.0 (Windows NT 6.1; Win64; x64) AppleWebKit/537.36 (KHTML, like Gecko) Chrome/81.0.4044.129 Safari/537.36"
103.134.24.227 - - [03/May/2020:07:45:01 +0000] "GET /assets/admin/css/default.css HTTP/1.1" 200 23868 "http://partners.thribby.com/backoffice/dashboard" "Mozilla/5.0 (Windows NT 6.1; Win64; x64) AppleWebKit/537.36 (KHTML, like Gecko) Chrome/81.0.4044.129 Safari/537.36"
103.134.24.227 - - [03/May/2020:07:45:01 +0000] "GET /assets/admin/plugins/uniform/css/uniform.default.css HTTP/1.1" 200 10851 "http://partners.thribby.com/backoffice/dashboard" "Mozilla/5.0 (Windows NT 6.1; Win64; x64) AppleWebKit/537.36 (KHTML, like Gecko) Chrome/81.0.4044.129 Safari/537.36"
103.134.24.227 - - [03/May/2020:07:45:01 +0000] "GET /assets/admin/css/layout.css HTTP/1.1" 200 54500 "http://partners.thribby.com/backoffice/dashboard" "Mozilla/5.0 (Windows NT 6.1; Win64; x64) AppleWebKit/537.36 (KHTML, like Gecko) Chrome/81.0.4044.129 Safari/537.36"
103.134.24.227 - - [03/May/2020:07:45:01 +0000] "GET /assets/admin/plugins/bootstrap-hover-dropdown/bootstrap-hover-dropdown.min.js HTTP/1.1" 200 1539 "http://partners.thribby.com/backoffice/dashboard" "Mozilla/5.0 (Windows NT 6.1; Win64; x64) AppleWebKit/537.36 (KHTML, like Gecko) Chrome/81.0.4044.129 Safari/537.36"
103.134.24.227 - - [03/May/2020:07:45:01 +0000] "GET /assets/admin/plugins/jquery-migrate-1.2.1.min.js HTTP/1.1" 200 7200 "http://partners.thribby.com/backoffice/dashboard" "Mozilla/5.0 (Windows NT 6.1; Win64; x64) AppleWebKit/537.36 (KHTML, like Gecko) Chrome/81.0.4044.129 Safari/537.36"
103.134.24.227 - - [03/May/2020:07:45:01 +0000] "GET /assets/admin/plugins/jquery-slimscroll/jquery.slimscroll.min.js HTTP/1.1" 200 4659 "http://partners.thribby.com/backoffice/dashboard" "Mozilla/5.0 (Windows NT 6.1; Win64; x64) AppleWebKit/537.36 (KHTML, like Gecko) Chrome/81.0.4044.129 Safari/537.36"
103.134.24.227 - - [03/May/2020:07:45:01 +0000] "GET /assets/admin/plugins/jquery.blockui.min.js HTTP/1.1" 200 9544 "http://partners.thribby.com/backoffice/dashboard" "Mozilla/5.0 (Windows NT 6.1; Win64; x64) AppleWebKit/537.36 (KHTML, like Gecko) Chrome/81.0.4044.129 Safari/537.36"
103.134.24.227 - - [03/May/2020:07:45:01 +0000] "GET /assets/admin/plugins/uniform/jquery.uniform.min.js HTTP/1.1" 200 8308 "http://partners.thribby.com/backoffice/dashboard" "Mozilla/5.0 (Windows NT 6.1; Win64; x64) AppleWebKit/537.36 (KHTML, like Gecko) Chrome/81.0.4044.129 Safari/537.36"
103.134.24.227 - - [03/May/2020:07:45:01 +0000] "GET /assets/admin/plugins/jquery.cokie.min.js HTTP/1.1" 200 1392 "http://partners.thribby.com/backoffice/dashboard" "Mozilla/5.0 (Windows NT 6.1; Win64; x64) AppleWebKit/537.36 (KHTML, like Gecko) Chrome/81.0.4044.129 Safari/537.36"
103.134.24.227 - - [03/May/2020:07:45:01 +0000] "GET /assets/admin/plugins/bootbox/bootbox.min.js HTTP/1.1" 200 8418 "http://partners.thribby.com/backoffice/dashboard" "Mozilla/5.0 (Windows NT 6.1; Win64; x64) AppleWebKit/537.36 (KHTML, like Gecko) Chrome/81.0.4044.129 Safari/537.36"
103.134.24.227 - - [03/May/2020:07:45:02 +0000] "GET /assets/admin/plugins/multiselect/sumoselect.min.css HTTP/1.1" 200 7406 "http://partners.thribby.com/backoffice/dashboard" "Mozilla/5.0 (Windows NT 6.1; Win64; x64) AppleWebKit/537.36 (KHTML, like Gecko) Chrome/81.0.4044.129 Safari/537.36"
103.134.24.227 - - [03/May/2020:07:45:02 +0000] "GET /assets/admin/scripts/metronic.js HTTP/1.1" 200 23870 "http://partners.thribby.com/backoffice/dashboard" "Mozilla/5.0 (Windows NT 6.1; Win64; x64) AppleWebKit/537.36 (KHTML, like Gecko) Chrome/81.0.4044.129 Safari/537.36"
103.134.24.227 - - [03/May/2020:07:45:02 +0000] "GET /assets/admin/plugins/jquery-validation/js/jquery.validate.js HTTP/1.1" 200 39864 "http://partners.thribby.com/backoffice/dashboard" "Mozilla/5.0 (Windows NT 6.1; Win64; x64) AppleWebKit/537.36 (KHTML, like Gecko) Chrome/81.0.4044.129 Safari/537.36"
103.134.24.227 - - [03/May/2020:07:45:02 +0000] "GET /assets/admin/scripts/index.js HTTP/1.1" 200 30559 "http://partners.thribby.com/backoffice/dashboard" "Mozilla/5.0 (Windows NT 6.1; Win64; x64) AppleWebKit/537.36 (KHTML, like Gecko) Chrome/81.0.4044.129 Safari/537.36"
103.134.24.227 - - [03/May/2020:07:45:02 +0000] "GET /assets/admin/plugins/jquery-validation/js/additional-methods.min.js HTTP/1.1" 200 14975 "http://partners.thribby.com/backoffice/dashboard" "Mozilla/5.0 (Windows NT 6.1; Win64; x64) AppleWebKit/537.36 (KHTML, like Gecko) Chrome/81.0.4044.129 Safari/537.36"
103.134.24.227 - - [03/May/2020:07:45:02 +0000] "GET /assets/admin/scripts/layout.js HTTP/1.1" 200 24498 "http://partners.thribby.com/backoffice/dashboard" "Mozilla/5.0 (Windows NT 6.1; Win64; x64) AppleWebKit/537.36 (KHTML, like Gecko) Chrome/81.0.4044.129 Safari/537.36"
103.134.24.227 - - [03/May/2020:07:45:03 +0000] "GET /assets/admin/img/syncfusion-icons-white.png HTTP/1.1" 404 1130 "http://partners.thribby.com/assets/admin/css/components.css" "Mozilla/5.0 (Windows NT 6.1; Win64; x64) AppleWebKit/537.36 (KHTML, like Gecko) Chrome/81.0.4044.129 Safari/537.36"
103.134.24.227 - - [03/May/2020:07:45:03 +0000] "GET /assets/admin/plugins/multiselect/jquery.sumoselect.min.js HTTP/1.1" 200 12514 "http://partners.thribby.com/backoffice/dashboard" "Mozilla/5.0 (Windows NT 6.1; Win64; x64) AppleWebKit/537.36 (KHTML, like Gecko) Chrome/81.0.4044.129 Safari/537.36"
103.134.24.227 - - [03/May/2020:07:45:03 +0000] "GET /assets/admin/pages/scripts/admin-management.js HTTP/1.1" 200 12853 "http://partners.thribby.com/backoffice/dashboard" "Mozilla/5.0 (Windows NT 6.1; Win64; x64) AppleWebKit/537.36 (KHTML, like Gecko) Chrome/81.0.4044.129 Safari/537.36"
103.134.24.227 - - [03/May/2020:07:45:03 +0000] "GET /assets/admin/img/sidebar_toggler_icon_default.png HTTP/1.1" 200 135 "http://partners.thribby.com/assets/admin/css/default.css" "Mozilla/5.0 (Windows NT 6.1; Win64; x64) AppleWebKit/537.36 (KHTML, like Gecko) Chrome/81.0.4044.129 Safari/537.36"
103.134.24.227 - - [03/May/2020:07:45:03 +0000] "GET /assets/admin/img/sidebar_inline_toggler_icon_grey.png HTTP/1.1" 200 1141 "http://partners.thribby.com/assets/admin/css/default.css" "Mozilla/5.0 (Windows NT 6.1; Win64; x64) AppleWebKit/537.36 (KHTML, like Gecko) Chrome/81.0.4044.129 Safari/537.36"
103.134.24.227 - - [03/May/2020:07:45:03 +0000] "GET /assets/admin/img/sidebar-menu-arrow.png HTTP/1.1" 200 243 "http://partners.thribby.com/assets/admin/css/default.css" "Mozilla/5.0 (Windows NT 6.1; Win64; x64) AppleWebKit/537.36 (KHTML, like Gecko) Chrome/81.0.4044.129 Safari/537.36"
162.221.222.241 - - [03/May/2020:07:45:07 +0000] "POST /backoffice/dashboard/ajaxNotification HTTP/1.1" 200 4 "http://3.14.10.249/backoffice/dashboard" "Mozilla/5.0 (Macintosh; Intel Mac OS X 10_15_4) AppleWebKit/537.36 (KHTML, like Gecko) Chrome/81.0.4044.129 Safari/537.36"
::1 - - [03/May/2020:07:45:10 +0000] "OPTIONS * HTTP/1.0" 200 - "-" "Apache/2.4.41 (Amazon) PHP/5.6.40 (internal dummy connection)"
::1 - - [03/May/2020:07:45:11 +0000] "OPTIONS * HTTP/1.0" 200 - "-" "Apache/2.4.41 (Amazon) PHP/5.6.40 (internal dummy connection)"
::1 - - [03/May/2020:07:45:14 +0000] "OPTIONS * HTTP/1.0" 200 - "-" "Apache/2.4.41 (Amazon) PHP/5.6.40 (internal dummy connection)"
103.134.24.227 - - [03/May/2020:07:45:15 +0000] "POST /backoffice/dashboard/ajaxNotification HTTP/1.1" 200 4 "http://partners.thribby.com/backoffice/dashboard" "Mozilla/5.0 (Windows NT 6.1; Win64; x64) AppleWebKit/537.36 (KHTML, like Gecko) Chrome/81.0.4044.129 Safari/537.36"
162.221.222.241 - - [03/May/2020:07:45:17 +0000] "POST /backoffice/dashboard/ajaxNotification HTTP/1.1" 200 4 "http://3.14.10.249/backoffice/dashboard" "Mozilla/5.0 (Macintosh; Intel Mac OS X 10_15_4) AppleWebKit/537.36 (KHTML, like Gecko) Chrome/81.0.4044.129 Safari/537.36"
103.134.24.227 - - [03/May/2020:07:45:25 +0000] "POST /backoffice/dashboard/ajaxNotification HTTP/1.1" 200 4 "http://partners.thribby.com/backoffice/dashboard" "Mozilla/5.0 (Windows NT 6.1; Win64; x64) AppleWebKit/537.36 (KHTML, like Gecko) Chrome/81.0.4044.129 Safari/537.36"
162.221.222.241 - - [03/May/2020:07:45:27 +0000] "POST /backoffice/dashboard/ajaxNotification HTTP/1.1" 200 4 "http://3.14.10.249/backoffice/dashboard" "Mozilla/5.0 (Macintosh; Intel Mac OS X 10_15_4) AppleWebKit/537.36 (KHTML, like Gecko) Chrome/81.0.4044.129 Safari/537.36"
103.134.24.227 - - [03/May/2020:07:45:35 +0000] "POST /backoffice/dashboard/ajaxNotification HTTP/1.1" 200 4 "http://partners.thribby.com/backoffice/dashboard" "Mozilla/5.0 (Windows NT 6.1; Win64; x64) AppleWebKit/537.36 (KHTML, like Gecko) Chrome/81.0.4044.129 Safari/537.36"
162.221.222.241 - - [03/May/2020:07:45:38 +0000] "POST /backoffice/dashboard/ajaxNotification HTTP/1.1" 200 4 "http://3.14.10.249/backoffice/dashboard" "Mozilla/5.0 (Macintosh; Intel Mac OS X 10_15_4) AppleWebKit/537.36 (KHTML, like Gecko) Chrome/81.0.4044.129 Safari/537.36"
103.134.24.227 - - [03/May/2020:07:45:45 +0000] "POST /backoffice/dashboard/ajaxNotification HTTP/1.1" 200 4 "http://partners.thribby.com/backoffice/dashboard" "Mozilla/5.0 (Windows NT 6.1; Win64; x64) AppleWebKit/537.36 (KHTML, like Gecko) Chrome/81.0.4044.129 Safari/537.36"
162.221.222.241 - - [03/May/2020:07:45:47 +0000] "POST /backoffice/dashboard/ajaxNotification HTTP/1.1" 200 4 "http://3.14.10.249/backoffice/dashboard" "Mozilla/5.0 (Macintosh; Intel Mac OS X 10_15_4) AppleWebKit/537.36 (KHTML, like Gecko) Chrome/81.0.4044.129 Safari/537.36"
103.134.24.227 - - [03/May/2020:07:45:55 +0000] "POST /backoffice/dashboard/ajaxNotification HTTP/1.1" 200 4 "http://partners.thribby.com/backoffice/dashboard" "Mozilla/5.0 (Windows NT 6.1; Win64; x64) AppleWebKit/537.36 (KHTML, like Gecko) Chrome/81.0.4044.129 Safari/537.36"
162.221.222.241 - - [03/May/2020:07:45:57 +0000] "POST /backoffice/dashboard/ajaxNotification HTTP/1.1" 200 4 "http://3.14.10.249/backoffice/dashboard" "Mozilla/5.0 (Macintosh; Intel Mac OS X 10_15_4) AppleWebKit/537.36 (KHTML, like Gecko) Chrome/81.0.4044.129 Safari/537.36"
162.221.222.241 - - [03/May/2020:07:46:07 +0000] "POST /backoffice/dashboard/ajaxNotification HTTP/1.1" 200 4 "http://3.14.10.249/backoffice/dashboard" "Mozilla/5.0 (Macintosh; Intel Mac OS X 10_15_4) AppleWebKit/537.36 (KHTML, like Gecko) Chrome/81.0.4044.129 Safari/537.36"
103.134.24.227 - - [03/May/2020:07:46:13 +0000] "POST /backoffice/dashboard/ajaxNotification HTTP/1.1" 200 4 "http://partners.thribby.com/backoffice/dashboard" "Mozilla/5.0 (Windows NT 6.1; Win64; x64) AppleWebKit/537.36 (KHTML, like Gecko) Chrome/81.0.4044.129 Safari/537.36"
162.221.222.241 - - [03/May/2020:07:46:17 +0000] "POST /backoffice/dashboard/ajaxNotification HTTP/1.1" 200 4 "http://3.14.10.249/backoffice/dashboard" "Mozilla/5.0 (Macintosh; Intel Mac OS X 10_15_4) AppleWebKit/537.36 (KHTML, like Gecko) Chrome/81.0.4044.129 Safari/537.36"
162.221.222.241 - - [03/May/2020:07:46:28 +0000] "POST /backoffice/dashboard/ajaxNotification HTTP/1.1" 200 4 "http://3.14.10.249/backoffice/dashboard" "Mozilla/5.0 (Macintosh; Intel Mac OS X 10_15_4) AppleWebKit/537.36 (KHTML, like Gecko) Chrome/81.0.4044.129 Safari/537.36"
162.221.222.241 - - [03/May/2020:07:46:37 +0000] "POST /backoffice/dashboard/ajaxNotification HTTP/1.1" 200 4 "http://3.14.10.249/backoffice/dashboard" "Mozilla/5.0 (Macintosh; Intel Mac OS X 10_15_4) AppleWebKit/537.36 (KHTML, like Gecko) Chrome/81.0.4044.129 Safari/537.36"
162.221.222.241 - - [03/May/2020:07:46:47 +0000] "POST /backoffice/dashboard/ajaxNotification HTTP/1.1" 200 4 "http://3.14.10.249/backoffice/dashboard" "Mozilla/5.0 (Macintosh; Intel Mac OS X 10_15_4) AppleWebKit/537.36 (KHTML, like Gecko) Chrome/81.0.4044.129 Safari/537.36"
162.221.222.241 - - [03/May/2020:07:46:57 +0000] "POST /backoffice/dashboard/ajaxNotification HTTP/1.1" 200 4 "http://3.14.10.249/backoffice/dashboard" "Mozilla/5.0 (Macintosh; Intel Mac OS X 10_15_4) AppleWebKit/537.36 (KHTML, like Gecko) Chrome/81.0.4044.129 Safari/537.36"
162.221.222.241 - - [03/May/2020:07:47:07 +0000] "POST /backoffice/dashboard/ajaxNotification HTTP/1.1" 200 4 "http://3.14.10.249/backoffice/dashboard" "Mozilla/5.0 (Macintosh; Intel Mac OS X 10_15_4) AppleWebKit/537.36 (KHTML, like Gecko) Chrome/81.0.4044.129 Safari/537.36"
162.221.222.241 - - [03/May/2020:07:47:17 +0000] "POST /backoffice/dashboard/ajaxNotification HTTP/1.1" 200 4 "http://3.14.10.249/backoffice/dashboard" "Mozilla/5.0 (Macintosh; Intel Mac OS X 10_15_4) AppleWebKit/537.36 (KHTML, like Gecko) Chrome/81.0.4044.129 Safari/537.36"
162.221.222.241 - - [03/May/2020:07:47:27 +0000] "POST /backoffice/dashboard/ajaxNotification HTTP/1.1" 200 4 "http://3.14.10.249/backoffice/dashboard" "Mozilla/5.0 (Macintosh; Intel Mac OS X 10_15_4) AppleWebKit/537.36 (KHTML, like Gecko) Chrome/81.0.4044.129 Safari/537.36"
162.221.222.241 - - [03/May/2020:07:47:37 +0000] "POST /backoffice/dashboard/ajaxNotification HTTP/1.1" 200 4 "http://3.14.10.249/backoffice/dashboard" "Mozilla/5.0 (Macintosh; Intel Mac OS X 10_15_4) AppleWebKit/537.36 (KHTML, like Gecko) Chrome/81.0.4044.129 Safari/537.36"
162.221.222.241 - - [03/May/2020:07:47:48 +0000] "POST /backoffice/dashboard/ajaxNotification HTTP/1.1" 200 4 "http://3.14.10.249/backoffice/dashboard" "Mozilla/5.0 (Macintosh; Intel Mac OS X 10_15_4) AppleWebKit/537.36 (KHTML, like Gecko) Chrome/81.0.4044.129 Safari/537.36"
162.221.222.241 - - [03/May/2020:07:47:57 +0000] "POST /backoffice/dashboard/ajaxNotification HTTP/1.1" 200 4 "http://3.14.10.249/backoffice/dashboard" "Mozilla/5.0 (Macintosh; Intel Mac OS X 10_15_4) AppleWebKit/537.36 (KHTML, like Gecko) Chrome/81.0.4044.129 Safari/537.36"
162.221.222.241 - - [03/May/2020:07:48:07 +0000] "POST /backoffice/dashboard/ajaxNotification HTTP/1.1" 200 4 "http://3.14.10.249/backoffice/dashboard" "Mozilla/5.0 (Macintosh; Intel Mac OS X 10_15_4) AppleWebKit/537.36 (KHTML, like Gecko) Chrome/81.0.4044.129 Safari/537.36"
103.134.24.227 - - [03/May/2020:07:48:14 +0000] "POST /backoffice/dashboard/ajaxNotification HTTP/1.1" 200 4 "http://partners.thribby.com/backoffice/dashboard" "Mozilla/5.0 (Windows NT 6.1; Win64; x64) AppleWebKit/537.36 (KHTML, like Gecko) Chrome/81.0.4044.129 Safari/537.36"
162.221.222.241 - - [03/May/2020:07:48:17 +0000] "POST /backoffice/dashboard/ajaxNotification HTTP/1.1" 200 4 "http://3.14.10.249/backoffice/dashboard" "Mozilla/5.0 (Macintosh; Intel Mac OS X 10_15_4) AppleWebKit/537.36 (KHTML, like Gecko) Chrome/81.0.4044.129 Safari/537.36"
162.221.222.241 - - [03/May/2020:07:48:27 +0000] "POST /backoffice/dashboard/ajaxNotification HTTP/1.1" 200 4 "http://3.14.10.249/backoffice/dashboard" "Mozilla/5.0 (Macintosh; Intel Mac OS X 10_15_4) AppleWebKit/537.36 (KHTML, like Gecko) Chrome/81.0.4044.129 Safari/537.36"
162.221.222.241 - - [03/May/2020:07:48:37 +0000] "POST /backoffice/dashboard/ajaxNotification HTTP/1.1" 200 4 "http://3.14.10.249/backoffice/dashboard" "Mozilla/5.0 (Macintosh; Intel Mac OS X 10_15_4) AppleWebKit/537.36 (KHTML, like Gecko) Chrome/81.0.4044.129 Safari/537.36"
162.221.222.241 - - [03/May/2020:07:48:47 +0000] "POST /backoffice/dashboard/ajaxNotification HTTP/1.1" 200 4 "http://3.14.10.249/backoffice/dashboard" "Mozilla/5.0 (Macintosh; Intel Mac OS X 10_15_4) AppleWebKit/537.36 (KHTML, like Gecko) Chrome/81.0.4044.129 Safari/537.36"
162.221.222.241 - - [03/May/2020:07:48:57 +0000] "POST /backoffice/dashboard/ajaxNotification HTTP/1.1" 200 4 "http://3.14.10.249/backoffice/dashboard" "Mozilla/5.0 (Macintosh; Intel Mac OS X 10_15_4) AppleWebKit/537.36 (KHTML, like Gecko) Chrome/81.0.4044.129 Safari/537.36"
162.221.222.241 - - [03/May/2020:07:49:07 +0000] "POST /backoffice/dashboard/ajaxNotification HTTP/1.1" 200 4 "http://3.14.10.249/backoffice/dashboard" "Mozilla/5.0 (Macintosh; Intel Mac OS X 10_15_4) AppleWebKit/537.36 (KHTML, like Gecko) Chrome/81.0.4044.129 Safari/537.36"
162.221.222.241 - - [03/May/2020:07:49:17 +0000] "POST /backoffice/dashboard/ajaxNotification HTTP/1.1" 200 4 "http://3.14.10.249/backoffice/dashboard" "Mozilla/5.0 (Macintosh; Intel Mac OS X 10_15_4) AppleWebKit/537.36 (KHTML, like Gecko) Chrome/81.0.4044.129 Safari/537.36"
162.221.222.241 - - [03/May/2020:07:49:21 +0000] "GET /backoffice/system_option/view HTTP/1.1" 200 70539 "http://3.14.10.249/backoffice/dashboard" "Mozilla/5.0 (Macintosh; Intel Mac OS X 10_15_4) AppleWebKit/537.36 (KHTML, like Gecko) Chrome/81.0.4044.129 Safari/537.36"
162.221.222.241 - - [03/May/2020:07:49:21 +0000] "GET /assets/admin/plugins/data-tables/DT_bootstrap.css HTTP/1.1" 200 3801 "http://3.14.10.249/backoffice/system_option/view" "Mozilla/5.0 (Macintosh; Intel Mac OS X 10_15_4) AppleWebKit/537.36 (KHTML, like Gecko) Chrome/81.0.4044.129 Safari/537.36"
162.221.222.241 - - [03/May/2020:07:49:21 +0000] "GET /assets/admin/scripts/datatable.js HTTP/1.1" 200 11725 "http://3.14.10.249/backoffice/system_option/view" "Mozilla/5.0 (Macintosh; Intel Mac OS X 10_15_4) AppleWebKit/537.36 (KHTML, like Gecko) Chrome/81.0.4044.129 Safari/537.36"
103.134.24.227 - - [03/May/2020:07:49:23 +0000] "POST /backoffice/dashboard/ajaxNotification HTTP/1.1" 200 4 "http://partners.thribby.com/backoffice/dashboard" "Mozilla/5.0 (Windows NT 6.1; Win64; x64) AppleWebKit/537.36 (KHTML, like Gecko) Chrome/81.0.4044.129 Safari/537.36"
162.221.222.241 - - [03/May/2020:07:49:31 +0000] "POST /backoffice/dashboard/ajaxNotification HTTP/1.1" 200 4 "http://3.14.10.249/backoffice/system_option/view" "Mozilla/5.0 (Macintosh; Intel Mac OS X 10_15_4) AppleWebKit/537.36 (KHTML, like Gecko) Chrome/81.0.4044.129 Safari/537.36"
162.221.222.241 - - [03/May/2020:07:49:41 +0000] "POST /backoffice/dashboard/ajaxNotification HTTP/1.1" 200 4 "http://3.14.10.249/backoffice/system_option/view" "Mozilla/5.0 (Macintosh; Intel Mac OS X 10_15_4) AppleWebKit/537.36 (KHTML, like Gecko) Chrome/81.0.4044.129 Safari/537.36"
162.221.222.241 - - [03/May/2020:07:49:51 +0000] "POST /backoffice/dashboard/ajaxNotification HTTP/1.1" 200 4 "http://3.14.10.249/backoffice/system_option/view" "Mozilla/5.0 (Macintosh; Intel Mac OS X 10_15_4) AppleWebKit/537.36 (KHTML, like Gecko) Chrome/81.0.4044.129 Safari/537.36"
162.221.222.241 - - [03/May/2020:07:50:01 +0000] "POST /backoffice/dashboard/ajaxNotification HTTP/1.1" 200 4 "http://3.14.10.249/backoffice/system_option/view" "Mozilla/5.0 (Macintosh; Intel Mac OS X 10_15_4) AppleWebKit/537.36 (KHTML, like Gecko) Chrome/81.0.4044.129 Safari/537.36"
162.221.222.241 - - [03/May/2020:07:50:11 +0000] "POST /backoffice/dashboard/ajaxNotification HTTP/1.1" 200 4 "http://3.14.10.249/backoffice/system_option/view" "Mozilla/5.0 (Macintosh; Intel Mac OS X 10_15_4) AppleWebKit/537.36 (KHTML, like Gecko) Chrome/81.0.4044.129 Safari/537.36"
162.221.222.241 - - [03/May/2020:07:50:21 +0000] "POST /backoffice/dashboard/ajaxNotification HTTP/1.1" 200 4 "http://3.14.10.249/backoffice/system_option/view" "Mozilla/5.0 (Macintosh; Intel Mac OS X 10_15_4) AppleWebKit/537.36 (KHTML, like Gecko) Chrome/81.0.4044.129 Safari/537.36"
162.221.222.241 - - [03/May/2020:07:50:31 +0000] "POST /backoffice/dashboard/ajaxNotification HTTP/1.1" 200 4 "http://3.14.10.249/backoffice/system_option/view" "Mozilla/5.0 (Macintosh; Intel Mac OS X 10_15_4) AppleWebKit/537.36 (KHTML, like Gecko) Chrome/81.0.4044.129 Safari/537.36"
103.134.24.227 - - [03/May/2020:07:50:37 +0000] "POST /backoffice/dashboard/ajaxNotification HTTP/1.1" 200 4 "http://partners.thribby.com/backoffice/dashboard" "Mozilla/5.0 (Windows NT 6.1; Win64; x64) AppleWebKit/537.36 (KHTML, like Gecko) Chrome/81.0.4044.129 Safari/537.36"
162.221.222.241 - - [03/May/2020:07:50:41 +0000] "POST /backoffice/dashboard/ajaxNotification HTTP/1.1" 200 4 "http://3.14.10.249/backoffice/system_option/view" "Mozilla/5.0 (Macintosh; Intel Mac OS X 10_15_4) AppleWebKit/537.36 (KHTML, like Gecko) Chrome/81.0.4044.129 Safari/537.36"
162.221.222.241 - - [03/May/2020:07:50:51 +0000] "POST /backoffice/dashboard/ajaxNotification HTTP/1.1" 200 4 "http://3.14.10.249/backoffice/system_option/view" "Mozilla/5.0 (Macintosh; Intel Mac OS X 10_15_4) AppleWebKit/537.36 (KHTML, like Gecko) Chrome/81.0.4044.129 Safari/537.36"
162.221.222.241 - - [03/May/2020:07:51:01 +0000] "POST /backoffice/dashboard/ajaxNotification HTTP/1.1" 200 4 "http://3.14.10.249/backoffice/system_option/view" "Mozilla/5.0 (Macintosh; Intel Mac OS X 10_15_4) AppleWebKit/537.36 (KHTML, like Gecko) Chrome/81.0.4044.129 Safari/537.36"
162.221.222.241 - - [03/May/2020:07:51:11 +0000] "POST /backoffice/dashboard/ajaxNotification HTTP/1.1" 200 4 "http://3.14.10.249/backoffice/system_option/view" "Mozilla/5.0 (Macintosh; Intel Mac OS X 10_15_4) AppleWebKit/537.36 (KHTML, like Gecko) Chrome/81.0.4044.129 Safari/537.36"
162.221.222.241 - - [03/May/2020:07:51:21 +0000] "POST /backoffice/dashboard/ajaxNotification HTTP/1.1" 200 4 "http://3.14.10.249/backoffice/system_option/view" "Mozilla/5.0 (Macintosh; Intel Mac OS X 10_15_4) AppleWebKit/537.36 (KHTML, like Gecko) Chrome/81.0.4044.129 Safari/537.36"
162.221.222.241 - - [03/May/2020:07:51:28 +0000] "POST /backoffice/system_option/view HTTP/1.1" 200 70757 "http://3.14.10.249/backoffice/system_option/view" "Mozilla/5.0 (Macintosh; Intel Mac OS X 10_15_4) AppleWebKit/537.36 (KHTML, like Gecko) Chrome/81.0.4044.129 Safari/537.36"
103.134.24.227 - - [03/May/2020:07:51:29 +0000] "-" 408 - "-" "-"
162.221.222.241 - - [03/May/2020:07:51:36 +0000] "GET /backoffice/email_template/view HTTP/1.1" 200 26374 "http://3.14.10.249/backoffice/system_option/view" "Mozilla/5.0 (Macintosh; Intel Mac OS X 10_15_4) AppleWebKit/537.36 (KHTML, like Gecko) Chrome/81.0.4044.129 Safari/537.36"
162.221.222.241 - - [03/May/2020:07:51:36 +0000] "GET /assets/admin/plugins/data-tables/DT_bootstrap.js HTTP/1.1" 200 14625 "http://3.14.10.249/backoffice/email_template/view" "Mozilla/5.0 (Macintosh; Intel Mac OS X 10_15_4) AppleWebKit/537.36 (KHTML, like Gecko) Chrome/81.0.4044.129 Safari/537.36"
162.221.222.241 - - [03/May/2020:07:51:36 +0000] "GET /assets/admin/plugins/data-tables/jquery.dataTables.js HTTP/1.1" 200 377508 "http://3.14.10.249/backoffice/email_template/view" "Mozilla/5.0 (Macintosh; Intel Mac OS X 10_15_4) AppleWebKit/537.36 (KHTML, like Gecko) Chrome/81.0.4044.129 Safari/537.36"
162.221.222.241 - - [03/May/2020:07:51:36 +0000] "GET /assets/admin/plugins/data-tables/images/sort_both.png HTTP/1.1" 200 1136 "http://3.14.10.249/assets/admin/plugins/data-tables/DT_bootstrap.css" "Mozilla/5.0 (Macintosh; Intel Mac OS X 10_15_4) AppleWebKit/537.36 (KHTML, like Gecko) Chrome/81.0.4044.129 Safari/537.36"
162.221.222.241 - - [03/May/2020:07:51:36 +0000] "GET /assets/admin/plugins/data-tables/images/sort_desc.png HTTP/1.1" 200 1127 "http://3.14.10.249/assets/admin/plugins/data-tables/DT_bootstrap.css" "Mozilla/5.0 (Macintosh; Intel Mac OS X 10_15_4) AppleWebKit/537.36 (KHTML, like Gecko) Chrome/81.0.4044.129 Safari/537.36"
162.221.222.241 - - [03/May/2020:07:51:36 +0000] "GET /assets/admin/img/loading-spinner-grey.gif HTTP/1.1" 200 5203 "http://3.14.10.249/backoffice/email_template/view" "Mozilla/5.0 (Macintosh; Intel Mac OS X 10_15_4) AppleWebKit/537.36 (KHTML, like Gecko) Chrome/81.0.4044.129 Safari/537.36"
162.221.222.241 - - [03/May/2020:07:51:36 +0000] "POST /backoffice/email_template/ajaxview HTTP/1.1" 200 2277 "http://3.14.10.249/backoffice/email_template/view" "Mozilla/5.0 (Macintosh; Intel Mac OS X 10_15_4) AppleWebKit/537.36 (KHTML, like Gecko) Chrome/81.0.4044.129 Safari/537.36"
162.221.222.241 - - [03/May/2020:07:51:41 +0000] "GET /backoffice/event/view HTTP/1.1" 200 34921 "http://3.14.10.249/backoffice/email_template/view" "Mozilla/5.0 (Macintosh; Intel Mac OS X 10_15_4) AppleWebKit/537.36 (KHTML, like Gecko) Chrome/81.0.4044.129 Safari/537.36"
162.221.222.241 - - [03/May/2020:07:51:41 +0000] "GET /assets/admin/plugins/bootstrap-datetimepicker/css/datetimepicker.css HTTP/1.1" 200 12420 "http://3.14.10.249/backoffice/event/view" "Mozilla/5.0 (Macintosh; Intel Mac OS X 10_15_4) AppleWebKit/537.36 (KHTML, like Gecko) Chrome/81.0.4044.129 Safari/537.36"
162.221.222.241 - - [03/May/2020:07:51:41 +0000] "GET /assets/admin/plugins/bootstrap-datetimepicker/js/bootstrap-datetimepicker.js HTTP/1.1" 200 70107 "http://3.14.10.249/backoffice/event/view" "Mozilla/5.0 (Macintosh; Intel Mac OS X 10_15_4) AppleWebKit/537.36 (KHTML, like Gecko) Chrome/81.0.4044.129 Safari/537.36"
162.221.222.241 - - [03/May/2020:07:51:41 +0000] "GET /assets/admin/img/ajax-loader.gif HTTP/1.1" 200 3208 "http://3.14.10.249/backoffice/event/view" "Mozilla/5.0 (Macintosh; Intel Mac OS X 10_15_4) AppleWebKit/537.36 (KHTML, like Gecko) Chrome/81.0.4044.129 Safari/537.36"
