162.221.222.241 - - [03/May/2020:07:51:41 +0000] "POST /backoffice/event/ajaxview HTTP/1.1" 200 66 "http://3.14.10.249/backoffice/event/view" "Mozilla/5.0 (Macintosh; Intel Mac OS X 10_15_4) AppleWebKit/537.36 (KHTML, like Gecko) Chrome/81.0.4044.129 Safari/537.36"
162.221.222.241 - - [03/May/2020:07:51:44 +0000] "GET /backoffice/users/view HTTP/1.1" 200 35065 "http://3.14.10.249/backoffice/event/view" "Mozilla/5.0 (Macintosh; Intel Mac OS X 10_15_4) AppleWebKit/537.36 (KHTML, like Gecko) Chrome/81.0.4044.129 Safari/537.36"
162.221.222.241 - - [03/May/2020:07:51:45 +0000] "GET /backoffice/assets/admin/img/loading-spinner-grey.gif HTTP/1.1" 404 1130 "http://3.14.10.249/backoffice/users/view" "Mozilla/5.0 (Macintosh; Intel Mac OS X 10_15_4) AppleWebKit/537.36 (KHTML, like Gecko) Chrome/81.0.4044.129 Safari/537.36"
162.221.222.241 - - [03/May/2020:07:51:45 +0000] "POST /backoffice/users/ajaxview HTTP/1.1" 200 66 "http://3.14.10.249/backoffice/users/view" "Mozilla/5.0 (Macintosh; Intel Mac OS X 10_15_4) AppleWebKit/537.36 (KHTML, like Gecko) Chrome/81.0.4044.129 Safari/537.36"
162.221.222.241 - - [03/May/2020:07:51:45 +0000] "POST /backoffice/users/ajaxViewAddress HTTP/1.1" 200 66 "http://3.14.10.249/backoffice/users/view" "Mozilla/5.0 (Macintosh; Intel Mac OS X 10_15_4) AppleWebKit/537.36 (KHTML, like Gecko) Chrome/81.0.4044.129 Safari/537.36"
162.221.222.241 - - [03/May/2020:07:51:53 +0000] "GET /backoffice/home/logout HTTP/1.1" 200 - "http://3.14.10.249/backoffice/users/view" "Mozilla/5.0 (Macintosh; Intel Mac OS X 10_15_4) AppleWebKit/537.36 (KHTML, like Gecko) Chrome/81.0.4044.129 Safari/537.36"
162.221.222.241 - - [03/May/2020:07:51:54 +0000] "GET /backoffice/home HTTP/1.1" 200 4271 "http://3.14.10.249/backoffice/home/logout" "Mozilla/5.0 (Macintosh; Intel Mac OS X 10_15_4) AppleWebKit/537.36 (KHTML, like Gecko) Chrome/81.0.4044.129 Safari/537.36"
103.134.24.227 - - [03/May/2020:07:52:00 +0000] "POST /backoffice/dashboard/ajaxNotification HTTP/1.1" 200 4 "http://partners.thribby.com/backoffice/dashboard" "Mozilla/5.0 (Windows NT 6.1; Win64; x64) AppleWebKit/537.36 (KHTML, like Gecko) Chrome/81.0.4044.129 Safari/537.36"
162.221.222.241 - - [03/May/2020:07:52:11 +0000] "POST /backoffice/home/do_login HTTP/1.1" 200 4382 "http://3.14.10.249/backoffice/home" "Mozilla/5.0 (Macintosh; Intel Mac OS X 10_15_4) AppleWebKit/537.36 (KHTML, like Gecko) Chrome/81.0.4044.129 Safari/537.36"
162.221.222.241 - - [03/May/2020:07:52:30 +0000] "POST /backoffice/home/do_login HTTP/1.1" 303 - "http://3.14.10.249/backoffice/home/do_login" "Mozilla/5.0 (Macintosh; Intel Mac OS X 10_15_4) AppleWebKit/537.36 (KHTML, like Gecko) Chrome/81.0.4044.129 Safari/537.36"
162.221.222.241 - - [03/May/2020:07:52:30 +0000] "GET /backoffice/dashboard HTTP/1.1" 200 26549 "http://3.14.10.249/backoffice/home/do_login" "Mozilla/5.0 (Macintosh; Intel Mac OS X 10_15_4) AppleWebKit/537.36 (KHTML, like Gecko) Chrome/81.0.4044.129 Safari/537.36"
162.221.222.241 - - [03/May/2020:07:52:30 +0000] "GET /assets/admin/img/syncfusion-icons-white.png HTTP/1.1" 404 1130 "http://3.14.10.249/assets/admin/css/components.css" "Mozilla/5.0 (Macintosh; Intel Mac OS X 10_15_4) AppleWebKit/537.36 (KHTML, like Gecko) Chrome/81.0.4044.129 Safari/537.36"
162.221.222.241 - - [03/May/2020:07:52:40 +0000] "POST /backoffice/dashboard/ajaxNotification HTTP/1.1" 200 4 "http://3.14.10.249/backoffice/dashboard" "Mozilla/5.0 (Macintosh; Intel Mac OS X 10_15_4) AppleWebKit/537.36 (KHTML, like Gecko) Chrome/81.0.4044.129 Safari/537.36"
162.221.222.241 - - [03/May/2020:07:52:50 +0000] "POST /backoffice/dashboard/ajaxNotification HTTP/1.1" 200 4 "http://3.14.10.249/backoffice/dashboard" "Mozilla/5.0 (Macintosh; Intel Mac OS X 10_15_4) AppleWebKit/537.36 (KHTML, like Gecko) Chrome/81.0.4044.129 Safari/537.36"
162.221.222.241 - - [03/May/2020:07:53:00 +0000] "POST /backoffice/dashboard/ajaxNotification HTTP/1.1" 200 4 "http://3.14.10.249/backoffice/dashboard" "Mozilla/5.0 (Macintosh; Intel Mac OS X 10_15_4) AppleWebKit/537.36 (KHTML, like Gecko) Chrome/81.0.4044.129 Safari/537.36"
162.221.222.241 - - [03/May/2020:07:53:10 +0000] "POST /backoffice/dashboard/ajaxNotification HTTP/1.1" 200 4 "http://3.14.10.249/backoffice/dashboard" "Mozilla/5.0 (Macintosh; Intel Mac OS X 10_15_4) AppleWebKit/537.36 (KHTML, like Gecko) Chrome/81.0.4044.129 Safari/537.36"
35.237.184.244 - - [03/May/2020:07:53:11 +0000] "GET /backoffice/home HTTP/1.1" 200 4271 "-" "Mozilla/5.0 (Windows NT 10.0; Win64; x64) AppleWebKit/537.36 (KHTML, like Gecko) Chrome/80.0.3987.132 Safari/537.36"
35.237.184.244 - - [03/May/2020:07:53:12 +0000] "GET /backoffice/home HTTP/1.1" 200 4271 "-" "Mozilla/5.0 (Windows NT 10.0; Win64; x64) AppleWebKit/537.36 (KHTML, like Gecko) Chrome/80.0.3987.132 Safari/537.36"
35.237.184.244 - - [03/May/2020:07:53:12 +0000] "GET /assets/admin/plugins/font-awesome/css/font-awesome.min.css HTTP/1.1" 200 31000 "http://3.14.10.249/backoffice/home" "Mozilla/5.0 (Windows NT 10.0; Win64; x64) AppleWebKit/537.36 (KHTML, like Gecko) Chrome/80.0.3987.132 Safari/537.36"
35.237.184.244 - - [03/May/2020:07:53:12 +0000] "GET /assets/admin/css/login.css HTTP/1.1" 200 3480 "http://3.14.10.249/backoffice/home" "Mozilla/5.0 (Windows NT 10.0; Win64; x64) AppleWebKit/537.36 (KHTML, like Gecko) Chrome/80.0.3987.132 Safari/537.36"
35.237.184.244 - - [03/May/2020:07:53:12 +0000] "GET /assets/admin/layout/css/custom.css HTTP/1.1" 200 19979 "http://3.14.10.249/backoffice/home" "Mozilla/5.0 (Windows NT 10.0; Win64; x64) AppleWebKit/537.36 (KHTML, like Gecko) Chrome/80.0.3987.132 Safari/537.36"
35.237.184.244 - - [03/May/2020:07:53:12 +0000] "GET /assets/admin/plugins/bootstrap/css/bootstrap.min.css HTTP/1.1" 200 99961 "http://3.14.10.249/backoffice/home" "Mozilla/5.0 (Windows NT 10.0; Win64; x64) AppleWebKit/537.36 (KHTML, like Gecko) Chrome/80.0.3987.132 Safari/537.36"
35.237.184.244 - - [03/May/2020:07:53:12 +0000] "GET /assets/admin/img/logo.png HTTP/1.1" 200 14276 "http://3.14.10.249/backoffice/home" "Mozilla/5.0 (Windows NT 10.0; Win64; x64) AppleWebKit/537.36 (KHTML, like Gecko) Chrome/80.0.3987.132 Safari/537.36"
35.237.184.244 - - [03/May/2020:07:53:12 +0000] "GET /assets/admin/plugins/bootstrap/js/bootstrap.min.js HTTP/1.1" 200 29110 "http://3.14.10.249/backoffice/home" "Mozilla/5.0 (Windows NT 10.0; Win64; x64) AppleWebKit/537.36 (KHTML, like Gecko) Chrome/80.0.3987.132 Safari/537.36"
35.237.184.244 - - [03/May/2020:07:53:12 +0000] "GET /assets/admin/plugins/jquery-1.11.0.min.js HTTP/1.1" 200 96383 "http://3.14.10.249/backoffice/home" "Mozilla/5.0 (Windows NT 10.0; Win64; x64) AppleWebKit/537.36 (KHTML, like Gecko) Chrome/80.0.3987.132 Safari/537.36"
35.237.184.244 - - [03/May/2020:07:53:12 +0000] "GET /assets/admin/plugins/jquery-validation/js/jquery.validate.min.js HTTP/1.1" 200 20806 "http://3.14.10.249/backoffice/home" "Mozilla/5.0 (Windows NT 10.0; Win64; x64) AppleWebKit/537.36 (KHTML, like Gecko) Chrome/80.0.3987.132 Safari/537.36"
35.237.184.244 - - [03/May/2020:07:53:12 +0000] "GET /assets/admin/pages/scripts/admin-login-forgot-validation.js HTTP/1.1" 200 1445 "http://3.14.10.249/backoffice/home" "Mozilla/5.0 (Windows NT 10.0; Win64; x64) AppleWebKit/537.36 (KHTML, like Gecko) Chrome/80.0.3987.132 Safari/537.36"
35.237.184.244 - - [03/May/2020:07:53:12 +0000] "GET /assets/admin/css/components.css HTTP/1.1" 200 213737 "http://3.14.10.249/backoffice/home" "Mozilla/5.0 (Windows NT 10.0; Win64; x64) AppleWebKit/537.36 (KHTML, like Gecko) Chrome/80.0.3987.132 Safari/537.36"
35.237.184.244 - - [03/May/2020:07:53:12 +0000] "GET /assets/admin/img/bg-login.png HTTP/1.1" 200 790271 "http://3.14.10.249/assets/admin/css/components.css" "Mozilla/5.0 (Windows NT 10.0; Win64; x64) AppleWebKit/537.36 (KHTML, like Gecko) Chrome/80.0.3987.132 Safari/537.36"
35.237.184.244 - - [03/May/2020:07:53:12 +0000] "GET /assets/admin/plugins/font-awesome/fonts/fontawesome-webfont.woff2?v=4.7.0 HTTP/1.1" 200 77160 "http://3.14.10.249/assets/admin/plugins/font-awesome/css/font-awesome.min.css" "Mozilla/5.0 (Windows NT 10.0; Win64; x64) AppleWebKit/537.36 (KHTML, like Gecko) Chrome/80.0.3987.132 Safari/537.36"
::1 - - [03/May/2020:07:53:20 +0000] "OPTIONS * HTTP/1.0" 200 - "-" "Apache/2.4.41 (Amazon) PHP/5.6.40 (internal dummy connection)"
162.221.222.241 - - [03/May/2020:07:53:20 +0000] "POST /backoffice/dashboard/ajaxNotification HTTP/1.1" 200 4 "http://3.14.10.249/backoffice/dashboard" "Mozilla/5.0 (Macintosh; Intel Mac OS X 10_15_4) AppleWebKit/537.36 (KHTML, like Gecko) Chrome/81.0.4044.129 Safari/537.36"
::1 - - [03/May/2020:07:53:21 +0000] "OPTIONS * HTTP/1.0" 200 - "-" "Apache/2.4.41 (Amazon) PHP/5.6.40 (internal dummy connection)"
::1 - - [03/May/2020:07:53:28 +0000] "OPTIONS * HTTP/1.0" 200 - "-" "Apache/2.4.41 (Amazon) PHP/5.6.40 (internal dummy connection)"
162.221.222.241 - - [03/May/2020:07:53:31 +0000] "POST /backoffice/dashboard/ajaxNotification HTTP/1.1" 200 4 "http://3.14.10.249/backoffice/dashboard" "Mozilla/5.0 (Macintosh; Intel Mac OS X 10_15_4) AppleWebKit/537.36 (KHTML, like Gecko) Chrome/81.0.4044.129 Safari/537.36"
103.134.24.227 - - [03/May/2020:07:53:38 +0000] "POST /backoffice/dashboard/ajaxNotification HTTP/1.1" 200 4 "http://partners.thribby.com/backoffice/dashboard" "Mozilla/5.0 (Windows NT 6.1; Win64; x64) AppleWebKit/537.36 (KHTML, like Gecko) Chrome/81.0.4044.129 Safari/537.36"
162.221.222.241 - - [03/May/2020:07:53:41 +0000] "POST /backoffice/dashboard/ajaxNotification HTTP/1.1" 200 4 "http://3.14.10.249/backoffice/dashboard" "Mozilla/5.0 (Macintosh; Intel Mac OS X 10_15_4) AppleWebKit/537.36 (KHTML, like Gecko) Chrome/81.0.4044.129 Safari/537.36"
162.221.222.241 - - [03/May/2020:07:54:16 +0000] "POST /backoffice/dashboard/ajaxNotification HTTP/1.1" 200 4 "http://3.14.10.249/backoffice/dashboard" "Mozilla/5.0 (Macintosh; Intel Mac OS X 10_15_4) AppleWebKit/537.36 (KHTML, like Gecko) Chrome/81.0.4044.129 Safari/537.36"
162.221.222.241 - - [03/May/2020:07:54:26 +0000] "POST /backoffice/dashboard/ajaxNotification HTTP/1.1" 200 4 "http://3.14.10.249/backoffice/dashboard" "Mozilla/5.0 (Macintosh; Intel Mac OS X 10_15_4) AppleWebKit/537.36 (KHTML, like Gecko) Chrome/81.0.4044.129 Safari/537.36"
162.221.222.241 - - [03/May/2020:07:54:35 +0000] "POST /backoffice/dashboard/ajaxNotification HTTP/1.1" 200 4 "http://3.14.10.249/backoffice/dashboard" "Mozilla/5.0 (Macintosh; Intel Mac OS X 10_15_4) AppleWebKit/537.36 (KHTML, like Gecko) Chrome/81.0.4044.129 Safari/537.36"
162.221.222.241 - - [03/May/2020:07:54:43 +0000] "POST /backoffice/dashboard/ajaxNotification HTTP/1.1" 200 4 "http://3.14.10.249/backoffice/dashboard" "Mozilla/5.0 (Macintosh; Intel Mac OS X 10_15_4) AppleWebKit/537.36 (KHTML, like Gecko) Chrome/81.0.4044.129 Safari/537.36"
103.134.24.227 - - [03/May/2020:07:54:46 +0000] "POST /backoffice/dashboard/ajaxNotification HTTP/1.1" 200 4 "http://partners.thribby.com/backoffice/dashboard" "Mozilla/5.0 (Windows NT 6.1; Win64; x64) AppleWebKit/537.36 (KHTML, like Gecko) Chrome/81.0.4044.129 Safari/537.36"
162.221.222.241 - - [03/May/2020:07:54:51 +0000] "POST /backoffice/dashboard/ajaxNotification HTTP/1.1" 200 4 "http://3.14.10.249/backoffice/dashboard" "Mozilla/5.0 (Macintosh; Intel Mac OS X 10_15_4) AppleWebKit/537.36 (KHTML, like Gecko) Chrome/81.0.4044.129 Safari/537.36"
162.221.222.241 - - [03/May/2020:07:55:01 +0000] "POST /backoffice/dashboard/ajaxNotification HTTP/1.1" 200 4 "http://3.14.10.249/backoffice/dashboard" "Mozilla/5.0 (Macintosh; Intel Mac OS X 10_15_4) AppleWebKit/537.36 (KHTML, like Gecko) Chrome/81.0.4044.129 Safari/537.36"
162.221.222.241 - - [03/May/2020:07:55:10 +0000] "POST /backoffice/dashboard/ajaxNotification HTTP/1.1" 200 4 "http://3.14.10.249/backoffice/dashboard" "Mozilla/5.0 (Macintosh; Intel Mac OS X 10_15_4) AppleWebKit/537.36 (KHTML, like Gecko) Chrome/81.0.4044.129 Safari/537.36"
162.221.222.241 - - [03/May/2020:07:55:20 +0000] "POST /backoffice/dashboard/ajaxNotification HTTP/1.1" 200 4 "http://3.14.10.249/backoffice/dashboard" "Mozilla/5.0 (Macintosh; Intel Mac OS X 10_15_4) AppleWebKit/537.36 (KHTML, like Gecko) Chrome/81.0.4044.129 Safari/537.36"
162.221.222.241 - - [03/May/2020:07:55:31 +0000] "POST /backoffice/dashboard/ajaxNotification HTTP/1.1" 200 4 "http://3.14.10.249/backoffice/dashboard" "Mozilla/5.0 (Macintosh; Intel Mac OS X 10_15_4) AppleWebKit/537.36 (KHTML, like Gecko) Chrome/81.0.4044.129 Safari/537.36"
162.221.222.241 - - [03/May/2020:07:55:40 +0000] "POST /backoffice/dashboard/ajaxNotification HTTP/1.1" 200 4 "http://3.14.10.249/backoffice/dashboard" "Mozilla/5.0 (Macintosh; Intel Mac OS X 10_15_4) AppleWebKit/537.36 (KHTML, like Gecko) Chrome/81.0.4044.129 Safari/537.36"
162.221.222.241 - - [03/May/2020:07:55:50 +0000] "POST /backoffice/dashboard/ajaxNotification HTTP/1.1" 200 4 "http://3.14.10.249/backoffice/dashboard" "Mozilla/5.0 (Macintosh; Intel Mac OS X 10_15_4) AppleWebKit/537.36 (KHTML, like Gecko) Chrome/81.0.4044.129 Safari/537.36"
162.221.222.241 - - [03/May/2020:07:55:54 +0000] "GET /backoffice/system_option/view HTTP/1.1" 200 70540 "http://3.14.10.249/backoffice/dashboard" "Mozilla/5.0 (Macintosh; Intel Mac OS X 10_15_4) AppleWebKit/537.36 (KHTML, like Gecko) Chrome/81.0.4044.129 Safari/537.36"
103.134.24.227 - - [03/May/2020:07:55:57 +0000] "POST /backoffice/dashboard/ajaxNotification HTTP/1.1" 200 4 "http://partners.thribby.com/backoffice/dashboard" "Mozilla/5.0 (Windows NT 6.1; Win64; x64) AppleWebKit/537.36 (KHTML, like Gecko) Chrome/81.0.4044.129 Safari/537.36"
5.101.0.209 - - [03/May/2020:07:55:59 +0000] "GET /vendor/phpunit/phpunit/src/Util/PHP/eval-stdin.php HTTP/1.1" 404 1130 "-" "Mozilla/5.0 (Windows NT 10.0; Win64; x64) AppleWebKit/537.36 (KHTML, like Gecko) Chrome/78.0.3904.108 Safari/537.36"
162.221.222.241 - - [03/May/2020:07:56:02 +0000] "GET /backoffice/users/driver HTTP/1.1" 200 30359 "http://3.14.10.249/backoffice/system_option/view" "Mozilla/5.0 (Macintosh; Intel Mac OS X 10_15_4) AppleWebKit/537.36 (KHTML, like Gecko) Chrome/81.0.4044.129 Safari/537.36"
162.221.222.241 - - [03/May/2020:07:56:02 +0000] "POST /backoffice/users/ajaxdriverview HTTP/1.1" 200 66 "http://3.14.10.249/backoffice/users/driver" "Mozilla/5.0 (Macintosh; Intel Mac OS X 10_15_4) AppleWebKit/537.36 (KHTML, like Gecko) Chrome/81.0.4044.129 Safari/537.36"
162.221.222.241 - - [03/May/2020:07:56:05 +0000] "GET /backoffice/users/add/driver HTTP/1.1" 200 26532 "http://3.14.10.249/backoffice/users/driver" "Mozilla/5.0 (Macintosh; Intel Mac OS X 10_15_4) AppleWebKit/537.36 (KHTML, like Gecko) Chrome/81.0.4044.129 Safari/537.36"
162.221.222.241 - - [03/May/2020:07:56:06 +0000] "GET /assets/admin/plugins/ckeditor/ckeditor.js HTTP/1.1" 200 520246 "http://3.14.10.249/backoffice/users/add/driver" "Mozilla/5.0 (Macintosh; Intel Mac OS X 10_15_4) AppleWebKit/537.36 (KHTML, like Gecko) Chrome/81.0.4044.129 Safari/537.36"
162.221.222.241 - - [03/May/2020:07:56:09 +0000] "GET /backoffice/users/view HTTP/1.1" 200 35065 "http://3.14.10.249/backoffice/users/add/driver" "Mozilla/5.0 (Macintosh; Intel Mac OS X 10_15_4) AppleWebKit/537.36 (KHTML, like Gecko) Chrome/81.0.4044.129 Safari/537.36"
162.221.222.241 - - [03/May/2020:07:56:09 +0000] "POST /backoffice/users/ajaxview HTTP/1.1" 200 66 "http://3.14.10.249/backoffice/users/view" "Mozilla/5.0 (Macintosh; Intel Mac OS X 10_15_4) AppleWebKit/537.36 (KHTML, like Gecko) Chrome/81.0.4044.129 Safari/537.36"
162.221.222.241 - - [03/May/2020:07:56:09 +0000] "GET /backoffice/assets/admin/img/loading-spinner-grey.gif HTTP/1.1" 404 1130 "http://3.14.10.249/backoffice/users/view" "Mozilla/5.0 (Macintosh; Intel Mac OS X 10_15_4) AppleWebKit/537.36 (KHTML, like Gecko) Chrome/81.0.4044.129 Safari/537.36"
162.221.222.241 - - [03/May/2020:07:56:09 +0000] "POST /backoffice/users/ajaxViewAddress HTTP/1.1" 200 66 "http://3.14.10.249/backoffice/users/view" "Mozilla/5.0 (Macintosh; Intel Mac OS X 10_15_4) AppleWebKit/537.36 (KHTML, like Gecko) Chrome/81.0.4044.129 Safari/537.36"
162.221.222.241 - - [03/May/2020:07:56:12 +0000] "GET /backoffice/category/view HTTP/1.1" 200 25670 "http://3.14.10.249/backoffice/users/view" "Mozilla/5.0 (Macintosh; Intel Mac OS X 10_15_4) AppleWebKit/537.36 (KHTML, like Gecko) Chrome/81.0.4044.129 Safari/537.36"
162.221.222.241 - - [03/May/2020:07:56:13 +0000] "POST /backoffice/category/ajaxview HTTP/1.1" 200 66 "http://3.14.10.249/backoffice/category/view" "Mozilla/5.0 (Macintosh; Intel Mac OS X 10_15_4) AppleWebKit/537.36 (KHTML, like Gecko) Chrome/81.0.4044.129 Safari/537.36"
162.221.222.241 - - [03/May/2020:07:56:15 +0000] "GET /backoffice/coupon/view HTTP/1.1" 200 25929 "http://3.14.10.249/backoffice/category/view" "Mozilla/5.0 (Macintosh; Intel Mac OS X 10_15_4) AppleWebKit/537.36 (KHTML, like Gecko) Chrome/81.0.4044.129 Safari/537.36"
162.221.222.241 - - [03/May/2020:07:56:15 +0000] "POST /backoffice/coupon/ajaxview HTTP/1.1" 200 66 "http://3.14.10.249/backoffice/coupon/view" "Mozilla/5.0 (Macintosh; Intel Mac OS X 10_15_4) AppleWebKit/537.36 (KHTML, like Gecko) Chrome/81.0.4044.129 Safari/537.36"
162.221.222.241 - - [03/May/2020:07:56:18 +0000] "GET /backoffice/review/view HTTP/1.1" 200 26162 "http://3.14.10.249/backoffice/coupon/view" "Mozilla/5.0 (Macintosh; Intel Mac OS X 10_15_4) AppleWebKit/537.36 (KHTML, like Gecko) Chrome/81.0.4044.129 Safari/537.36"
162.221.222.241 - - [03/May/2020:07:56:18 +0000] "POST /backoffice/review/ajaxview HTTP/1.1" 200 66 "http://3.14.10.249/backoffice/review/view" "Mozilla/5.0 (Macintosh; Intel Mac OS X 10_15_4) AppleWebKit/537.36 (KHTML, like Gecko) Chrome/81.0.4044.129 Safari/537.36"
162.221.222.241 - - [03/May/2020:07:56:28 +0000] "POST /backoffice/dashboard/ajaxNotification HTTP/1.1" 200 4 "http://3.14.10.249/backoffice/review/view" "Mozilla/5.0 (Macintosh; Intel Mac OS X 10_15_4) AppleWebKit/537.36 (KHTML, like Gecko) Chrome/81.0.4044.129 Safari/537.36"
162.221.222.241 - - [03/May/2020:07:56:38 +0000] "POST /backoffice/dashboard/ajaxNotification HTTP/1.1" 200 4 "http://3.14.10.249/backoffice/review/view" "Mozilla/5.0 (Macintosh; Intel Mac OS X 10_15_4) AppleWebKit/537.36 (KHTML, like Gecko) Chrome/81.0.4044.129 Safari/537.36"
103.134.24.227 - - [03/May/2020:07:56:48 +0000] "-" 408 - "-" "-"
162.221.222.241 - - [03/May/2020:07:56:48 +0000] "POST /backoffice/dashboard/ajaxNotification HTTP/1.1" 200 4 "http://3.14.10.249/backoffice/review/view" "Mozilla/5.0 (Macintosh; Intel Mac OS X 10_15_4) AppleWebKit/537.36 (KHTML, like Gecko) Chrome/81.0.4044.129 Safari/537.36"
162.221.222.241 - - [03/May/2020:07:56:58 +0000] "POST /backoffice/dashboard/ajaxNotification HTTP/1.1" 200 4 "http://3.14.10.249/backoffice/review/view" "Mozilla/5.0 (Macintosh; Intel Mac OS X 10_15_4) AppleWebKit/537.36 (KHTML, like Gecko) Chrome/81.0.4044.129 Safari/537.36"
162.221.222.241 - - [03/May/2020:07:57:08 +0000] "POST /backoffice/dashboard/ajaxNotification HTTP/1.1" 200 4 "http://3.14.10.249/backoffice/review/view" "Mozilla/5.0 (Macintosh; Intel Mac OS X 10_15_4) AppleWebKit/537.36 (KHTML, like Gecko) Chrome/81.0.4044.129 Safari/537.36"
103.134.24.227 - - [03/May/2020:07:57:15 +0000] "POST /backoffice/dashboard/ajaxNotification HTTP/1.1" 200 4 "http://partners.thribby.com/backoffice/dashboard" "Mozilla/5.0 (Windows NT 6.1; Win64; x64) AppleWebKit/537.36 (KHTML, like Gecko) Chrome/81.0.4044.129 Safari/537.36"
162.221.222.241 - - [03/May/2020:07:57:18 +0000] "POST /backoffice/dashboard/ajaxNotification HTTP/1.1" 200 4 "http://3.14.10.249/backoffice/review/view" "Mozilla/5.0 (Macintosh; Intel Mac OS X 10_15_4) AppleWebKit/537.36 (KHTML, like Gecko) Chrome/81.0.4044.129 Safari/537.36"
162.221.222.241 - - [03/May/2020:07:57:28 +0000] "POST /backoffice/dashboard/ajaxNotification HTTP/1.1" 200 4 "http://3.14.10.249/backoffice/review/view" "Mozilla/5.0 (Macintosh; Intel Mac OS X 10_15_4) AppleWebKit/537.36 (KHTML, like Gecko) Chrome/81.0.4044.129 Safari/537.36"
162.221.222.241 - - [03/May/2020:07:57:39 +0000] "POST /backoffice/dashboard/ajaxNotification HTTP/1.1" 200 4 "http://3.14.10.249/backoffice/review/view" "Mozilla/5.0 (Macintosh; Intel Mac OS X 10_15_4) AppleWebKit/537.36 (KHTML, like Gecko) Chrome/81.0.4044.129 Safari/537.36"
162.221.222.241 - - [03/May/2020:07:57:48 +0000] "POST /backoffice/dashboard/ajaxNotification HTTP/1.1" 200 4 "http://3.14.10.249/backoffice/review/view" "Mozilla/5.0 (Macintosh; Intel Mac OS X 10_15_4) AppleWebKit/537.36 (KHTML, like Gecko) Chrome/81.0.4044.129 Safari/537.36"
162.221.222.241 - - [03/May/2020:07:57:59 +0000] "POST /backoffice/dashboard/ajaxNotification HTTP/1.1" 200 4 "http://3.14.10.249/backoffice/review/view" "Mozilla/5.0 (Macintosh; Intel Mac OS X 10_15_4) AppleWebKit/537.36 (KHTML, like Gecko) Chrome/81.0.4044.129 Safari/537.36"
103.134.24.227 - - [03/May/2020:07:58:07 +0000] "-" 408 - "-" "-"
162.221.222.241 - - [03/May/2020:07:58:09 +0000] "POST /backoffice/dashboard/ajaxNotification HTTP/1.1" 200 4 "http://3.14.10.249/backoffice/review/view" "Mozilla/5.0 (Macintosh; Intel Mac OS X 10_15_4) AppleWebKit/537.36 (KHTML, like Gecko) Chrome/81.0.4044.129 Safari/537.36"
103.134.24.227 - - [03/May/2020:07:58:24 +0000] "POST /backoffice/dashboard/ajaxNotification HTTP/1.1" 200 4 "http://partners.thribby.com/backoffice/dashboard" "Mozilla/5.0 (Windows NT 6.1; Win64; x64) AppleWebKit/537.36 (KHTML, like Gecko) Chrome/81.0.4044.129 Safari/537.36"
162.221.222.241 - - [03/May/2020:07:58:48 +0000] "POST /backoffice/dashboard/ajaxNotification HTTP/1.1" 200 4 "http://3.14.10.249/backoffice/review/view" "Mozilla/5.0 (Macintosh; Intel Mac OS X 10_15_4) AppleWebKit/537.36 (KHTML, like Gecko) Chrome/81.0.4044.129 Safari/537.36"
162.221.222.241 - - [03/May/2020:07:58:55 +0000] "POST /backoffice/dashboard/ajaxNotification HTTP/1.1" 200 4 "http://3.14.10.249/backoffice/review/view" "Mozilla/5.0 (Macintosh; Intel Mac OS X 10_15_4) AppleWebKit/537.36 (KHTML, like Gecko) Chrome/81.0.4044.129 Safari/537.36"
162.221.222.241 - - [03/May/2020:07:59:05 +0000] "POST /backoffice/dashboard/ajaxNotification HTTP/1.1" 200 4 "http://3.14.10.249/backoffice/review/view" "Mozilla/5.0 (Macintosh; Intel Mac OS X 10_15_4) AppleWebKit/537.36 (KHTML, like Gecko) Chrome/81.0.4044.129 Safari/537.36"
162.221.222.241 - - [03/May/2020:07:59:12 +0000] "POST /backoffice/dashboard/ajaxNotification HTTP/1.1" 200 4 "http://3.14.10.249/backoffice/review/view" "Mozilla/5.0 (Macintosh; Intel Mac OS X 10_15_4) AppleWebKit/537.36 (KHTML, like Gecko) Chrome/81.0.4044.129 Safari/537.36"
162.221.222.241 - - [03/May/2020:07:59:20 +0000] "POST /backoffice/dashboard/ajaxNotification HTTP/1.1" 200 4 "http://3.14.10.249/backoffice/review/view" "Mozilla/5.0 (Macintosh; Intel Mac OS X 10_15_4) AppleWebKit/537.36 (KHTML, like Gecko) Chrome/81.0.4044.129 Safari/537.36"
162.221.222.241 - - [03/May/2020:07:59:28 +0000] "POST /backoffice/dashboard/ajaxNotification HTTP/1.1" 200 4 "http://3.14.10.249/backoffice/review/view" "Mozilla/5.0 (Macintosh; Intel Mac OS X 10_15_4) AppleWebKit/537.36 (KHTML, like Gecko) Chrome/81.0.4044.129 Safari/537.36"
103.134.24.227 - - [03/May/2020:07:59:28 +0000] "POST /backoffice/dashboard/ajaxNotification HTTP/1.1" 200 4 "http://partners.thribby.com/backoffice/dashboard" "Mozilla/5.0 (Windows NT 6.1; Win64; x64) AppleWebKit/537.36 (KHTML, like Gecko) Chrome/81.0.4044.129 Safari/537.36"
162.221.222.241 - - [03/May/2020:07:59:33 +0000] "GET /backoffice/event/view HTTP/1.1" 200 34921 "http://3.14.10.249/backoffice/review/view" "Mozilla/5.0 (Macintosh; Intel Mac OS X 10_15_4) AppleWebKit/537.36 (KHTML, like Gecko) Chrome/81.0.4044.129 Safari/537.36"
162.221.222.241 - - [03/May/2020:07:59:34 +0000] "POST /backoffice/event/ajaxview HTTP/1.1" 200 66 "http://3.14.10.249/backoffice/event/view" "Mozilla/5.0 (Macintosh; Intel Mac OS X 10_15_4) AppleWebKit/537.36 (KHTML, like Gecko) Chrome/81.0.4044.129 Safari/537.36"
162.221.222.241 - - [03/May/2020:07:59:44 +0000] "POST /backoffice/dashboard/ajaxNotification HTTP/1.1" 200 4 "http://3.14.10.249/backoffice/event/view" "Mozilla/5.0 (Macintosh; Intel Mac OS X 10_15_4) AppleWebKit/537.36 (KHTML, like Gecko) Chrome/81.0.4044.129 Safari/537.36"
162.221.222.241 - - [03/May/2020:07:59:54 +0000] "POST /backoffice/dashboard/ajaxNotification HTTP/1.1" 200 4 "http://3.14.10.249/backoffice/event/view" "Mozilla/5.0 (Macintosh; Intel Mac OS X 10_15_4) AppleWebKit/537.36 (KHTML, like Gecko) Chrome/81.0.4044.129 Safari/537.36"
162.221.222.241 - - [03/May/2020:08:00:04 +0000] "POST /backoffice/dashboard/ajaxNotification HTTP/1.1" 200 4 "http://3.14.10.249/backoffice/event/view" "Mozilla/5.0 (Macintosh; Intel Mac OS X 10_15_4) AppleWebKit/537.36 (KHTML, like Gecko) Chrome/81.0.4044.129 Safari/537.36"
162.221.222.241 - - [03/May/2020:08:00:14 +0000] "POST /backoffice/dashboard/ajaxNotification HTTP/1.1" 200 4 "http://3.14.10.249/backoffice/event/view" "Mozilla/5.0 (Macintosh; Intel Mac OS X 10_15_4) AppleWebKit/537.36 (KHTML, like Gecko) Chrome/81.0.4044.129 Safari/537.36"
162.221.222.241 - - [03/May/2020:08:00:24 +0000] "POST /backoffice/dashboard/ajaxNotification HTTP/1.1" 200 4 "http://3.14.10.249/backoffice/event/view" "Mozilla/5.0 (Macintosh; Intel Mac OS X 10_15_4) AppleWebKit/537.36 (KHTML, like Gecko) Chrome/81.0.4044.129 Safari/537.36"
162.221.222.241 - - [03/May/2020:08:00:35 +0000] "POST /backoffice/dashboard/ajaxNotification HTTP/1.1" 200 4 "http://3.14.10.249/backoffice/event/view" "Mozilla/5.0 (Macintosh; Intel Mac OS X 10_15_4) AppleWebKit/537.36 (KHTML, like Gecko) Chrome/81.0.4044.129 Safari/537.36"
162.221.222.241 - - [03/May/2020:08:00:45 +0000] "POST /backoffice/dashboard/ajaxNotification HTTP/1.1" 200 4 "http://3.14.10.249/backoffice/event/view" "Mozilla/5.0 (Macintosh; Intel Mac OS X 10_15_4) AppleWebKit/537.36 (KHTML, like Gecko) Chrome/81.0.4044.129 Safari/537.36"
103.134.24.227 - - [03/May/2020:08:00:46 +0000] "POST /backoffice/dashboard/ajaxNotification HTTP/1.1" 200 4 "http://partners.thribby.com/backoffice/dashboard" "Mozilla/5.0 (Windows NT 6.1; Win64; x64) AppleWebKit/537.36 (KHTML, like Gecko) Chrome/81.0.4044.129 Safari/537.36"
162.221.222.241 - - [03/May/2020:08:00:55 +0000] "POST /backoffice/dashboard/ajaxNotification HTTP/1.1" 200 4 "http://3.14.10.249/backoffice/event/view" "Mozilla/5.0 (Macintosh; Intel Mac OS X 10_15_4) AppleWebKit/537.36 (KHTML, like Gecko) Chrome/81.0.4044.129 Safari/537.36"
162.221.222.241 - - [03/May/2020:08:01:04 +0000] "POST /backoffice/dashboard/ajaxNotification HTTP/1.1" 200 4 "http://3.14.10.249/backoffice/event/view" "Mozilla/5.0 (Macintosh; Intel Mac OS X 10_15_4) AppleWebKit/537.36 (KHTML, like Gecko) Chrome/81.0.4044.129 Safari/537.36"
162.221.222.241 - - [03/May/2020:08:01:14 +0000] "POST /backoffice/dashboard/ajaxNotification HTTP/1.1" 200 4 "http://3.14.10.249/backoffice/event/view" "Mozilla/5.0 (Macintosh; Intel Mac OS X 10_15_4) AppleWebKit/537.36 (KHTML, like Gecko) Chrome/81.0.4044.129 Safari/537.36"
162.221.222.241 - - [03/May/2020:08:01:25 +0000] "POST /backoffice/dashboard/ajaxNotification HTTP/1.1" 200 4 "http://3.14.10.249/backoffice/event/view" "Mozilla/5.0 (Macintosh; Intel Mac OS X 10_15_4) AppleWebKit/537.36 (KHTML, like Gecko) Chrome/81.0.4044.129 Safari/537.36"
162.221.222.241 - - [03/May/2020:08:01:34 +0000] "POST /backoffice/dashboard/ajaxNotification HTTP/1.1" 200 4 "http://3.14.10.249/backoffice/event/view" "Mozilla/5.0 (Macintosh; Intel Mac OS X 10_15_4) AppleWebKit/537.36 (KHTML, like Gecko) Chrome/81.0.4044.129 Safari/537.36"
162.221.222.241 - - [03/May/2020:08:01:44 +0000] "POST /backoffice/dashboard/ajaxNotification HTTP/1.1" 200 4 "http://3.14.10.249/backoffice/event/view" "Mozilla/5.0 (Macintosh; Intel Mac OS X 10_15_4) AppleWebKit/537.36 (KHTML, like Gecko) Chrome/81.0.4044.129 Safari/537.36"
162.221.222.241 - - [03/May/2020:08:01:54 +0000] "POST /backoffice/dashboard/ajaxNotification HTTP/1.1" 200 4 "http://3.14.10.249/backoffice/event/view" "Mozilla/5.0 (Macintosh; Intel Mac OS X 10_15_4) AppleWebKit/537.36 (KHTML, like Gecko) Chrome/81.0.4044.129 Safari/537.36"
103.134.24.227 - - [03/May/2020:08:02:01 +0000] "POST /backoffice/dashboard/ajaxNotification HTTP/1.1" 200 4 "http://partners.thribby.com/backoffice/dashboard" "Mozilla/5.0 (Windows NT 6.1; Win64; x64) AppleWebKit/537.36 (KHTML, like Gecko) Chrome/81.0.4044.129 Safari/537.36"
162.221.222.241 - - [03/May/2020:08:02:04 +0000] "POST /backoffice/dashboard/ajaxNotification HTTP/1.1" 200 4 "http://3.14.10.249/backoffice/event/view" "Mozilla/5.0 (Macintosh; Intel Mac OS X 10_15_4) AppleWebKit/537.36 (KHTML, like Gecko) Chrome/81.0.4044.129 Safari/537.36"
162.221.222.241 - - [03/May/2020:08:02:15 +0000] "POST /backoffice/dashboard/ajaxNotification HTTP/1.1" 200 4 "http://3.14.10.249/backoffice/event/view" "Mozilla/5.0 (Macintosh; Intel Mac OS X 10_15_4) AppleWebKit/537.36 (KHTML, like Gecko) Chrome/81.0.4044.129 Safari/537.36"
162.221.222.241 - - [03/May/2020:08:02:24 +0000] "POST /backoffice/dashboard/ajaxNotification HTTP/1.1" 200 4 "http://3.14.10.249/backoffice/event/view" "Mozilla/5.0 (Macintosh; Intel Mac OS X 10_15_4) AppleWebKit/537.36 (KHTML, like Gecko) Chrome/81.0.4044.129 Safari/537.36"
162.221.222.241 - - [03/May/2020:08:02:34 +0000] "POST /backoffice/dashboard/ajaxNotification HTTP/1.1" 200 4 "http://3.14.10.249/backoffice/event/view" "Mozilla/5.0 (Macintosh; Intel Mac OS X 10_15_4) AppleWebKit/537.36 (KHTML, like Gecko) Chrome/81.0.4044.129 Safari/537.36"
162.221.222.241 - - [03/May/2020:08:02:44 +0000] "POST /backoffice/dashboard/ajaxNotification HTTP/1.1" 200 4 "http://3.14.10.249/backoffice/event/view" "Mozilla/5.0 (Macintosh; Intel Mac OS X 10_15_4) AppleWebKit/537.36 (KHTML, like Gecko) Chrome/81.0.4044.129 Safari/537.36"
162.221.222.241 - - [03/May/2020:08:02:55 +0000] "POST /backoffice/dashboard/ajaxNotification HTTP/1.1" 200 4 "http://3.14.10.249/backoffice/event/view" "Mozilla/5.0 (Macintosh; Intel Mac OS X 10_15_4) AppleWebKit/537.36 (KHTML, like Gecko) Chrome/81.0.4044.129 Safari/537.36"
162.221.222.241 - - [03/May/2020:08:03:04 +0000] "POST /backoffice/dashboard/ajaxNotification HTTP/1.1" 200 4 "http://3.14.10.249/backoffice/event/view" "Mozilla/5.0 (Macintosh; Intel Mac OS X 10_15_4) AppleWebKit/537.36 (KHTML, like Gecko) Chrome/81.0.4044.129 Safari/537.36"
162.221.222.241 - - [03/May/2020:08:03:14 +0000] "POST /backoffice/dashboard/ajaxNotification HTTP/1.1" 200 4 "http://3.14.10.249/backoffice/event/view" "Mozilla/5.0 (Macintosh; Intel Mac OS X 10_15_4) AppleWebKit/537.36 (KHTML, like Gecko) Chrome/81.0.4044.129 Safari/537.36"
103.134.24.227 - - [03/May/2020:08:03:15 +0000] "POST /backoffice/dashboard/ajaxNotification HTTP/1.1" 200 4 "http://partners.thribby.com/backoffice/dashboard" "Mozilla/5.0 (Windows NT 6.1; Win64; x64) AppleWebKit/537.36 (KHTML, like Gecko) Chrome/81.0.4044.129 Safari/537.36"
162.221.222.241 - - [03/May/2020:08:03:24 +0000] "POST /backoffice/dashboard/ajaxNotification HTTP/1.1" 200 4 "http://3.14.10.249/backoffice/event/view" "Mozilla/5.0 (Macintosh; Intel Mac OS X 10_15_4) AppleWebKit/537.36 (KHTML, like Gecko) Chrome/81.0.4044.129 Safari/537.36"
162.221.222.241 - - [03/May/2020:08:03:35 +0000] "POST /backoffice/dashboard/ajaxNotification HTTP/1.1" 200 4 "http://3.14.10.249/backoffice/event/view" "Mozilla/5.0 (Macintosh; Intel Mac OS X 10_15_4) AppleWebKit/537.36 (KHTML, like Gecko) Chrome/81.0.4044.129 Safari/537.36"
162.221.222.241 - - [03/May/2020:08:03:44 +0000] "POST /backoffice/dashboard/ajaxNotification HTTP/1.1" 200 4 "http://3.14.10.249/backoffice/event/view" "Mozilla/5.0 (Macintosh; Intel Mac OS X 10_15_4) AppleWebKit/537.36 (KHTML, like Gecko) Chrome/81.0.4044.129 Safari/537.36"
162.221.222.241 - - [03/May/2020:08:03:54 +0000] "POST /backoffice/dashboard/ajaxNotification HTTP/1.1" 200 4 "http://3.14.10.249/backoffice/event/view" "Mozilla/5.0 (Macintosh; Intel Mac OS X 10_15_4) AppleWebKit/537.36 (KHTML, like Gecko) Chrome/81.0.4044.129 Safari/537.36"
162.221.222.241 - - [03/May/2020:08:04:05 +0000] "POST /backoffice/dashboard/ajaxNotification HTTP/1.1" 200 4 "http://3.14.10.249/backoffice/event/view" "Mozilla/5.0 (Macintosh; Intel Mac OS X 10_15_4) AppleWebKit/537.36 (KHTML, like Gecko) Chrome/81.0.4044.129 Safari/537.36"
162.221.222.241 - - [03/May/2020:08:04:14 +0000] "POST /backoffice/dashboard/ajaxNotification HTTP/1.1" 200 4 "http://3.14.10.249/backoffice/event/view" "Mozilla/5.0 (Macintosh; Intel Mac OS X 10_15_4) AppleWebKit/537.36 (KHTML, like Gecko) Chrome/81.0.4044.129 Safari/537.36"
162.221.222.241 - - [03/May/2020:08:04:24 +0000] "POST /backoffice/dashboard/ajaxNotification HTTP/1.1" 200 4 "http://3.14.10.249/backoffice/event/view" "Mozilla/5.0 (Macintosh; Intel Mac OS X 10_15_4) AppleWebKit/537.36 (KHTML, like Gecko) Chrome/81.0.4044.129 Safari/537.36"
162.221.222.241 - - [03/May/2020:08:04:35 +0000] "POST /backoffice/dashboard/ajaxNotification HTTP/1.1" 200 4 "http://3.14.10.249/backoffice/event/view" "Mozilla/5.0 (Macintosh; Intel Mac OS X 10_15_4) AppleWebKit/537.36 (KHTML, like Gecko) Chrome/81.0.4044.129 Safari/537.36"
103.134.24.227 - - [03/May/2020:08:04:35 +0000] "POST /backoffice/dashboard/ajaxNotification HTTP/1.1" 200 4 "http://partners.thribby.com/backoffice/dashboard" "Mozilla/5.0 (Windows NT 6.1; Win64; x64) AppleWebKit/537.36 (KHTML, like Gecko) Chrome/81.0.4044.129 Safari/537.36"
162.221.222.241 - - [03/May/2020:08:04:44 +0000] "POST /backoffice/dashboard/ajaxNotification HTTP/1.1" 200 4 "http://3.14.10.249/backoffice/event/view" "Mozilla/5.0 (Macintosh; Intel Mac OS X 10_15_4) AppleWebKit/537.36 (KHTML, like Gecko) Chrome/81.0.4044.129 Safari/537.36"
162.221.222.241 - - [03/May/2020:08:04:54 +0000] "POST /backoffice/dashboard/ajaxNotification HTTP/1.1" 200 4 "http://3.14.10.249/backoffice/event/view" "Mozilla/5.0 (Macintosh; Intel Mac OS X 10_15_4) AppleWebKit/537.36 (KHTML, like Gecko) Chrome/81.0.4044.129 Safari/537.36"
162.221.222.241 - - [03/May/2020:08:05:04 +0000] "POST /backoffice/dashboard/ajaxNotification HTTP/1.1" 200 4 "http://3.14.10.249/backoffice/event/view" "Mozilla/5.0 (Macintosh; Intel Mac OS X 10_15_4) AppleWebKit/537.36 (KHTML, like Gecko) Chrome/81.0.4044.129 Safari/537.36"
162.221.222.241 - - [03/May/2020:08:05:15 +0000] "POST /backoffice/dashboard/ajaxNotification HTTP/1.1" 200 4 "http://3.14.10.249/backoffice/event/view" "Mozilla/5.0 (Macintosh; Intel Mac OS X 10_15_4) AppleWebKit/537.36 (KHTML, like Gecko) Chrome/81.0.4044.129 Safari/537.36"
162.221.222.241 - - [03/May/2020:08:05:24 +0000] "POST /backoffice/dashboard/ajaxNotification HTTP/1.1" 200 4 "http://3.14.10.249/backoffice/event/view" "Mozilla/5.0 (Macintosh; Intel Mac OS X 10_15_4) AppleWebKit/537.36 (KHTML, like Gecko) Chrome/81.0.4044.129 Safari/537.36"
162.221.222.241 - - [03/May/2020:08:05:35 +0000] "POST /backoffice/dashboard/ajaxNotification HTTP/1.1" 200 4 "http://3.14.10.249/backoffice/event/view" "Mozilla/5.0 (Macintosh; Intel Mac OS X 10_15_4) AppleWebKit/537.36 (KHTML, like Gecko) Chrome/81.0.4044.129 Safari/537.36"
162.221.222.241 - - [03/May/2020:08:05:44 +0000] "POST /backoffice/dashboard/ajaxNotification HTTP/1.1" 200 4 "http://3.14.10.249/backoffice/event/view" "Mozilla/5.0 (Macintosh; Intel Mac OS X 10_15_4) AppleWebKit/537.36 (KHTML, like Gecko) Chrome/81.0.4044.129 Safari/537.36"
103.134.24.227 - - [03/May/2020:08:05:53 +0000] "POST /backoffice/dashboard/ajaxNotification HTTP/1.1" 200 4 "http://partners.thribby.com/backoffice/dashboard" "Mozilla/5.0 (Windows NT 6.1; Win64; x64) AppleWebKit/537.36 (KHTML, like Gecko) Chrome/81.0.4044.129 Safari/537.36"
162.221.222.241 - - [03/May/2020:08:05:55 +0000] "POST /backoffice/dashboard/ajaxNotification HTTP/1.1" 200 4 "http://3.14.10.249/backoffice/event/view" "Mozilla/5.0 (Macintosh; Intel Mac OS X 10_15_4) AppleWebKit/537.36 (KHTML, like Gecko) Chrome/81.0.4044.129 Safari/537.36"
162.221.222.241 - - [03/May/2020:08:06:05 +0000] "POST /backoffice/dashboard/ajaxNotification HTTP/1.1" 200 4 "http://3.14.10.249/backoffice/event/view" "Mozilla/5.0 (Macintosh; Intel Mac OS X 10_15_4) AppleWebKit/537.36 (KHTML, like Gecko) Chrome/81.0.4044.129 Safari/537.36"
162.221.222.241 - - [03/May/2020:08:06:15 +0000] "POST /backoffice/dashboard/ajaxNotification HTTP/1.1" 200 4 "http://3.14.10.249/backoffice/event/view" "Mozilla/5.0 (Macintosh; Intel Mac OS X 10_15_4) AppleWebKit/537.36 (KHTML, like Gecko) Chrome/81.0.4044.129 Safari/537.36"
162.221.222.241 - - [03/May/2020:08:06:25 +0000] "POST /backoffice/dashboard/ajaxNotification HTTP/1.1" 200 4 "http://3.14.10.249/backoffice/event/view" "Mozilla/5.0 (Macintosh; Intel Mac OS X 10_15_4) AppleWebKit/537.36 (KHTML, like Gecko) Chrome/81.0.4044.129 Safari/537.36"
162.221.222.241 - - [03/May/2020:08:06:34 +0000] "POST /backoffice/dashboard/ajaxNotification HTTP/1.1" 200 4 "http://3.14.10.249/backoffice/event/view" "Mozilla/5.0 (Macintosh; Intel Mac OS X 10_15_4) AppleWebKit/537.36 (KHTML, like Gecko) Chrome/81.0.4044.129 Safari/537.36"
162.221.222.241 - - [03/May/2020:08:06:45 +0000] "POST /backoffice/dashboard/ajaxNotification HTTP/1.1" 200 4 "http://3.14.10.249/backoffice/event/view" "Mozilla/5.0 (Macintosh; Intel Mac OS X 10_15_4) AppleWebKit/537.36 (KHTML, like Gecko) Chrome/81.0.4044.129 Safari/537.36"
103.134.24.227 - - [03/May/2020:08:06:45 +0000] "-" 408 - "-" "-"
162.221.222.241 - - [03/May/2020:08:06:55 +0000] "POST /backoffice/dashboard/ajaxNotification HTTP/1.1" 200 4 "http://3.14.10.249/backoffice/event/view" "Mozilla/5.0 (Macintosh; Intel Mac OS X 10_15_4) AppleWebKit/537.36 (KHTML, like Gecko) Chrome/81.0.4044.129 Safari/537.36"
162.221.222.241 - - [03/May/2020:08:07:02 +0000] "GET /backoffice/event/view HTTP/1.1" 200 34921 "http://3.14.10.249/backoffice/review/view" "Mozilla/5.0 (Macintosh; Intel Mac OS X 10_15_4) AppleWebKit/537.36 (KHTML, like Gecko) Chrome/81.0.4044.129 Safari/537.36"
162.221.222.241 - - [03/May/2020:08:07:02 +0000] "POST /backoffice/event/ajaxview HTTP/1.1" 200 66 "http://3.14.10.249/backoffice/event/view" "Mozilla/5.0 (Macintosh; Intel Mac OS X 10_15_4) AppleWebKit/537.36 (KHTML, like Gecko) Chrome/81.0.4044.129 Safari/537.36"
162.221.222.241 - - [03/May/2020:08:07:03 +0000] "GET /assets/admin/img/favicon.png HTTP/1.1" 200 2641 "http://3.14.10.249/backoffice/event/view" "Mozilla/5.0 (Macintosh; Intel Mac OS X 10_15_4) AppleWebKit/537.36 (KHTML, like Gecko) Chrome/81.0.4044.129 Safari/537.36"
162.221.222.241 - - [03/May/2020:08:07:12 +0000] "POST /backoffice/dashboard/ajaxNotification HTTP/1.1" 200 4 "http://3.14.10.249/backoffice/event/view" "Mozilla/5.0 (Macintosh; Intel Mac OS X 10_15_4) AppleWebKit/537.36 (KHTML, like Gecko) Chrome/81.0.4044.129 Safari/537.36"
103.134.24.227 - - [03/May/2020:08:07:13 +0000] "POST /backoffice/dashboard/ajaxNotification HTTP/1.1" 200 4 "http://partners.thribby.com/backoffice/dashboard" "Mozilla/5.0 (Windows NT 6.1; Win64; x64) AppleWebKit/537.36 (KHTML, like Gecko) Chrome/81.0.4044.129 Safari/537.36"
162.221.222.241 - - [03/May/2020:08:07:22 +0000] "POST /backoffice/dashboard/ajaxNotification HTTP/1.1" 200 4 "http://3.14.10.249/backoffice/event/view" "Mozilla/5.0 (Macintosh; Intel Mac OS X 10_15_4) AppleWebKit/537.36 (KHTML, like Gecko) Chrome/81.0.4044.129 Safari/537.36"
162.221.222.241 - - [03/May/2020:08:07:32 +0000] "POST /backoffice/dashboard/ajaxNotification HTTP/1.1" 200 4 "http://3.14.10.249/backoffice/event/view" "Mozilla/5.0 (Macintosh; Intel Mac OS X 10_15_4) AppleWebKit/537.36 (KHTML, like Gecko) Chrome/81.0.4044.129 Safari/537.36"
162.221.222.241 - - [03/May/2020:08:07:42 +0000] "POST /backoffice/dashboard/ajaxNotification HTTP/1.1" 200 4 "http://3.14.10.249/backoffice/event/view" "Mozilla/5.0 (Macintosh; Intel Mac OS X 10_15_4) AppleWebKit/537.36 (KHTML, like Gecko) Chrome/81.0.4044.129 Safari/537.36"
162.221.222.241 - - [03/May/2020:08:07:52 +0000] "POST /backoffice/dashboard/ajaxNotification HTTP/1.1" 200 4 "http://3.14.10.249/backoffice/event/view" "Mozilla/5.0 (Macintosh; Intel Mac OS X 10_15_4) AppleWebKit/537.36 (KHTML, like Gecko) Chrome/81.0.4044.129 Safari/537.36"
162.221.222.241 - - [03/May/2020:08:08:02 +0000] "POST /backoffice/dashboard/ajaxNotification HTTP/1.1" 200 4 "http://3.14.10.249/backoffice/event/view" "Mozilla/5.0 (Macintosh; Intel Mac OS X 10_15_4) AppleWebKit/537.36 (KHTML, like Gecko) Chrome/81.0.4044.129 Safari/537.36"
162.221.222.241 - - [03/May/2020:08:08:12 +0000] "POST /backoffice/dashboard/ajaxNotification HTTP/1.1" 200 4 "http://3.14.10.249/backoffice/event/view" "Mozilla/5.0 (Macintosh; Intel Mac OS X 10_15_4) AppleWebKit/537.36 (KHTML, like Gecko) Chrome/81.0.4044.129 Safari/537.36"
162.221.222.241 - - [03/May/2020:08:08:22 +0000] "POST /backoffice/dashboard/ajaxNotification HTTP/1.1" 200 4 "http://3.14.10.249/backoffice/event/view" "Mozilla/5.0 (Macintosh; Intel Mac OS X 10_15_4) AppleWebKit/537.36 (KHTML, like Gecko) Chrome/81.0.4044.129 Safari/537.36"
162.221.222.241 - - [03/May/2020:08:08:32 +0000] "POST /backoffice/dashboard/ajaxNotification HTTP/1.1" 200 4 "http://3.14.10.249/backoffice/event/view" "Mozilla/5.0 (Macintosh; Intel Mac OS X 10_15_4) AppleWebKit/537.36 (KHTML, like Gecko) Chrome/81.0.4044.129 Safari/537.36"
103.134.24.227 - - [03/May/2020:08:08:35 +0000] "POST /backoffice/dashboard/ajaxNotification HTTP/1.1" 200 4 "http://partners.thribby.com/backoffice/dashboard" "Mozilla/5.0 (Windows NT 6.1; Win64; x64) AppleWebKit/537.36 (KHTML, like Gecko) Chrome/81.0.4044.129 Safari/537.36"
162.221.222.241 - - [03/May/2020:08:08:42 +0000] "POST /backoffice/dashboard/ajaxNotification HTTP/1.1" 200 4 "http://3.14.10.249/backoffice/event/view" "Mozilla/5.0 (Macintosh; Intel Mac OS X 10_15_4) AppleWebKit/537.36 (KHTML, like Gecko) Chrome/81.0.4044.129 Safari/537.36"
162.221.222.241 - - [03/May/2020:08:08:53 +0000] "POST /backoffice/dashboard/ajaxNotification HTTP/1.1" 200 4 "http://3.14.10.249/backoffice/event/view" "Mozilla/5.0 (Macintosh; Intel Mac OS X 10_15_4) AppleWebKit/537.36 (KHTML, like Gecko) Chrome/81.0.4044.129 Safari/537.36"
162.221.222.241 - - [03/May/2020:08:09:03 +0000] "POST /backoffice/dashboard/ajaxNotification HTTP/1.1" 200 4 "http://3.14.10.249/backoffice/event/view" "Mozilla/5.0 (Macintosh; Intel Mac OS X 10_15_4) AppleWebKit/537.36 (KHTML, like Gecko) Chrome/81.0.4044.129 Safari/537.36"
162.221.222.241 - - [03/May/2020:08:09:12 +0000] "POST /backoffice/dashboard/ajaxNotification HTTP/1.1" 200 4 "http://3.14.10.249/backoffice/event/view" "Mozilla/5.0 (Macintosh; Intel Mac OS X 10_15_4) AppleWebKit/537.36 (KHTML, like Gecko) Chrome/81.0.4044.129 Safari/537.36"
162.221.222.241 - - [03/May/2020:08:09:23 +0000] "POST /backoffice/dashboard/ajaxNotification HTTP/1.1" 200 4 "http://3.14.10.249/backoffice/event/view" "Mozilla/5.0 (Macintosh; Intel Mac OS X 10_15_4) AppleWebKit/537.36 (KHTML, like Gecko) Chrome/81.0.4044.129 Safari/537.36"
162.221.222.241 - - [03/May/2020:08:09:33 +0000] "POST /backoffice/dashboard/ajaxNotification HTTP/1.1" 200 4 "http://3.14.10.249/backoffice/event/view" "Mozilla/5.0 (Macintosh; Intel Mac OS X 10_15_4) AppleWebKit/537.36 (KHTML, like Gecko) Chrome/81.0.4044.129 Safari/537.36"
162.221.222.241 - - [03/May/2020:08:09:43 +0000] "POST /backoffice/dashboard/ajaxNotification HTTP/1.1" 200 4 "http://3.14.10.249/backoffice/event/view" "Mozilla/5.0 (Macintosh; Intel Mac OS X 10_15_4) AppleWebKit/537.36 (KHTML, like Gecko) Chrome/81.0.4044.129 Safari/537.36"
103.134.24.227 - - [03/May/2020:08:09:51 +0000] "POST /backoffice/dashboard/ajaxNotification HTTP/1.1" 200 4 "http://partners.thribby.com/backoffice/dashboard" "Mozilla/5.0 (Windows NT 6.1; Win64; x64) AppleWebKit/537.36 (KHTML, like Gecko) Chrome/81.0.4044.129 Safari/537.36"
162.221.222.241 - - [03/May/2020:08:09:53 +0000] "POST /backoffice/dashboard/ajaxNotification HTTP/1.1" 200 4 "http://3.14.10.249/backoffice/event/view" "Mozilla/5.0 (Macintosh; Intel Mac OS X 10_15_4) AppleWebKit/537.36 (KHTML, like Gecko) Chrome/81.0.4044.129 Safari/537.36"
162.221.222.241 - - [03/May/2020:08:10:31 +0000] "POST /backoffice/dashboard/ajaxNotification HTTP/1.1" 200 4 "http://3.14.10.249/backoffice/event/view" "Mozilla/5.0 (Macintosh; Intel Mac OS X 10_15_4) AppleWebKit/537.36 (KHTML, like Gecko) Chrome/81.0.4044.129 Safari/537.36"
162.221.222.241 - - [03/May/2020:08:10:32 +0000] "POST /backoffice/dashboard/ajaxNotification HTTP/1.1" 200 4 "http://3.14.10.249/backoffice/event/view" "Mozilla/5.0 (Macintosh; Intel Mac OS X 10_15_4) AppleWebKit/537.36 (KHTML, like Gecko) Chrome/81.0.4044.129 Safari/537.36"
162.221.222.241 - - [03/May/2020:08:10:43 +0000] "POST /backoffice/dashboard/ajaxNotification HTTP/1.1" 200 4 "http://3.14.10.249/backoffice/event/view" "Mozilla/5.0 (Macintosh; Intel Mac OS X 10_15_4) AppleWebKit/537.36 (KHTML, like Gecko) Chrome/81.0.4044.129 Safari/537.36"
103.134.24.227 - - [03/May/2020:08:11:07 +0000] "POST /backoffice/dashboard/ajaxNotification HTTP/1.1" 200 4 "http://partners.thribby.com/backoffice/dashboard" "Mozilla/5.0 (Windows NT 6.1; Win64; x64) AppleWebKit/537.36 (KHTML, like Gecko) Chrome/81.0.4044.129 Safari/537.36"
162.221.222.241 - - [03/May/2020:08:11:26 +0000] "POST /backoffice/dashboard/ajaxNotification HTTP/1.1" 200 4 "http://3.14.10.249/backoffice/event/view" "Mozilla/5.0 (Macintosh; Intel Mac OS X 10_15_4) AppleWebKit/537.36 (KHTML, like Gecko) Chrome/81.0.4044.129 Safari/537.36"
162.221.222.241 - - [03/May/2020:08:11:35 +0000] "POST /backoffice/dashboard/ajaxNotification HTTP/1.1" 200 4 "http://3.14.10.249/backoffice/event/view" "Mozilla/5.0 (Macintosh; Intel Mac OS X 10_15_4) AppleWebKit/537.36 (KHTML, like Gecko) Chrome/81.0.4044.129 Safari/537.36"
162.221.222.241 - - [03/May/2020:08:11:44 +0000] "POST /backoffice/dashboard/ajaxNotification HTTP/1.1" 200 4 "http://3.14.10.249/backoffice/event/view" "Mozilla/5.0 (Macintosh; Intel Mac OS X 10_15_4) AppleWebKit/537.36 (KHTML, like Gecko) Chrome/81.0.4044.129 Safari/537.36"
162.221.222.241 - - [03/May/2020:08:11:52 +0000] "POST /backoffice/dashboard/ajaxNotification HTTP/1.1" 200 4 "http://3.14.10.249/backoffice/event/view" "Mozilla/5.0 (Macintosh; Intel Mac OS X 10_15_4) AppleWebKit/537.36 (KHTML, like Gecko) Chrome/81.0.4044.129 Safari/537.36"
162.221.222.241 - - [03/May/2020:08:12:03 +0000] "POST /backoffice/dashboard/ajaxNotification HTTP/1.1" 200 4 "http://3.14.10.249/backoffice/event/view" "Mozilla/5.0 (Macintosh; Intel Mac OS X 10_15_4) AppleWebKit/537.36 (KHTML, like Gecko) Chrome/81.0.4044.129 Safari/537.36"
162.221.222.241 - - [03/May/2020:08:12:12 +0000] "POST /backoffice/dashboard/ajaxNotification HTTP/1.1" 200 4 "http://3.14.10.249/backoffice/event/view" "Mozilla/5.0 (Macintosh; Intel Mac OS X 10_15_4) AppleWebKit/537.36 (KHTML, like Gecko) Chrome/81.0.4044.129 Safari/537.36"
162.221.222.241 - - [03/May/2020:08:12:23 +0000] "POST /backoffice/dashboard/ajaxNotification HTTP/1.1" 200 4 "http://3.14.10.249/backoffice/event/view" "Mozilla/5.0 (Macintosh; Intel Mac OS X 10_15_4) AppleWebKit/537.36 (KHTML, like Gecko) Chrome/81.0.4044.129 Safari/537.36"
103.134.24.227 - - [03/May/2020:08:12:25 +0000] "POST /backoffice/dashboard/ajaxNotification HTTP/1.1" 200 4 "http://partners.thribby.com/backoffice/dashboard" "Mozilla/5.0 (Windows NT 6.1; Win64; x64) AppleWebKit/537.36 (KHTML, like Gecko) Chrome/81.0.4044.129 Safari/537.36"
162.221.222.241 - - [03/May/2020:08:12:33 +0000] "POST /backoffice/dashboard/ajaxNotification HTTP/1.1" 200 4 "http://3.14.10.249/backoffice/event/view" "Mozilla/5.0 (Macintosh; Intel Mac OS X 10_15_4) AppleWebKit/537.36 (KHTML, like Gecko) Chrome/81.0.4044.129 Safari/537.36"
162.221.222.241 - - [03/May/2020:08:12:43 +0000] "POST /backoffice/dashboard/ajaxNotification HTTP/1.1" 200 4 "http://3.14.10.249/backoffice/event/view" "Mozilla/5.0 (Macintosh; Intel Mac OS X 10_15_4) AppleWebKit/537.36 (KHTML, like Gecko) Chrome/81.0.4044.129 Safari/537.36"
162.221.222.241 - - [03/May/2020:08:12:53 +0000] "POST /backoffice/dashboard/ajaxNotification HTTP/1.1" 200 4 "http://3.14.10.249/backoffice/event/view" "Mozilla/5.0 (Macintosh; Intel Mac OS X 10_15_4) AppleWebKit/537.36 (KHTML, like Gecko) Chrome/81.0.4044.129 Safari/537.36"
162.221.222.241 - - [03/May/2020:08:13:02 +0000] "POST /backoffice/dashboard/ajaxNotification HTTP/1.1" 200 4 "http://3.14.10.249/backoffice/event/view" "Mozilla/5.0 (Macintosh; Intel Mac OS X 10_15_4) AppleWebKit/537.36 (KHTML, like Gecko) Chrome/81.0.4044.129 Safari/537.36"
162.221.222.241 - - [03/May/2020:08:13:12 +0000] "POST /backoffice/dashboard/ajaxNotification HTTP/1.1" 200 4 "http://3.14.10.249/backoffice/event/view" "Mozilla/5.0 (Macintosh; Intel Mac OS X 10_15_4) AppleWebKit/537.36 (KHTML, like Gecko) Chrome/81.0.4044.129 Safari/537.36"
162.221.222.241 - - [03/May/2020:08:13:22 +0000] "POST /backoffice/dashboard/ajaxNotification HTTP/1.1" 200 4 "http://3.14.10.249/backoffice/event/view" "Mozilla/5.0 (Macintosh; Intel Mac OS X 10_15_4) AppleWebKit/537.36 (KHTML, like Gecko) Chrome/81.0.4044.129 Safari/537.36"
162.221.222.241 - - [03/May/2020:08:13:33 +0000] "POST /backoffice/dashboard/ajaxNotification HTTP/1.1" 200 4 "http://3.14.10.249/backoffice/event/view" "Mozilla/5.0 (Macintosh; Intel Mac OS X 10_15_4) AppleWebKit/537.36 (KHTML, like Gecko) Chrome/81.0.4044.129 Safari/537.36"
162.221.222.241 - - [03/May/2020:08:13:43 +0000] "POST /backoffice/dashboard/ajaxNotification HTTP/1.1" 200 4 "http://3.14.10.249/backoffice/event/view" "Mozilla/5.0 (Macintosh; Intel Mac OS X 10_15_4) AppleWebKit/537.36 (KHTML, like Gecko) Chrome/81.0.4044.129 Safari/537.36"
103.134.24.227 - - [03/May/2020:08:13:43 +0000] "POST /backoffice/dashboard/ajaxNotification HTTP/1.1" 200 4 "http://partners.thribby.com/backoffice/dashboard" "Mozilla/5.0 (Windows NT 6.1; Win64; x64) AppleWebKit/537.36 (KHTML, like Gecko) Chrome/81.0.4044.129 Safari/537.36"
162.221.222.241 - - [03/May/2020:08:13:52 +0000] "POST /backoffice/dashboard/ajaxNotification HTTP/1.1" 200 4 "http://3.14.10.249/backoffice/event/view" "Mozilla/5.0 (Macintosh; Intel Mac OS X 10_15_4) AppleWebKit/537.36 (KHTML, like Gecko) Chrome/81.0.4044.129 Safari/537.36"
