172.90.6.182 - - [03/May/2020:02:27:59 +0000] "GET /assets/front/images/slider-bg.png HTTP/1.1" 200 52499 "http://3.14.10.249/" "Mozilla/5.0 (Macintosh; Intel Mac OS X 10_14_6) AppleWebKit/537.36 (KHTML, like Gecko) Chrome/81.0.4044.129 Safari/537.36"
172.90.6.182 - - [03/May/2020:02:27:59 +0000] "GET /assets/front/images/down-arrow.png HTTP/1.1" 200 3414 "http://3.14.10.249/assets/front/css/style.css" "Mozilla/5.0 (Macintosh; Intel Mac OS X 10_14_6) AppleWebKit/537.36 (KHTML, like Gecko) Chrome/81.0.4044.129 Safari/537.36"
172.90.6.182 - - [03/May/2020:02:27:59 +0000] "GET /assets/front/images/screen1.png HTTP/1.1" 200 187757 "http://3.14.10.249/" "Mozilla/5.0 (Macintosh; Intel Mac OS X 10_14_6) AppleWebKit/537.36 (KHTML, like Gecko) Chrome/81.0.4044.129 Safari/537.36"
172.90.6.182 - - [03/May/2020:02:27:59 +0000] "GET /assets/front/images/side%20menu.jpg HTTP/1.1" 200 107515 "http://3.14.10.249/" "Mozilla/5.0 (Macintosh; Intel Mac OS X 10_14_6) AppleWebKit/537.36 (KHTML, like Gecko) Chrome/81.0.4044.129 Safari/537.36"
172.90.6.182 - - [03/May/2020:02:28:00 +0000] "GET /assets/front/images/booking-availability.jpg HTTP/1.1" 200 125597 "http://3.14.10.249/" "Mozilla/5.0 (Macintosh; Intel Mac OS X 10_14_6) AppleWebKit/537.36 (KHTML, like Gecko) Chrome/81.0.4044.129 Safari/537.36"
172.90.6.182 - - [03/May/2020:02:28:00 +0000] "GET /assets/front/images/order.jpg HTTP/1.1" 200 83108 "http://3.14.10.249/" "Mozilla/5.0 (Macintosh; Intel Mac OS X 10_14_6) AppleWebKit/537.36 (KHTML, like Gecko) Chrome/81.0.4044.129 Safari/537.36"
172.90.6.182 - - [03/May/2020:02:28:00 +0000] "GET /assets/front/images/login.jpg HTTP/1.1" 200 25199 "http://3.14.10.249/" "Mozilla/5.0 (Macintosh; Intel Mac OS X 10_14_6) AppleWebKit/537.36 (KHTML, like Gecko) Chrome/81.0.4044.129 Safari/537.36"
172.90.6.182 - - [03/May/2020:02:28:00 +0000] "GET /assets/front/images/feature-img.png HTTP/1.1" 200 301940 "http://3.14.10.249/" "Mozilla/5.0 (Macintosh; Intel Mac OS X 10_14_6) AppleWebKit/537.36 (KHTML, like Gecko) Chrome/81.0.4044.129 Safari/537.36"
172.90.6.182 - - [03/May/2020:02:27:59 +0000] "GET /assets/front/images/banner.png HTTP/1.1" 200 1122198 "http://3.14.10.249/assets/front/css/style.css" "Mozilla/5.0 (Macintosh; Intel Mac OS X 10_14_6) AppleWebKit/537.36 (KHTML, like Gecko) Chrome/81.0.4044.129 Safari/537.36"
172.90.6.182 - - [03/May/2020:02:28:00 +0000] "GET /assets/front/images/item-4.png HTTP/1.1" 200 2028 "http://3.14.10.249/" "Mozilla/5.0 (Macintosh; Intel Mac OS X 10_14_6) AppleWebKit/537.36 (KHTML, like Gecko) Chrome/81.0.4044.129 Safari/537.36"
172.90.6.182 - - [03/May/2020:02:28:00 +0000] "GET /assets/front/images/item-5.png HTTP/1.1" 200 2799 "http://3.14.10.249/" "Mozilla/5.0 (Macintosh; Intel Mac OS X 10_14_6) AppleWebKit/537.36 (KHTML, like Gecko) Chrome/81.0.4044.129 Safari/537.36"
172.90.6.182 - - [03/May/2020:02:28:00 +0000] "GET /assets/front/images/item-6.png HTTP/1.1" 200 25409 "http://3.14.10.249/" "Mozilla/5.0 (Macintosh; Intel Mac OS X 10_14_6) AppleWebKit/537.36 (KHTML, like Gecko) Chrome/81.0.4044.129 Safari/537.36"
172.90.6.182 - - [03/May/2020:02:28:00 +0000] "GET /assets/front/images/test-image.png HTTP/1.1" 200 290439 "http://3.14.10.249/" "Mozilla/5.0 (Macintosh; Intel Mac OS X 10_14_6) AppleWebKit/537.36 (KHTML, like Gecko) Chrome/81.0.4044.129 Safari/537.36"
172.90.6.182 - - [03/May/2020:02:28:00 +0000] "GET /assets/front/images/sprite.jpg HTTP/1.1" 200 33236 "http://3.14.10.249/assets/front/css/style.css" "Mozilla/5.0 (Macintosh; Intel Mac OS X 10_14_6) AppleWebKit/537.36 (KHTML, like Gecko) Chrome/81.0.4044.129 Safari/537.36"
172.90.6.182 - - [03/May/2020:02:28:00 +0000] "GET /assets/front/images/text-quote.png HTTP/1.1" 200 1584 "http://3.14.10.249/assets/front/css/style.css" "Mozilla/5.0 (Macintosh; Intel Mac OS X 10_14_6) AppleWebKit/537.36 (KHTML, like Gecko) Chrome/81.0.4044.129 Safari/537.36"
172.90.6.182 - - [03/May/2020:02:28:00 +0000] "GET /assets/front/images/slider-arrow.png HTTP/1.1" 200 3718 "http://3.14.10.249/assets/front/css/style.css" "Mozilla/5.0 (Macintosh; Intel Mac OS X 10_14_6) AppleWebKit/537.36 (KHTML, like Gecko) Chrome/81.0.4044.129 Safari/537.36"
172.90.6.182 - - [03/May/2020:02:28:00 +0000] "GET /assets/front/images/contact-icons.png HTTP/1.1" 200 5543387 "http://3.14.10.249/assets/front/css/style.css" "Mozilla/5.0 (Macintosh; Intel Mac OS X 10_14_6) AppleWebKit/537.36 (KHTML, like Gecko) Chrome/81.0.4044.129 Safari/537.36"
::1 - - [03/May/2020:02:28:08 +0000] "OPTIONS * HTTP/1.0" 200 - "-" "Apache/2.4.41 (Amazon) PHP/5.6.40 (internal dummy connection)"
5.101.0.209 - - [03/May/2020:02:46:50 +0000] "GET /solr/admin/info/system?wt=json HTTP/1.1" 404 196 "-" "Mozilla/5.0 (Windows NT 10.0; Win64; x64) AppleWebKit/537.36 (KHTML, like Gecko) Chrome/78.0.3904.108 Safari/537.36"
5.101.0.209 - - [03/May/2020:02:52:47 +0000] "GET /?a=fetch&content=<php>die(@md5(HelloThinkCMF))</php> HTTP/1.1" 200 24468 "-" "Mozilla/5.0 (Windows NT 10.0; Win64; x64) AppleWebKit/537.36 (KHTML, like Gecko) Chrome/78.0.3904.108 Safari/537.36"
5.101.0.209 - - [03/May/2020:02:52:48 +0000] "GET /?XDEBUG_SESSION_START=phpstorm HTTP/1.1" 200 24468 "-" "Mozilla/5.0 (Windows NT 10.0; Win64; x64) AppleWebKit/537.36 (KHTML, like Gecko) Chrome/78.0.3904.108 Safari/537.36"
5.101.0.209 - - [03/May/2020:02:55:14 +0000] "GET /index.php?s=/Index/\\think\\app/invokefunction&function=call_user_func_array&vars[0]=md5&vars[1][]=HelloThinkPHP HTTP/1.1" 200 24468 "-" "Mozilla/5.0 (Windows NT 10.0; Win64; x64) AppleWebKit/537.36 (KHTML, like Gecko) Chrome/78.0.3904.108 Safari/537.36"
159.65.252.70 - - [03/May/2020:03:06:48 +0000] "GET http://azenv.net/ HTTP/1.1" 404 1130 "-" "Mozilla/5.0 (Windows NT 6.0) AppleWebKit/537.36 (KHTML, like Gecko) Chrome/41.0.2224.3 Safari/537.36"
162.221.222.241 - - [03/May/2020:04:17:44 +0000] "GET / HTTP/1.1" 200 24375 "-" "Mozilla/5.0 (Macintosh; Intel Mac OS X 10_15_4) AppleWebKit/537.36 (KHTML, like Gecko) Chrome/81.0.4044.129 Safari/537.36"
162.221.222.241 - - [03/May/2020:04:17:45 +0000] "GET /assets/front/images/about-app-img.png HTTP/1.1" 200 356642 "http://3.14.10.249/" "Mozilla/5.0 (Macintosh; Intel Mac OS X 10_15_4) AppleWebKit/537.36 (KHTML, like Gecko) Chrome/81.0.4044.129 Safari/537.36"
162.221.222.241 - - [03/May/2020:04:17:45 +0000] "GET /assets/front/images/banner-phone.png HTTP/1.1" 200 364010 "http://3.14.10.249/" "Mozilla/5.0 (Macintosh; Intel Mac OS X 10_15_4) AppleWebKit/537.36 (KHTML, like Gecko) Chrome/81.0.4044.129 Safari/537.36"
162.221.222.241 - - [03/May/2020:04:17:45 +0000] "GET /assets/front/images/screen1.png HTTP/1.1" 200 187757 "http://3.14.10.249/" "Mozilla/5.0 (Macintosh; Intel Mac OS X 10_15_4) AppleWebKit/537.36 (KHTML, like Gecko) Chrome/81.0.4044.129 Safari/537.36"
162.221.222.241 - - [03/May/2020:04:17:45 +0000] "GET /assets/front/images/event-book.png HTTP/1.1" 200 388984 "http://3.14.10.249/" "Mozilla/5.0 (Macintosh; Intel Mac OS X 10_15_4) AppleWebKit/537.36 (KHTML, like Gecko) Chrome/81.0.4044.129 Safari/537.36"
162.221.222.241 - - [03/May/2020:04:17:45 +0000] "GET /assets/front/images/test-image.png HTTP/1.1" 200 290439 "http://3.14.10.249/" "Mozilla/5.0 (Macintosh; Intel Mac OS X 10_15_4) AppleWebKit/537.36 (KHTML, like Gecko) Chrome/81.0.4044.129 Safari/537.36"
162.221.222.241 - - [03/May/2020:04:17:45 +0000] "GET /assets/front/images/feature-img.png HTTP/1.1" 200 301940 "http://3.14.10.249/" "Mozilla/5.0 (Macintosh; Intel Mac OS X 10_15_4) AppleWebKit/537.36 (KHTML, like Gecko) Chrome/81.0.4044.129 Safari/537.36"
162.221.222.241 - - [03/May/2020:04:17:45 +0000] "GET /assets/front/images/banner.png HTTP/1.1" 200 1122198 "http://3.14.10.249/assets/front/css/style.css" "Mozilla/5.0 (Macintosh; Intel Mac OS X 10_15_4) AppleWebKit/537.36 (KHTML, like Gecko) Chrome/81.0.4044.129 Safari/537.36"
162.221.222.241 - - [03/May/2020:04:17:45 +0000] "GET /assets/front/images/contact-icons.png HTTP/1.1" 200 5543387 "http://3.14.10.249/assets/front/css/style.css" "Mozilla/5.0 (Macintosh; Intel Mac OS X 10_15_4) AppleWebKit/537.36 (KHTML, like Gecko) Chrome/81.0.4044.129 Safari/537.36"
162.221.222.241 - - [03/May/2020:04:17:50 +0000] "GET /backoffice/home HTTP/1.1" 404 196 "-" "Mozilla/5.0 (Macintosh; Intel Mac OS X 10_15_4) AppleWebKit/537.36 (KHTML, like Gecko) Chrome/81.0.4044.129 Safari/537.36"
::1 - - [03/May/2020:04:17:50 +0000] "OPTIONS * HTTP/1.0" 200 - "-" "Apache/2.4.41 (Amazon) PHP/5.6.40 (internal dummy connection)"
::1 - - [03/May/2020:04:17:57 +0000] "OPTIONS * HTTP/1.0" 200 - "-" "Apache/2.4.41 (Amazon) PHP/5.6.40 (internal dummy connection)"
5.101.0.209 - - [03/May/2020:04:30:33 +0000] "POST /api/jsonws/invoke HTTP/1.1" 404 196 "-" "Mozilla/5.0 (Windows NT 10.0; Win64; x64) AppleWebKit/537.36 (KHTML, like Gecko) Chrome/78.0.3904.108 Safari/537.36"
172.90.6.182 - - [03/May/2020:05:39:40 +0000] "GET / HTTP/1.1" 200 24375 "-" "Mozilla/5.0 (Macintosh; Intel Mac OS X 10_14_6) AppleWebKit/537.36 (KHTML, like Gecko) Chrome/81.0.4044.129 Safari/537.36"
172.90.6.182 - - [03/May/2020:05:39:41 +0000] "GET /assets/front/css/animate.css HTTP/1.1" 200 57095 "http://3.14.10.249/" "Mozilla/5.0 (Macintosh; Intel Mac OS X 10_14_6) AppleWebKit/537.36 (KHTML, like Gecko) Chrome/81.0.4044.129 Safari/537.36"
172.90.6.182 - - [03/May/2020:05:39:41 +0000] "GET /assets/front/css/style.css HTTP/1.1" 200 24915 "http://3.14.10.249/" "Mozilla/5.0 (Macintosh; Intel Mac OS X 10_14_6) AppleWebKit/537.36 (KHTML, like Gecko) Chrome/81.0.4044.129 Safari/537.36"
172.90.6.182 - - [03/May/2020:05:39:41 +0000] "GET /assets/front/images/item-1.png HTTP/1.1" 200 44182 "http://3.14.10.249/" "Mozilla/5.0 (Macintosh; Intel Mac OS X 10_14_6) AppleWebKit/537.36 (KHTML, like Gecko) Chrome/81.0.4044.129 Safari/537.36"
172.90.6.182 - - [03/May/2020:05:39:41 +0000] "GET /assets/front/css/bootstrap.min.css HTTP/1.1" 200 140936 "http://3.14.10.249/" "Mozilla/5.0 (Macintosh; Intel Mac OS X 10_14_6) AppleWebKit/537.36 (KHTML, like Gecko) Chrome/81.0.4044.129 Safari/537.36"
172.90.6.182 - - [03/May/2020:05:39:41 +0000] "GET /assets/front/js/bootstrap.min.js HTTP/1.1" 200 51039 "http://3.14.10.249/" "Mozilla/5.0 (Macintosh; Intel Mac OS X 10_14_6) AppleWebKit/537.36 (KHTML, like Gecko) Chrome/81.0.4044.129 Safari/537.36"
172.90.6.182 - - [03/May/2020:05:39:41 +0000] "GET /assets/front/js/owl.carousel.min.js HTTP/1.1" 200 44342 "http://3.14.10.249/" "Mozilla/5.0 (Macintosh; Intel Mac OS X 10_14_6) AppleWebKit/537.36 (KHTML, like Gecko) Chrome/81.0.4044.129 Safari/537.36"
172.90.6.182 - - [03/May/2020:05:39:41 +0000] "GET /assets/front/images/banner-phone.png HTTP/1.1" 200 364010 "http://3.14.10.249/" "Mozilla/5.0 (Macintosh; Intel Mac OS X 10_14_6) AppleWebKit/537.36 (KHTML, like Gecko) Chrome/81.0.4044.129 Safari/537.36"
172.90.6.182 - - [03/May/2020:05:39:41 +0000] "GET /assets/front/images/about-app-img.png HTTP/1.1" 200 356642 "http://3.14.10.249/" "Mozilla/5.0 (Macintosh; Intel Mac OS X 10_14_6) AppleWebKit/537.36 (KHTML, like Gecko) Chrome/81.0.4044.129 Safari/537.36"
172.90.6.182 - - [03/May/2020:05:39:41 +0000] "GET /assets/front/images/slider-bg.png HTTP/1.1" 200 52499 "http://3.14.10.249/" "Mozilla/5.0 (Macintosh; Intel Mac OS X 10_14_6) AppleWebKit/537.36 (KHTML, like Gecko) Chrome/81.0.4044.129 Safari/537.36"
172.90.6.182 - - [03/May/2020:05:39:41 +0000] "GET /assets/front/images/screen1.png HTTP/1.1" 200 187757 "http://3.14.10.249/" "Mozilla/5.0 (Macintosh; Intel Mac OS X 10_14_6) AppleWebKit/537.36 (KHTML, like Gecko) Chrome/81.0.4044.129 Safari/537.36"
172.90.6.182 - - [03/May/2020:05:39:41 +0000] "GET /assets/front/images/event-book.png HTTP/1.1" 200 388984 "http://3.14.10.249/" "Mozilla/5.0 (Macintosh; Intel Mac OS X 10_14_6) AppleWebKit/537.36 (KHTML, like Gecko) Chrome/81.0.4044.129 Safari/537.36"
172.90.6.182 - - [03/May/2020:05:39:41 +0000] "GET /assets/front/images/side%20menu.jpg HTTP/1.1" 200 107515 "http://3.14.10.249/" "Mozilla/5.0 (Macintosh; Intel Mac OS X 10_14_6) AppleWebKit/537.36 (KHTML, like Gecko) Chrome/81.0.4044.129 Safari/537.36"
172.90.6.182 - - [03/May/2020:05:39:41 +0000] "GET /assets/front/images/booking-availability.jpg HTTP/1.1" 200 125597 "http://3.14.10.249/" "Mozilla/5.0 (Macintosh; Intel Mac OS X 10_14_6) AppleWebKit/537.36 (KHTML, like Gecko) Chrome/81.0.4044.129 Safari/537.36"
172.90.6.182 - - [03/May/2020:05:39:41 +0000] "GET /assets/front/images/order.jpg HTTP/1.1" 200 83108 "http://3.14.10.249/" "Mozilla/5.0 (Macintosh; Intel Mac OS X 10_14_6) AppleWebKit/537.36 (KHTML, like Gecko) Chrome/81.0.4044.129 Safari/537.36"
172.90.6.182 - - [03/May/2020:05:39:41 +0000] "GET /assets/front/images/login.jpg HTTP/1.1" 200 25199 "http://3.14.10.249/" "Mozilla/5.0 (Macintosh; Intel Mac OS X 10_14_6) AppleWebKit/537.36 (KHTML, like Gecko) Chrome/81.0.4044.129 Safari/537.36"
172.90.6.182 - - [03/May/2020:05:39:41 +0000] "GET /assets/front/images/feature-img.png HTTP/1.1" 200 301940 "http://3.14.10.249/" "Mozilla/5.0 (Macintosh; Intel Mac OS X 10_14_6) AppleWebKit/537.36 (KHTML, like Gecko) Chrome/81.0.4044.129 Safari/537.36"
172.90.6.182 - - [03/May/2020:05:39:41 +0000] "GET /assets/front/images/item-6.png HTTP/1.1" 200 25409 "http://3.14.10.249/" "Mozilla/5.0 (Macintosh; Intel Mac OS X 10_14_6) AppleWebKit/537.36 (KHTML, like Gecko) Chrome/81.0.4044.129 Safari/537.36"
172.90.6.182 - - [03/May/2020:05:39:41 +0000] "GET /assets/front/images/test-image.png HTTP/1.1" 200 290439 "http://3.14.10.249/" "Mozilla/5.0 (Macintosh; Intel Mac OS X 10_14_6) AppleWebKit/537.36 (KHTML, like Gecko) Chrome/81.0.4044.129 Safari/537.36"
172.90.6.182 - - [03/May/2020:05:39:41 +0000] "GET /assets/front/images/banner.png HTTP/1.1" 200 1122198 "http://3.14.10.249/assets/front/css/style.css" "Mozilla/5.0 (Macintosh; Intel Mac OS X 10_14_6) AppleWebKit/537.36 (KHTML, like Gecko) Chrome/81.0.4044.129 Safari/537.36"
172.90.6.182 - - [03/May/2020:05:39:41 +0000] "GET /assets/front/images/sprite.jpg HTTP/1.1" 200 33236 "http://3.14.10.249/assets/front/css/style.css" "Mozilla/5.0 (Macintosh; Intel Mac OS X 10_14_6) AppleWebKit/537.36 (KHTML, like Gecko) Chrome/81.0.4044.129 Safari/537.36"
172.90.6.182 - - [03/May/2020:05:39:41 +0000] "GET /assets/front/images/contact-icons.png HTTP/1.1" 200 5543387 "http://3.14.10.249/assets/front/css/style.css" "Mozilla/5.0 (Macintosh; Intel Mac OS X 10_14_6) AppleWebKit/537.36 (KHTML, like Gecko) Chrome/81.0.4044.129 Safari/537.36"
::1 - - [03/May/2020:05:39:50 +0000] "OPTIONS * HTTP/1.0" 200 - "-" "Apache/2.4.41 (Amazon) PHP/5.6.40 (internal dummy connection)"
172.90.6.182 - - [03/May/2020:05:41:32 +0000] "GET /index.php HTTP/1.1" 200 24375 "-" "Mozilla/5.0 (Macintosh; Intel Mac OS X 10_14_6) AppleWebKit/537.36 (KHTML, like Gecko) Chrome/81.0.4044.129 Safari/537.36"
3.95.2.106 - - [03/May/2020:05:43:51 +0000] "GET /index.php HTTP/1.1" 200 24375 "-" "Slackbot-LinkExpanding 1.0 (+https://api.slack.com/robots)"
3.95.2.106 - - [03/May/2020:05:43:51 +0000] "GET /assets/admin/img/favicon.png HTTP/1.1" 200 2641 "-" "Slackbot 1.0 (+https://api.slack.com/robots)"
3.95.2.106 - - [03/May/2020:05:43:51 +0000] "GET /index.php/backoffice/home/ HTTP/1.1" 206 4271 "-" "Slackbot-LinkExpanding 1.0 (+https://api.slack.com/robots)"
3.95.2.106 - - [03/May/2020:05:43:51 +0000] "GET /favicon.ico HTTP/1.1" 404 196 "-" "Slackbot 1.0 (+https://api.slack.com/robots)"
3.95.2.106 - - [03/May/2020:05:43:51 +0000] "GET /backoffice/home/ HTTP/1.1" 404 196 "-" "Slackbot-LinkExpanding 1.0 (+https://api.slack.com/robots)"
94.140.114.17 - - [03/May/2020:05:48:55 +0000] "GET / HTTP/1.0" 200 23972 "-" "Pandalytics/1.0 (https://domainsbot.com/pandalytics/)"
103.134.24.227 - - [03/May/2020:06:15:13 +0000] "GET /backoffice/home/ HTTP/1.1" 404 196 "-" "Mozilla/5.0 (Windows NT 6.1; Win64; x64) AppleWebKit/537.36 (KHTML, like Gecko) Chrome/81.0.4044.129 Safari/537.36"
103.134.24.227 - - [03/May/2020:06:15:13 +0000] "GET /favicon.ico HTTP/1.1" 404 196 "http://3.14.10.249/backoffice/home/" "Mozilla/5.0 (Windows NT 6.1; Win64; x64) AppleWebKit/537.36 (KHTML, like Gecko) Chrome/81.0.4044.129 Safari/537.36"
103.134.24.227 - - [03/May/2020:06:15:15 +0000] "GET /index.php/backoffice/home/ HTTP/1.1" 200 4271 "-" "Mozilla/5.0 (Windows NT 6.1; Win64; x64) AppleWebKit/537.36 (KHTML, like Gecko) Chrome/81.0.4044.129 Safari/537.36"
103.134.24.227 - - [03/May/2020:06:15:16 +0000] "GET /assets/admin/plugins/font-awesome/css/font-awesome.min.css HTTP/1.1" 200 31000 "http://3.14.10.249/index.php/backoffice/home/" "Mozilla/5.0 (Windows NT 6.1; Win64; x64) AppleWebKit/537.36 (KHTML, like Gecko) Chrome/81.0.4044.129 Safari/537.36"
103.134.24.227 - - [03/May/2020:06:15:16 +0000] "GET /assets/admin/css/login.css HTTP/1.1" 200 3480 "http://3.14.10.249/index.php/backoffice/home/" "Mozilla/5.0 (Windows NT 6.1; Win64; x64) AppleWebKit/537.36 (KHTML, like Gecko) Chrome/81.0.4044.129 Safari/537.36"
103.134.24.227 - - [03/May/2020:06:15:16 +0000] "GET /assets/admin/plugins/bootstrap/css/bootstrap.min.css HTTP/1.1" 200 99961 "http://3.14.10.249/index.php/backoffice/home/" "Mozilla/5.0 (Windows NT 6.1; Win64; x64) AppleWebKit/537.36 (KHTML, like Gecko) Chrome/81.0.4044.129 Safari/537.36"
103.134.24.227 - - [03/May/2020:06:15:16 +0000] "GET /assets/admin/layout/css/custom.css HTTP/1.1" 200 19979 "http://3.14.10.249/index.php/backoffice/home/" "Mozilla/5.0 (Windows NT 6.1; Win64; x64) AppleWebKit/537.36 (KHTML, like Gecko) Chrome/81.0.4044.129 Safari/537.36"
103.134.24.227 - - [03/May/2020:06:15:17 +0000] "GET /assets/admin/img/logo.png HTTP/1.1" 200 14276 "http://3.14.10.249/index.php/backoffice/home/" "Mozilla/5.0 (Windows NT 6.1; Win64; x64) AppleWebKit/537.36 (KHTML, like Gecko) Chrome/81.0.4044.129 Safari/537.36"
103.134.24.227 - - [03/May/2020:06:15:17 +0000] "GET /assets/admin/plugins/bootstrap/js/bootstrap.min.js HTTP/1.1" 200 29110 "http://3.14.10.249/index.php/backoffice/home/" "Mozilla/5.0 (Windows NT 6.1; Win64; x64) AppleWebKit/537.36 (KHTML, like Gecko) Chrome/81.0.4044.129 Safari/537.36"
103.134.24.227 - - [03/May/2020:06:15:16 +0000] "GET /assets/admin/css/components.css HTTP/1.1" 200 213737 "http://3.14.10.249/index.php/backoffice/home/" "Mozilla/5.0 (Windows NT 6.1; Win64; x64) AppleWebKit/537.36 (KHTML, like Gecko) Chrome/81.0.4044.129 Safari/537.36"
103.134.24.227 - - [03/May/2020:06:15:17 +0000] "GET /assets/admin/plugins/jquery-validation/js/jquery.validate.min.js HTTP/1.1" 200 20806 "http://3.14.10.249/index.php/backoffice/home/" "Mozilla/5.0 (Windows NT 6.1; Win64; x64) AppleWebKit/537.36 (KHTML, like Gecko) Chrome/81.0.4044.129 Safari/537.36"
103.134.24.227 - - [03/May/2020:06:15:17 +0000] "GET /assets/admin/pages/scripts/admin-login-forgot-validation.js HTTP/1.1" 200 1445 "http://3.14.10.249/index.php/backoffice/home/" "Mozilla/5.0 (Windows NT 6.1; Win64; x64) AppleWebKit/537.36 (KHTML, like Gecko) Chrome/81.0.4044.129 Safari/537.36"
103.134.24.227 - - [03/May/2020:06:15:17 +0000] "GET /assets/admin/plugins/jquery-1.11.0.min.js HTTP/1.1" 200 96383 "http://3.14.10.249/index.php/backoffice/home/" "Mozilla/5.0 (Windows NT 6.1; Win64; x64) AppleWebKit/537.36 (KHTML, like Gecko) Chrome/81.0.4044.129 Safari/537.36"
103.134.24.227 - - [03/May/2020:06:15:18 +0000] "GET /assets/admin/plugins/font-awesome/fonts/fontawesome-webfont.woff2?v=4.7.0 HTTP/1.1" 200 77160 "http://3.14.10.249/assets/admin/plugins/font-awesome/css/font-awesome.min.css" "Mozilla/5.0 (Windows NT 6.1; Win64; x64) AppleWebKit/537.36 (KHTML, like Gecko) Chrome/81.0.4044.129 Safari/537.36"
103.134.24.227 - - [03/May/2020:06:15:18 +0000] "GET /assets/admin/img/bg-login.png HTTP/1.1" 200 790271 "http://3.14.10.249/assets/admin/css/components.css" "Mozilla/5.0 (Windows NT 6.1; Win64; x64) AppleWebKit/537.36 (KHTML, like Gecko) Chrome/81.0.4044.129 Safari/537.36"
3.90.30.37 - - [03/May/2020:06:15:26 +0000] "GET /backoffice/home/ HTTP/1.1" 404 196 "-" "Slackbot-LinkExpanding 1.0 (+https://api.slack.com/robots)"
::1 - - [03/May/2020:06:15:32 +0000] "OPTIONS * HTTP/1.0" 200 - "-" "Apache/2.4.41 (Amazon) PHP/5.6.40 (internal dummy connection)"
34.87.156.61 - - [03/May/2020:06:24:43 +0000] "GET /backoffice/home/ HTTP/1.1" 404 196 "-" "Mozilla/5.0 (Windows NT 6.1; Win64; x64) AppleWebKit/537.36 (KHTML, like Gecko) Chrome/81.0.4044.129 Safari/537.36"
103.134.24.227 - - [03/May/2020:06:28:57 +0000] "GET /backoffice/home/ HTTP/1.1" 404 196 "-" "Mozilla/5.0 (Windows NT 6.1; Win64; x64) AppleWebKit/537.36 (KHTML, like Gecko) Chrome/81.0.4044.129 Safari/537.36"
162.221.222.241 - - [03/May/2020:06:34:10 +0000] "GET / HTTP/1.1" 200 24654 "-" "Mozilla/5.0 (Macintosh; Intel Mac OS X 10_15_4) AppleWebKit/537.36 (KHTML, like Gecko) Chrome/81.0.4044.129 Safari/537.36"
162.221.222.241 - - [03/May/2020:06:34:10 +0000] "GET /assets/front/css/bootstrap.min.css HTTP/1.1" 200 140936 "http://partners.thribby.com/" "Mozilla/5.0 (Macintosh; Intel Mac OS X 10_15_4) AppleWebKit/537.36 (KHTML, like Gecko) Chrome/81.0.4044.129 Safari/537.36"
162.221.222.241 - - [03/May/2020:06:34:10 +0000] "GET /assets/front/css/owl.carousel.min.css HTTP/1.1" 200 3351 "http://partners.thribby.com/" "Mozilla/5.0 (Macintosh; Intel Mac OS X 10_15_4) AppleWebKit/537.36 (KHTML, like Gecko) Chrome/81.0.4044.129 Safari/537.36"
162.221.222.241 - - [03/May/2020:06:34:10 +0000] "GET /assets/front/css/animate.css HTTP/1.1" 200 57095 "http://partners.thribby.com/" "Mozilla/5.0 (Macintosh; Intel Mac OS X 10_15_4) AppleWebKit/537.36 (KHTML, like Gecko) Chrome/81.0.4044.129 Safari/537.36"
162.221.222.241 - - [03/May/2020:06:34:10 +0000] "GET /assets/front/css/style.css HTTP/1.1" 200 24915 "http://partners.thribby.com/" "Mozilla/5.0 (Macintosh; Intel Mac OS X 10_15_4) AppleWebKit/537.36 (KHTML, like Gecko) Chrome/81.0.4044.129 Safari/537.36"
162.221.222.241 - - [03/May/2020:06:34:10 +0000] "GET /assets/front/css/responsive.css HTTP/1.1" 200 19142 "http://partners.thribby.com/" "Mozilla/5.0 (Macintosh; Intel Mac OS X 10_15_4) AppleWebKit/537.36 (KHTML, like Gecko) Chrome/81.0.4044.129 Safari/537.36"
162.221.222.241 - - [03/May/2020:06:34:10 +0000] "GET /assets/front/js/bootstrap.min.js HTTP/1.1" 200 51039 "http://partners.thribby.com/" "Mozilla/5.0 (Macintosh; Intel Mac OS X 10_15_4) AppleWebKit/537.36 (KHTML, like Gecko) Chrome/81.0.4044.129 Safari/537.36"
162.221.222.241 - - [03/May/2020:06:34:10 +0000] "GET /assets/front/js/owl.carousel.min.js HTTP/1.1" 200 44342 "http://partners.thribby.com/" "Mozilla/5.0 (Macintosh; Intel Mac OS X 10_15_4) AppleWebKit/537.36 (KHTML, like Gecko) Chrome/81.0.4044.129 Safari/537.36"
162.221.222.241 - - [03/May/2020:06:34:10 +0000] "GET /assets/front/images/logo.png HTTP/1.1" 200 8363 "http://partners.thribby.com/" "Mozilla/5.0 (Macintosh; Intel Mac OS X 10_15_4) AppleWebKit/537.36 (KHTML, like Gecko) Chrome/81.0.4044.129 Safari/537.36"
162.221.222.241 - - [03/May/2020:06:34:10 +0000] "GET /assets/front/js/wow.min.js HTTP/1.1" 200 8155 "http://partners.thribby.com/" "Mozilla/5.0 (Macintosh; Intel Mac OS X 10_15_4) AppleWebKit/537.36 (KHTML, like Gecko) Chrome/81.0.4044.129 Safari/537.36"
162.221.222.241 - - [03/May/2020:06:34:10 +0000] "GET /assets/front/images/item-2.png HTTP/1.1" 200 8836 "http://partners.thribby.com/" "Mozilla/5.0 (Macintosh; Intel Mac OS X 10_15_4) AppleWebKit/537.36 (KHTML, like Gecko) Chrome/81.0.4044.129 Safari/537.36"
162.221.222.241 - - [03/May/2020:06:34:10 +0000] "GET /assets/front/images/item-1.png HTTP/1.1" 200 44182 "http://partners.thribby.com/" "Mozilla/5.0 (Macintosh; Intel Mac OS X 10_15_4) AppleWebKit/537.36 (KHTML, like Gecko) Chrome/81.0.4044.129 Safari/537.36"
162.221.222.241 - - [03/May/2020:06:34:10 +0000] "GET /assets/front/images/item-3.png HTTP/1.1" 200 7767 "http://partners.thribby.com/" "Mozilla/5.0 (Macintosh; Intel Mac OS X 10_15_4) AppleWebKit/537.36 (KHTML, like Gecko) Chrome/81.0.4044.129 Safari/537.36"
162.221.222.241 - - [03/May/2020:06:34:10 +0000] "GET /assets/front/images/slider-bg.png HTTP/1.1" 200 52499 "http://partners.thribby.com/" "Mozilla/5.0 (Macintosh; Intel Mac OS X 10_15_4) AppleWebKit/537.36 (KHTML, like Gecko) Chrome/81.0.4044.129 Safari/537.36"
162.221.222.241 - - [03/May/2020:06:34:10 +0000] "GET /assets/front/images/screen1.png HTTP/1.1" 200 187757 "http://partners.thribby.com/" "Mozilla/5.0 (Macintosh; Intel Mac OS X 10_15_4) AppleWebKit/537.36 (KHTML, like Gecko) Chrome/81.0.4044.129 Safari/537.36"
162.221.222.241 - - [03/May/2020:06:34:10 +0000] "GET /assets/front/images/about-app-img.png HTTP/1.1" 200 356642 "http://partners.thribby.com/" "Mozilla/5.0 (Macintosh; Intel Mac OS X 10_15_4) AppleWebKit/537.36 (KHTML, like Gecko) Chrome/81.0.4044.129 Safari/537.36"
162.221.222.241 - - [03/May/2020:06:34:10 +0000] "GET /assets/front/images/booking-availability.jpg HTTP/1.1" 200 125597 "http://partners.thribby.com/" "Mozilla/5.0 (Macintosh; Intel Mac OS X 10_15_4) AppleWebKit/537.36 (KHTML, like Gecko) Chrome/81.0.4044.129 Safari/537.36"
162.221.222.241 - - [03/May/2020:06:34:10 +0000] "GET /assets/front/images/side%20menu.jpg HTTP/1.1" 200 107515 "http://partners.thribby.com/" "Mozilla/5.0 (Macintosh; Intel Mac OS X 10_15_4) AppleWebKit/537.36 (KHTML, like Gecko) Chrome/81.0.4044.129 Safari/537.36"
162.221.222.241 - - [03/May/2020:06:34:10 +0000] "GET /assets/front/images/event-book.png HTTP/1.1" 200 388984 "http://partners.thribby.com/" "Mozilla/5.0 (Macintosh; Intel Mac OS X 10_15_4) AppleWebKit/537.36 (KHTML, like Gecko) Chrome/81.0.4044.129 Safari/537.36"
162.221.222.241 - - [03/May/2020:06:34:10 +0000] "GET /assets/front/images/banner-phone.png HTTP/1.1" 200 364010 "http://partners.thribby.com/" "Mozilla/5.0 (Macintosh; Intel Mac OS X 10_15_4) AppleWebKit/537.36 (KHTML, like Gecko) Chrome/81.0.4044.129 Safari/537.36"
162.221.222.241 - - [03/May/2020:06:34:10 +0000] "GET /assets/front/images/order.jpg HTTP/1.1" 200 83108 "http://partners.thribby.com/" "Mozilla/5.0 (Macintosh; Intel Mac OS X 10_15_4) AppleWebKit/537.36 (KHTML, like Gecko) Chrome/81.0.4044.129 Safari/537.36"
162.221.222.241 - - [03/May/2020:06:34:10 +0000] "GET /assets/front/images/login.jpg HTTP/1.1" 200 25199 "http://partners.thribby.com/" "Mozilla/5.0 (Macintosh; Intel Mac OS X 10_15_4) AppleWebKit/537.36 (KHTML, like Gecko) Chrome/81.0.4044.129 Safari/537.36"
162.221.222.241 - - [03/May/2020:06:34:10 +0000] "GET /assets/front/images/feature-img.png HTTP/1.1" 200 301940 "http://partners.thribby.com/" "Mozilla/5.0 (Macintosh; Intel Mac OS X 10_15_4) AppleWebKit/537.36 (KHTML, like Gecko) Chrome/81.0.4044.129 Safari/537.36"
162.221.222.241 - - [03/May/2020:06:34:10 +0000] "GET /assets/front/images/item-4.png HTTP/1.1" 200 2028 "http://partners.thribby.com/" "Mozilla/5.0 (Macintosh; Intel Mac OS X 10_15_4) AppleWebKit/537.36 (KHTML, like Gecko) Chrome/81.0.4044.129 Safari/537.36"
162.221.222.241 - - [03/May/2020:06:34:10 +0000] "GET /assets/front/images/item-5.png HTTP/1.1" 200 2799 "http://partners.thribby.com/" "Mozilla/5.0 (Macintosh; Intel Mac OS X 10_15_4) AppleWebKit/537.36 (KHTML, like Gecko) Chrome/81.0.4044.129 Safari/537.36"
162.221.222.241 - - [03/May/2020:06:34:10 +0000] "GET /assets/front/images/item-6.png HTTP/1.1" 200 25409 "http://partners.thribby.com/" "Mozilla/5.0 (Macintosh; Intel Mac OS X 10_15_4) AppleWebKit/537.36 (KHTML, like Gecko) Chrome/81.0.4044.129 Safari/537.36"
162.221.222.241 - - [03/May/2020:06:34:10 +0000] "GET /assets/front/images/down-arrow.png HTTP/1.1" 200 3414 "http://partners.thribby.com/assets/front/css/style.css" "Mozilla/5.0 (Macintosh; Intel Mac OS X 10_15_4) AppleWebKit/537.36 (KHTML, like Gecko) Chrome/81.0.4044.129 Safari/537.36"
162.221.222.241 - - [03/May/2020:06:34:10 +0000] "GET /assets/front/images/sprite.jpg HTTP/1.1" 200 33236 "http://partners.thribby.com/assets/front/css/style.css" "Mozilla/5.0 (Macintosh; Intel Mac OS X 10_15_4) AppleWebKit/537.36 (KHTML, like Gecko) Chrome/81.0.4044.129 Safari/537.36"
162.221.222.241 - - [03/May/2020:06:34:10 +0000] "GET /assets/front/images/test-image.png HTTP/1.1" 200 290439 "http://partners.thribby.com/" "Mozilla/5.0 (Macintosh; Intel Mac OS X 10_15_4) AppleWebKit/537.36 (KHTML, like Gecko) Chrome/81.0.4044.129 Safari/537.36"
162.221.222.241 - - [03/May/2020:06:34:10 +0000] "GET /assets/front/images/text-quote.png HTTP/1.1" 200 1584 "http://partners.thribby.com/assets/front/css/style.css" "Mozilla/5.0 (Macintosh; Intel Mac OS X 10_15_4) AppleWebKit/537.36 (KHTML, like Gecko) Chrome/81.0.4044.129 Safari/537.36"
162.221.222.241 - - [03/May/2020:06:34:10 +0000] "GET /assets/front/images/slider-arrow.png HTTP/1.1" 200 3718 "http://partners.thribby.com/assets/front/css/style.css" "Mozilla/5.0 (Macintosh; Intel Mac OS X 10_15_4) AppleWebKit/537.36 (KHTML, like Gecko) Chrome/81.0.4044.129 Safari/537.36"
162.221.222.241 - - [03/May/2020:06:34:10 +0000] "GET /assets/front/images/banner.png HTTP/1.1" 200 1122198 "http://partners.thribby.com/assets/front/css/style.css" "Mozilla/5.0 (Macintosh; Intel Mac OS X 10_15_4) AppleWebKit/537.36 (KHTML, like Gecko) Chrome/81.0.4044.129 Safari/537.36"
162.221.222.241 - - [03/May/2020:06:34:10 +0000] "GET /assets/front/images/contact-icons.png HTTP/1.1" 200 5543387 "http://partners.thribby.com/assets/front/css/style.css" "Mozilla/5.0 (Macintosh; Intel Mac OS X 10_15_4) AppleWebKit/537.36 (KHTML, like Gecko) Chrome/81.0.4044.129 Safari/537.36"
162.221.222.241 - - [03/May/2020:06:34:11 +0000] "GET /assets/admin/img/favicon.png HTTP/1.1" 200 2641 "http://partners.thribby.com/" "Mozilla/5.0 (Macintosh; Intel Mac OS X 10_15_4) AppleWebKit/537.36 (KHTML, like Gecko) Chrome/81.0.4044.129 Safari/537.36"
::1 - - [03/May/2020:06:34:18 +0000] "OPTIONS * HTTP/1.0" 200 - "-" "Apache/2.4.41 (Amazon) PHP/5.6.40 (internal dummy connection)"
::1 - - [03/May/2020:06:34:19 +0000] "OPTIONS * HTTP/1.0" 200 - "-" "Apache/2.4.41 (Amazon) PHP/5.6.40 (internal dummy connection)"
103.134.24.227 - - [03/May/2020:06:34:19 +0000] "GET /backoffice/home/ HTTP/1.1" 200 4271 "-" "Mozilla/5.0 (Windows NT 6.1; Win64; x64) AppleWebKit/537.36 (KHTML, like Gecko) Chrome/81.0.4044.129 Safari/537.36"
::1 - - [03/May/2020:06:34:27 +0000] "OPTIONS * HTTP/1.0" 200 - "-" "Apache/2.4.41 (Amazon) PHP/5.6.40 (internal dummy connection)"
162.221.222.241 - - [03/May/2020:06:35:24 +0000] "GET /backoffice/home HTTP/1.1" 200 4406 "-" "Mozilla/5.0 (Macintosh; Intel Mac OS X 10_15_4) AppleWebKit/537.36 (KHTML, like Gecko) Chrome/81.0.4044.129 Safari/537.36"
162.221.222.241 - - [03/May/2020:06:35:24 +0000] "GET /assets/admin/plugins/font-awesome/css/font-awesome.min.css HTTP/1.1" 200 31000 "http://partners.thribby.com/backoffice/home" "Mozilla/5.0 (Macintosh; Intel Mac OS X 10_15_4) AppleWebKit/537.36 (KHTML, like Gecko) Chrome/81.0.4044.129 Safari/537.36"
162.221.222.241 - - [03/May/2020:06:35:24 +0000] "GET /assets/admin/layout/css/custom.css HTTP/1.1" 200 19979 "http://partners.thribby.com/backoffice/home" "Mozilla/5.0 (Macintosh; Intel Mac OS X 10_15_4) AppleWebKit/537.36 (KHTML, like Gecko) Chrome/81.0.4044.129 Safari/537.36"
162.221.222.241 - - [03/May/2020:06:35:24 +0000] "GET /assets/admin/css/login.css HTTP/1.1" 200 3480 "http://partners.thribby.com/backoffice/home" "Mozilla/5.0 (Macintosh; Intel Mac OS X 10_15_4) AppleWebKit/537.36 (KHTML, like Gecko) Chrome/81.0.4044.129 Safari/537.36"
162.221.222.241 - - [03/May/2020:06:35:24 +0000] "GET /assets/admin/plugins/bootstrap/js/bootstrap.min.js HTTP/1.1" 200 29110 "http://partners.thribby.com/backoffice/home" "Mozilla/5.0 (Macintosh; Intel Mac OS X 10_15_4) AppleWebKit/537.36 (KHTML, like Gecko) Chrome/81.0.4044.129 Safari/537.36"
162.221.222.241 - - [03/May/2020:06:35:25 +0000] "GET /assets/admin/plugins/jquery-validation/js/jquery.validate.min.js HTTP/1.1" 200 20806 "http://partners.thribby.com/backoffice/home" "Mozilla/5.0 (Macintosh; Intel Mac OS X 10_15_4) AppleWebKit/537.36 (KHTML, like Gecko) Chrome/81.0.4044.129 Safari/537.36"
162.221.222.241 - - [03/May/2020:06:35:24 +0000] "GET /assets/admin/plugins/bootstrap/css/bootstrap.min.css HTTP/1.1" 200 99961 "http://partners.thribby.com/backoffice/home" "Mozilla/5.0 (Macintosh; Intel Mac OS X 10_15_4) AppleWebKit/537.36 (KHTML, like Gecko) Chrome/81.0.4044.129 Safari/537.36"
162.221.222.241 - - [03/May/2020:06:35:24 +0000] "GET /assets/admin/plugins/jquery-1.11.0.min.js HTTP/1.1" 200 96383 "http://partners.thribby.com/backoffice/home" "Mozilla/5.0 (Macintosh; Intel Mac OS X 10_15_4) AppleWebKit/537.36 (KHTML, like Gecko) Chrome/81.0.4044.129 Safari/537.36"
162.221.222.241 - - [03/May/2020:06:35:25 +0000] "GET /assets/admin/pages/scripts/admin-login-forgot-validation.js HTTP/1.1" 200 1445 "http://partners.thribby.com/backoffice/home" "Mozilla/5.0 (Macintosh; Intel Mac OS X 10_15_4) AppleWebKit/537.36 (KHTML, like Gecko) Chrome/81.0.4044.129 Safari/537.36"
162.221.222.241 - - [03/May/2020:06:35:25 +0000] "GET /assets/admin/img/logo.png HTTP/1.1" 200 14276 "http://partners.thribby.com/backoffice/home" "Mozilla/5.0 (Macintosh; Intel Mac OS X 10_15_4) AppleWebKit/537.36 (KHTML, like Gecko) Chrome/81.0.4044.129 Safari/537.36"
162.221.222.241 - - [03/May/2020:06:35:24 +0000] "GET /assets/admin/css/components.css HTTP/1.1" 200 213737 "http://partners.thribby.com/backoffice/home" "Mozilla/5.0 (Macintosh; Intel Mac OS X 10_15_4) AppleWebKit/537.36 (KHTML, like Gecko) Chrome/81.0.4044.129 Safari/537.36"
162.221.222.241 - - [03/May/2020:06:35:25 +0000] "GET /assets/admin/plugins/font-awesome/fonts/fontawesome-webfont.woff2?v=4.7.0 HTTP/1.1" 200 77160 "http://partners.thribby.com/assets/admin/plugins/font-awesome/css/font-awesome.min.css" "Mozilla/5.0 (Macintosh; Intel Mac OS X 10_15_4) AppleWebKit/537.36 (KHTML, like Gecko) Chrome/81.0.4044.129 Safari/537.36"
162.221.222.241 - - [03/May/2020:06:35:25 +0000] "GET /assets/admin/img/bg-login.png HTTP/1.1" 200 790271 "http://partners.thribby.com/assets/admin/css/components.css" "Mozilla/5.0 (Macintosh; Intel Mac OS X 10_15_4) AppleWebKit/537.36 (KHTML, like Gecko) Chrome/81.0.4044.129 Safari/537.36"
::1 - - [03/May/2020:06:35:33 +0000] "OPTIONS * HTTP/1.0" 200 - "-" "Apache/2.4.41 (Amazon) PHP/5.6.40 (internal dummy connection)"
162.221.222.241 - - [03/May/2020:06:35:40 +0000] "POST /backoffice/home/do_login HTTP/1.1" 200 4517 "http://partners.thribby.com/backoffice/home" "Mozilla/5.0 (Macintosh; Intel Mac OS X 10_15_4) AppleWebKit/537.36 (KHTML, like Gecko) Chrome/81.0.4044.129 Safari/537.36"
103.134.24.227 - - [03/May/2020:06:36:40 +0000] "GET /backoffice/home/ HTTP/1.1" 200 4406 "-" "Mozilla/5.0 (Windows NT 6.1; Win64; x64) AppleWebKit/537.36 (KHTML, like Gecko) Chrome/81.0.4044.129 Safari/537.36"
103.134.24.227 - - [03/May/2020:06:36:41 +0000] "GET /assets/admin/plugins/font-awesome/css/font-awesome.min.css HTTP/1.1" 200 31000 "http://partners.thribby.com/backoffice/home/" "Mozilla/5.0 (Windows NT 6.1; Win64; x64) AppleWebKit/537.36 (KHTML, like Gecko) Chrome/81.0.4044.129 Safari/537.36"
103.134.24.227 - - [03/May/2020:06:36:41 +0000] "GET /assets/admin/css/login.css HTTP/1.1" 200 3480 "http://partners.thribby.com/backoffice/home/" "Mozilla/5.0 (Windows NT 6.1; Win64; x64) AppleWebKit/537.36 (KHTML, like Gecko) Chrome/81.0.4044.129 Safari/537.36"
103.134.24.227 - - [03/May/2020:06:36:42 +0000] "GET /assets/admin/layout/css/custom.css HTTP/1.1" 200 19979 "http://partners.thribby.com/backoffice/home/" "Mozilla/5.0 (Windows NT 6.1; Win64; x64) AppleWebKit/537.36 (KHTML, like Gecko) Chrome/81.0.4044.129 Safari/537.36"
103.134.24.227 - - [03/May/2020:06:36:41 +0000] "GET /assets/admin/plugins/bootstrap/css/bootstrap.min.css HTTP/1.1" 200 99961 "http://partners.thribby.com/backoffice/home/" "Mozilla/5.0 (Windows NT 6.1; Win64; x64) AppleWebKit/537.36 (KHTML, like Gecko) Chrome/81.0.4044.129 Safari/537.36"
103.134.24.227 - - [03/May/2020:06:36:42 +0000] "GET /assets/admin/plugins/bootstrap/js/bootstrap.min.js HTTP/1.1" 200 29110 "http://partners.thribby.com/backoffice/home/" "Mozilla/5.0 (Windows NT 6.1; Win64; x64) AppleWebKit/537.36 (KHTML, like Gecko) Chrome/81.0.4044.129 Safari/537.36"
103.134.24.227 - - [03/May/2020:06:36:42 +0000] "GET /assets/admin/plugins/jquery-1.11.0.min.js HTTP/1.1" 200 96383 "http://partners.thribby.com/backoffice/home/" "Mozilla/5.0 (Windows NT 6.1; Win64; x64) AppleWebKit/537.36 (KHTML, like Gecko) Chrome/81.0.4044.129 Safari/537.36"
103.134.24.227 - - [03/May/2020:06:36:42 +0000] "GET /assets/admin/plugins/jquery-validation/js/jquery.validate.min.js HTTP/1.1" 200 20806 "http://partners.thribby.com/backoffice/home/" "Mozilla/5.0 (Windows NT 6.1; Win64; x64) AppleWebKit/537.36 (KHTML, like Gecko) Chrome/81.0.4044.129 Safari/537.36"
103.134.24.227 - - [03/May/2020:06:36:42 +0000] "GET /assets/admin/css/components.css HTTP/1.1" 200 213737 "http://partners.thribby.com/backoffice/home/" "Mozilla/5.0 (Windows NT 6.1; Win64; x64) AppleWebKit/537.36 (KHTML, like Gecko) Chrome/81.0.4044.129 Safari/537.36"
103.134.24.227 - - [03/May/2020:06:36:43 +0000] "GET /assets/admin/pages/scripts/admin-login-forgot-validation.js HTTP/1.1" 200 1445 "http://partners.thribby.com/backoffice/home/" "Mozilla/5.0 (Windows NT 6.1; Win64; x64) AppleWebKit/537.36 (KHTML, like Gecko) Chrome/81.0.4044.129 Safari/537.36"
103.134.24.227 - - [03/May/2020:06:36:43 +0000] "GET /assets/admin/img/logo.png HTTP/1.1" 200 14276 "http://partners.thribby.com/backoffice/home/" "Mozilla/5.0 (Windows NT 6.1; Win64; x64) AppleWebKit/537.36 (KHTML, like Gecko) Chrome/81.0.4044.129 Safari/537.36"
103.134.24.227 - - [03/May/2020:06:36:44 +0000] "GET /assets/admin/plugins/font-awesome/fonts/fontawesome-webfont.woff2?v=4.7.0 HTTP/1.1" 200 77160 "http://partners.thribby.com/assets/admin/plugins/font-awesome/css/font-awesome.min.css" "Mozilla/5.0 (Windows NT 6.1; Win64; x64) AppleWebKit/537.36 (KHTML, like Gecko) Chrome/81.0.4044.129 Safari/537.36"
103.134.24.227 - - [03/May/2020:06:36:44 +0000] "GET /assets/admin/img/bg-login.png HTTP/1.1" 200 790271 "http://partners.thribby.com/assets/admin/css/components.css" "Mozilla/5.0 (Windows NT 6.1; Win64; x64) AppleWebKit/537.36 (KHTML, like Gecko) Chrome/81.0.4044.129 Safari/537.36"
103.134.24.227 - - [03/May/2020:06:36:48 +0000] "GET /assets/admin/img/favicon.png HTTP/1.1" 200 2641 "http://partners.thribby.com/backoffice/home/" "Mozilla/5.0 (Windows NT 6.1; Win64; x64) AppleWebKit/537.36 (KHTML, like Gecko) Chrome/81.0.4044.129 Safari/537.36"
54.174.181.94 - - [03/May/2020:06:36:52 +0000] "GET /backoffice/home/ HTTP/1.1" 206 4406 "-" "Slackbot-LinkExpanding 1.0 (+https://api.slack.com/robots)"
54.174.181.94 - - [03/May/2020:06:36:52 +0000] "GET /favicon.ico HTTP/1.1" 404 1130 "-" "Slackbot 1.0 (+https://api.slack.com/robots)"
162.221.222.241 - - [03/May/2020:06:36:53 +0000] "GET /backoffice/home/ HTTP/1.1" 200 4406 "-" "Mozilla/5.0 (Macintosh; Intel Mac OS X 10_15_4) AppleWebKit/537.36 (KHTML, like Gecko) Chrome/81.0.4044.129 Safari/537.36"
162.221.222.241 - - [03/May/2020:06:36:54 +0000] "GET /assets/admin/plugins/font-awesome/css/font-awesome.min.css HTTP/1.1" 200 31000 "http://partners.thribby.com/backoffice/home/" "Mozilla/5.0 (Macintosh; Intel Mac OS X 10_15_4) AppleWebKit/537.36 (KHTML, like Gecko) Chrome/81.0.4044.129 Safari/537.36"
162.221.222.241 - - [03/May/2020:06:36:54 +0000] "GET /assets/admin/css/login.css HTTP/1.1" 200 3480 "http://partners.thribby.com/backoffice/home/" "Mozilla/5.0 (Macintosh; Intel Mac OS X 10_15_4) AppleWebKit/537.36 (KHTML, like Gecko) Chrome/81.0.4044.129 Safari/537.36"
162.221.222.241 - - [03/May/2020:06:36:54 +0000] "GET /assets/admin/layout/css/custom.css HTTP/1.1" 200 19979 "http://partners.thribby.com/backoffice/home/" "Mozilla/5.0 (Macintosh; Intel Mac OS X 10_15_4) AppleWebKit/537.36 (KHTML, like Gecko) Chrome/81.0.4044.129 Safari/537.36"
162.221.222.241 - - [03/May/2020:06:36:54 +0000] "GET /assets/admin/plugins/bootstrap/css/bootstrap.min.css HTTP/1.1" 200 99961 "http://partners.thribby.com/backoffice/home/" "Mozilla/5.0 (Macintosh; Intel Mac OS X 10_15_4) AppleWebKit/537.36 (KHTML, like Gecko) Chrome/81.0.4044.129 Safari/537.36"
162.221.222.241 - - [03/May/2020:06:36:54 +0000] "GET /assets/admin/css/components.css HTTP/1.1" 200 213737 "http://partners.thribby.com/backoffice/home/" "Mozilla/5.0 (Macintosh; Intel Mac OS X 10_15_4) AppleWebKit/537.36 (KHTML, like Gecko) Chrome/81.0.4044.129 Safari/537.36"
162.221.222.241 - - [03/May/2020:06:36:54 +0000] "GET /assets/admin/plugins/jquery-1.11.0.min.js HTTP/1.1" 200 96383 "http://partners.thribby.com/backoffice/home/" "Mozilla/5.0 (Macintosh; Intel Mac OS X 10_15_4) AppleWebKit/537.36 (KHTML, like Gecko) Chrome/81.0.4044.129 Safari/537.36"
162.221.222.241 - - [03/May/2020:06:36:54 +0000] "GET /assets/admin/plugins/bootstrap/js/bootstrap.min.js HTTP/1.1" 200 29110 "http://partners.thribby.com/backoffice/home/" "Mozilla/5.0 (Macintosh; Intel Mac OS X 10_15_4) AppleWebKit/537.36 (KHTML, like Gecko) Chrome/81.0.4044.129 Safari/537.36"
162.221.222.241 - - [03/May/2020:06:36:54 +0000] "GET /assets/admin/plugins/jquery-validation/js/jquery.validate.min.js HTTP/1.1" 200 20806 "http://partners.thribby.com/backoffice/home/" "Mozilla/5.0 (Macintosh; Intel Mac OS X 10_15_4) AppleWebKit/537.36 (KHTML, like Gecko) Chrome/81.0.4044.129 Safari/537.36"
162.221.222.241 - - [03/May/2020:06:36:54 +0000] "GET /assets/admin/pages/scripts/admin-login-forgot-validation.js HTTP/1.1" 200 1445 "http://partners.thribby.com/backoffice/home/" "Mozilla/5.0 (Macintosh; Intel Mac OS X 10_15_4) AppleWebKit/537.36 (KHTML, like Gecko) Chrome/81.0.4044.129 Safari/537.36"
162.221.222.241 - - [03/May/2020:06:36:54 +0000] "GET /assets/admin/img/logo.png HTTP/1.1" 200 14276 "http://partners.thribby.com/backoffice/home/" "Mozilla/5.0 (Macintosh; Intel Mac OS X 10_15_4) AppleWebKit/537.36 (KHTML, like Gecko) Chrome/81.0.4044.129 Safari/537.36"
162.221.222.241 - - [03/May/2020:06:36:55 +0000] "GET /assets/admin/plugins/font-awesome/fonts/fontawesome-webfont.woff2?v=4.7.0 HTTP/1.1" 200 77160 "http://partners.thribby.com/assets/admin/plugins/font-awesome/css/font-awesome.min.css" "Mozilla/5.0 (Macintosh; Intel Mac OS X 10_15_4) AppleWebKit/537.36 (KHTML, like Gecko) Chrome/81.0.4044.129 Safari/537.36"
162.221.222.241 - - [03/May/2020:06:36:54 +0000] "GET /assets/admin/img/bg-login.png HTTP/1.1" 200 790271 "http://partners.thribby.com/assets/admin/css/components.css" "Mozilla/5.0 (Macintosh; Intel Mac OS X 10_15_4) AppleWebKit/537.36 (KHTML, like Gecko) Chrome/81.0.4044.129 Safari/537.36"
162.221.222.241 - - [03/May/2020:06:36:55 +0000] "GET /assets/admin/img/favicon.png HTTP/1.1" 200 2641 "http://partners.thribby.com/backoffice/home/" "Mozilla/5.0 (Macintosh; Intel Mac OS X 10_15_4) AppleWebKit/537.36 (KHTML, like Gecko) Chrome/81.0.4044.129 Safari/537.36"
::1 - - [03/May/2020:06:37:02 +0000] "OPTIONS * HTTP/1.0" 200 - "-" "Apache/2.4.41 (Amazon) PHP/5.6.40 (internal dummy connection)"
::1 - - [03/May/2020:06:37:03 +0000] "OPTIONS * HTTP/1.0" 200 - "-" "Apache/2.4.41 (Amazon) PHP/5.6.40 (internal dummy connection)"
162.221.222.241 - - [03/May/2020:06:37:16 +0000] "POST /backoffice/home/do_login HTTP/1.1" 303 - "http://partners.thribby.com/backoffice/home/" "Mozilla/5.0 (Macintosh; Intel Mac OS X 10_15_4) AppleWebKit/537.36 (KHTML, like Gecko) Chrome/81.0.4044.129 Safari/537.36"
162.221.222.241 - - [03/May/2020:06:37:16 +0000] "GET /backoffice/dashboard HTTP/1.1" 500 1274 "http://partners.thribby.com/backoffice/home/" "Mozilla/5.0 (Macintosh; Intel Mac OS X 10_15_4) AppleWebKit/537.36 (KHTML, like Gecko) Chrome/81.0.4044.129 Safari/537.36"
162.221.222.241 - - [03/May/2020:06:37:17 +0000] "GET /favicon.ico HTTP/1.1" 404 1130 "http://partners.thribby.com/backoffice/dashboard" "Mozilla/5.0 (Macintosh; Intel Mac OS X 10_15_4) AppleWebKit/537.36 (KHTML, like Gecko) Chrome/81.0.4044.129 Safari/537.36"
172.90.6.182 - - [03/May/2020:06:37:38 +0000] "GET /backoffice/home/ HTTP/1.1" 200 4406 "-" "Mozilla/5.0 (Macintosh; Intel Mac OS X 10_14_6) AppleWebKit/537.36 (KHTML, like Gecko) Chrome/81.0.4044.129 Safari/537.36"
172.90.6.182 - - [03/May/2020:06:37:38 +0000] "GET /assets/admin/plugins/font-awesome/css/font-awesome.min.css HTTP/1.1" 200 31000 "http://partners.thribby.com/backoffice/home/" "Mozilla/5.0 (Macintosh; Intel Mac OS X 10_14_6) AppleWebKit/537.36 (KHTML, like Gecko) Chrome/81.0.4044.129 Safari/537.36"
172.90.6.182 - - [03/May/2020:06:37:38 +0000] "GET /assets/admin/css/login.css HTTP/1.1" 200 3480 "http://partners.thribby.com/backoffice/home/" "Mozilla/5.0 (Macintosh; Intel Mac OS X 10_14_6) AppleWebKit/537.36 (KHTML, like Gecko) Chrome/81.0.4044.129 Safari/537.36"
172.90.6.182 - - [03/May/2020:06:37:38 +0000] "GET /assets/admin/layout/css/custom.css HTTP/1.1" 200 19979 "http://partners.thribby.com/backoffice/home/" "Mozilla/5.0 (Macintosh; Intel Mac OS X 10_14_6) AppleWebKit/537.36 (KHTML, like Gecko) Chrome/81.0.4044.129 Safari/537.36"
172.90.6.182 - - [03/May/2020:06:37:38 +0000] "GET /assets/admin/plugins/bootstrap/js/bootstrap.min.js HTTP/1.1" 200 29110 "http://partners.thribby.com/backoffice/home/" "Mozilla/5.0 (Macintosh; Intel Mac OS X 10_14_6) AppleWebKit/537.36 (KHTML, like Gecko) Chrome/81.0.4044.129 Safari/537.36"
172.90.6.182 - - [03/May/2020:06:37:38 +0000] "GET /assets/admin/plugins/bootstrap/css/bootstrap.min.css HTTP/1.1" 200 99961 "http://partners.thribby.com/backoffice/home/" "Mozilla/5.0 (Macintosh; Intel Mac OS X 10_14_6) AppleWebKit/537.36 (KHTML, like Gecko) Chrome/81.0.4044.129 Safari/537.36"
172.90.6.182 - - [03/May/2020:06:37:38 +0000] "GET /assets/admin/plugins/jquery-validation/js/jquery.validate.min.js HTTP/1.1" 200 20806 "http://partners.thribby.com/backoffice/home/" "Mozilla/5.0 (Macintosh; Intel Mac OS X 10_14_6) AppleWebKit/537.36 (KHTML, like Gecko) Chrome/81.0.4044.129 Safari/537.36"
172.90.6.182 - - [03/May/2020:06:37:38 +0000] "GET /assets/admin/pages/scripts/admin-login-forgot-validation.js HTTP/1.1" 200 1445 "http://partners.thribby.com/backoffice/home/" "Mozilla/5.0 (Macintosh; Intel Mac OS X 10_14_6) AppleWebKit/537.36 (KHTML, like Gecko) Chrome/81.0.4044.129 Safari/537.36"
172.90.6.182 - - [03/May/2020:06:37:38 +0000] "GET /assets/admin/css/components.css HTTP/1.1" 200 213737 "http://partners.thribby.com/backoffice/home/" "Mozilla/5.0 (Macintosh; Intel Mac OS X 10_14_6) AppleWebKit/537.36 (KHTML, like Gecko) Chrome/81.0.4044.129 Safari/537.36"
172.90.6.182 - - [03/May/2020:06:37:38 +0000] "GET /assets/admin/plugins/jquery-1.11.0.min.js HTTP/1.1" 200 96383 "http://partners.thribby.com/backoffice/home/" "Mozilla/5.0 (Macintosh; Intel Mac OS X 10_14_6) AppleWebKit/537.36 (KHTML, like Gecko) Chrome/81.0.4044.129 Safari/537.36"
172.90.6.182 - - [03/May/2020:06:37:38 +0000] "GET /assets/admin/img/logo.png HTTP/1.1" 200 14276 "http://partners.thribby.com/backoffice/home/" "Mozilla/5.0 (Macintosh; Intel Mac OS X 10_14_6) AppleWebKit/537.36 (KHTML, like Gecko) Chrome/81.0.4044.129 Safari/537.36"
172.90.6.182 - - [03/May/2020:06:37:39 +0000] "GET /assets/admin/img/bg-login.png HTTP/1.1" 200 790271 "http://partners.thribby.com/assets/admin/css/components.css" "Mozilla/5.0 (Macintosh; Intel Mac OS X 10_14_6) AppleWebKit/537.36 (KHTML, like Gecko) Chrome/81.0.4044.129 Safari/537.36"
172.90.6.182 - - [03/May/2020:06:37:39 +0000] "GET /assets/admin/plugins/font-awesome/fonts/fontawesome-webfont.woff2?v=4.7.0 HTTP/1.1" 200 77160 "http://partners.thribby.com/assets/admin/plugins/font-awesome/css/font-awesome.min.css" "Mozilla/5.0 (Macintosh; Intel Mac OS X 10_14_6) AppleWebKit/537.36 (KHTML, like Gecko) Chrome/81.0.4044.129 Safari/537.36"
172.90.6.182 - - [03/May/2020:06:37:39 +0000] "GET /assets/admin/img/favicon.png HTTP/1.1" 200 2641 "http://partners.thribby.com/backoffice/home/" "Mozilla/5.0 (Macintosh; Intel Mac OS X 10_14_6) AppleWebKit/537.36 (KHTML, like Gecko) Chrome/81.0.4044.129 Safari/537.36"
103.134.24.227 - - [03/May/2020:06:40:21 +0000] "GET /backoffice/home/ HTTP/1.1" 404 196 "-" "Mozilla/5.0 (Windows NT 6.1; Win64; x64) AppleWebKit/537.36 (KHTML, like Gecko) Chrome/81.0.4044.129 Safari/537.36"
103.134.24.227 - - [03/May/2020:06:40:21 +0000] "GET /favicon.ico HTTP/1.1" 404 196 "http://partners.thribby.com/backoffice/home/" "Mozilla/5.0 (Windows NT 6.1; Win64; x64) AppleWebKit/537.36 (KHTML, like Gecko) Chrome/81.0.4044.129 Safari/537.36"
103.134.24.227 - - [03/May/2020:06:41:03 +0000] "GET /backoffice/home/ HTTP/1.1" 200 4406 "-" "Mozilla/5.0 (Windows NT 6.1; Win64; x64) AppleWebKit/537.36 (KHTML, like Gecko) Chrome/81.0.4044.129 Safari/537.36"
103.134.24.227 - - [03/May/2020:06:41:03 +0000] "GET /assets/admin/img/favicon.png HTTP/1.1" 200 2641 "http://partners.thribby.com/backoffice/home/" "Mozilla/5.0 (Windows NT 6.1; Win64; x64) AppleWebKit/537.36 (KHTML, like Gecko) Chrome/81.0.4044.129 Safari/537.36"
103.134.24.227 - - [03/May/2020:06:44:07 +0000] "POST /backoffice/home/do_login HTTP/1.1" 303 - "http://partners.thribby.com/backoffice/home/" "Mozilla/5.0 (Windows NT 6.1; Win64; x64) AppleWebKit/537.36 (KHTML, like Gecko) Chrome/81.0.4044.129 Safari/537.36"
103.134.24.227 - - [03/May/2020:06:44:08 +0000] "GET /backoffice/dashboard HTTP/1.1" 500 1274 "http://partners.thribby.com/backoffice/home/" "Mozilla/5.0 (Windows NT 6.1; Win64; x64) AppleWebKit/537.36 (KHTML, like Gecko) Chrome/81.0.4044.129 Safari/537.36"
88.99.195.207 - - [03/May/2020:06:48:24 +0000] "GET /robots.txt HTTP/1.1" 404 1130 "-" "Mozilla/5.0 (X11; U; Linux x86_64; en-GB; rv:1.9.0.9) Gecko/2009042113 Ubuntu/8.10 (intrepid) Firefox/52.5.0"
88.99.195.207 - - [03/May/2020:06:48:25 +0000] "GET / HTTP/1.1" 200 24654 "-" "Mozilla/5.0 (X11; U; Linux x86_64; en-GB; rv:1.9.0.9) Gecko/2009042113 Ubuntu/8.10 (intrepid) Firefox/52.5.0"
162.221.222.241 - - [03/May/2020:06:54:48 +0000] "POST /backoffice/home/do_login HTTP/1.1" 303 - "http://partners.thribby.com/backoffice/home/do_login" "Mozilla/5.0 (Macintosh; Intel Mac OS X 10_15_4) AppleWebKit/537.36 (KHTML, like Gecko) Chrome/81.0.4044.129 Safari/537.36"
162.221.222.241 - - [03/May/2020:06:54:48 +0000] "GET /backoffice/dashboard HTTP/1.1" 500 1274 "http://partners.thribby.com/backoffice/home/do_login" "Mozilla/5.0 (Macintosh; Intel Mac OS X 10_15_4) AppleWebKit/537.36 (KHTML, like Gecko) Chrome/81.0.4044.129 Safari/537.36"
